******************************************************************************
               TMS320C6x Linker PC v8.3.3                      
******************************************************************************
>> Linked Tue Jul 27 12:32:28 2021

OUTPUT FILE NAME:   <xwr18xx_mmw_demo_dss_isk.xe674>
ENTRY POINT SYMBOL: "_c_int00"  address: 007fe3e0


MEMORY CONFIGURATION

         name            origin    length      used     unused   attr    fill
----------------------  --------  ---------  --------  --------  ----  --------
PAGE 0:
  L2SRAM_UMAP1          007e0000   00020000  00020000  00000000  RWIX
  L2SRAM_UMAP0          00800000   00020000  0001e5b0  00001a50  RWIX
  L1PSRAM               00e00000   00004000  00000000  00004000  RWIX
  L1DSRAM               00f00000   00004000  00000000  00004000  RWIX
  L3SRAM                20000000   000c0000  000c0000  00000000  RWIX
  HWA_RAM               21030000   00010000  00000000  00010000  RWIX
  HSRAM                 21080000   00008000  00008000  00000000  RWIX

PAGE 1:
  L3SRAM                20000000   000c0000  00000000  000c0000  RWIX


SEGMENT ALLOCATION MAP

run origin  load origin   length   init length attrs members
----------  ----------- ---------- ----------- ----- -------
007e0000    007e0000    00024000   00024000    r-x
  007e0000    007e0000    00000200   00000200    r-x .vecs
  007e0200    007e0200    0001fe00   0001fe00    r-x .text.1
  00800000    00800000    000038c0   000038c0    r-x .text.2
  008038c0    008038c0    00000740   00000740    r-- .const.1
00804000    00804000    00014400   00000000    rw-
  00804000    00804000    0000c400   00000000    rw- .dpc_l2Heap
  00810400    00810400    00008000   00000000    rw- systemHeap
00818400    00818400    00002554   00002554    r--
  00818400    00818400    00002554   00002554    r-- .const.2
0081a954    0081a954    00000004   00000000    rw-
  0081a954    0081a954    00000004   00000000    rw- .bss
0081a958    0081a958    00002344   00000000    rw-
  0081a958    0081a958    00002344   00000000    rw- .far
0081cca0    0081cca0    00001850   00000f2c    rw-
  0081cca0    0081cca0    00000f2c   00000f2c    rw- .fardata
  0081dbd0    0081dbd0    00000800   00000000    rw- .stack
  0081e3d0    0081e3d0    00000120   00000000    rw- .cio
0081e4f0    0081e4f0    000000bc   000000bc    r--
  0081e4f0    0081e4f0    000000bc   000000bc    r-- .switch
0081e5ac    0081e5ac    0000000c   0000000c    rw-
  0081e5ac    0081e5ac    0000000c   0000000c    rw- .neardata
20000000    20000000    000c0000   00000000    rw-
  20000000    20000000    000c0000   00000000    rw- .l3ram
21080000    21080000    00008000   00000000    rw-
  21080000    21080000    00008000   00000000    rw- .demoSharedMem


SECTION ALLOCATION MAP

 output                                  attributes/
section   page    origin      length       input sections
--------  ----  ----------  ----------   ----------------
.vecs      0    007e0000    00000200     
                  007e0000    00000200     mmw_dss_pe674.oe674 (.vecs)

.text.1    0    007e0200    0001fe00     
                  007e0200    00000ba0     sysbios.ae674 : BIOS.obj (.text:xdc_runtime_System_doPrint__I)
                  007e0da0    00000b40     libdopplerproc_hwa_xwr18xx.ae674 : dopplerprochwa.oe674 (.text:DPU_DopplerProcHWA_config)
                  007e18e0    00000aa0     libhwa_xwr18xx.ae674 : hwa.oe674 (.text:HWA_configParamSet)
                  007e2380    000009e0     librangeproc_hwa_xwr18xx.ae674 : rangeprochwa.oe674 (.text:DPU_RangeProcHWA_process)
                  007e2d60    00000840     objectdetection.oe674 (.text:DPC_ObjectDetection_ioctl)
                  007e35a0    00000800     librangeproc_hwa_xwr18xx.ae674 : rangeprochwa.oe674 (.text:DPU_RangeProcHWA_config)
                  007e3da0    00000780     sysbios.ae674 : BIOS.obj (.text:ti_sysbios_family_c64p_Exception_handler__I)
                  007e4520    00000740     objectdetection.oe674 (.text:DPC_ObjDet_rangeBiasRxChPhaseMeasure)
                  007e4c60    00000720     libaoaproc_hwa_xwr18xx.ae674 : aoaprochwa.oe674 (.text:AoAProcHWA_config_EDMA)
                  007e5380    00000700                                  : aoaprochwa.oe674 (.text:HWAutil_configHWA_extendedVelocityScheme)
                  007e5a80    000006a0     sysbios.ae674 : BIOS.obj (.text:ti_sysbios_knl_Semaphore_pend__E)
                  007e6120    00000680                   : BIOS.obj (.text:ti_sysbios_heaps_HeapMem_allocUnprotected__E)
                  007e67a0    00000660                   : BIOS.obj (.text:ti_sysbios_heaps_HeapMem_freeUnprotected__E)
                  007e6e00    00000600     libaoaproc_hwa_xwr18xx.ae674 : aoaprochwa.oe674 (.text:DPU_AoAProcHWA_process)
                  007e7400    000005e0     rts6740_elf.lib : divd.c.obj (.text:__c6xabi_divd)
                  007e79e0    000005a0     sysbios.ae674 : BIOS.obj (.text:ti_sysbios_knl_Task_Instance_finalize__E)
                  007e7f80    000004c0     objectdetection.oe674 (.text:DPC_ObjDet_AoAconfig)
                  007e8440    000004c0     librangeproc_hwa_xwr18xx.ae674 : rangeprochwa.oe674 (.text:rangeProcHWA_ConfigEDMA_DataOut_nonInterleave)
                  007e8900    00000480     dss_main.oe674 (.text:MmwDemo_DPC_ObjectDetection_dpmTask)
                  007e8d80    00000460     libhwa_xwr18xx.ae674 : hwa.oe674 (.text:HWA_configCommon)
                  007e91e0    00000440     sysbios.ae674 : BIOS.obj (.text:ti_sysbios_knl_Task_Instance_init__E)
                  007e9620    00000420     objectdetection.oe674 (.text:DPC_ObjDet_preStartConfig)
                  007e9a40    00000420     libmailbox_xwr18xx.ae674 : mailbox.oe674 (.text:Mailbox_open)
                  007e9e60    000003e0     libaoaproc_hwa_xwr18xx.ae674 : aoaprochwa.oe674 (.text:DPU_AoAProcHWA_config)
                  007ea240    000003e0     sysbios.ae674 : BIOS.obj (.text:ti_sysbios_knl_Task_sleep__E)
                  007ea620    000003e0                   : BIOS.obj (.text:ti_sysbios_utils_Load_updateThreadContexts__E)
                  007eaa00    000003c0     libaoaproc_hwa_xwr18xx.ae674 : aoaprochwa.oe674 (.text:AoAProcHWA_angleEstimationAzimElev)
                  007eadc0    000003a0     librangeproc_hwa_xwr18xx.ae674 : rangeprochwa.oe674 (.text:rangeProcHWA_ConfigHWA)
                  007eb160    00000360     objectdetection.oe674 (.text:DPC_ObjDet_rangeConfig)
                  007eb4c0    00000360     libdpm_xwr18xx.ae674 : dpm_core.oe674 (.text:DPM_init)
                  007eb820    00000360                          : dpm_msg.oe674 (.text:DPM_msgRecv)
                  007ebb80    00000340     objectdetection.oe674 (.text:DPC_ObjectDetection_execute)
                  007ebec0    00000340     libstaticclutterproc_xwr18xx.ae674 : staticclutterproc.oe674 (.text:DPU_StaticClutterProc_process)
                  007ec200    00000320     rts6740_elf.lib : cos.c.obj (.text:cos)
                  007ec520    00000300     libaoaproc_hwa_xwr18xx.ae674 : aoaprochwa.oe674 (.text:HWAutil_configHWA_azimuthHeatMap)
                  007ec820    00000300     sysbios.ae674 : BIOS.obj (.text:xdc_runtime_LoggerBuf_write8__E)
                  007ecb20    000002e0     rts6740_elf.lib : sin.c.obj (.text:sin)
                  007ece00    000002e0     sysbios.ae674 : BIOS.obj (.text:ti_sysbios_heaps_HeapMem_Instance_init__E)
                  007ed0e0    000002e0                   : BIOS.obj (.text:xdc_runtime_Core_createObject__I)
                  007ed3c0    000002c0     libaoaproc_hwa_xwr18xx.ae674 : aoaprochwa.oe674 (.text:AoAProcHWA_XYZestimation)
                  007ed680    000002c0     objectdetection.oe674 (.text:DPC_ObjDet_dopplerConfig)
                  007ed940    000002c0     libedma_xwr18xx.ae674 : edma.oe674 (.text:EDMA_configChannel)
                  007edc00    000002c0                           : edma.oe674 (.text:EDMA_configErrorMonitoring)
                  007edec0    000002c0     sysbios.ae674 : BIOS.obj (.text:ti_sysbios_knl_Task_postInit__I)
                  007ee180    000002c0                   : BIOS.obj (.text:ti_sysbios_timers_rti_Timer_Module_startup__E)
                  007ee440    000002a0     libaoaproc_hwa_xwr18xx.ae674 : aoaprochwa.oe674 (.text:AoAProcHWA_PrepareRangeAzimuthHeatmap)
                  007ee6e0    000002a0     objectdetection.oe674 (.text:DPC_ObjectDetection_init)
                  007ee980    000002a0     libcfarcaproc_hwa_xwr18xx.ae674 : cfarcaprochwa.oe674 (.text:DPU_CFARCAProcHWA_process)
                  007eec20    000002a0     libedma_xwr18xx.ae674 : edma.oe674 (.text:EDMA_open)
                  007eeec0    000002a0     libhwa_xwr18xx.ae674 : hwa.oe674 (.text:HWA_open)
                  007ef160    000002a0     sysbios.ae674 : BIOS.obj (.text:ti_sysbios_family_c64p_EventCombiner_dispatch__E)
                  007ef400    000002a0                   : BIOS.obj (.text:ti_sysbios_timers_rti_Timer_getFreq__E)
                  007ef6a0    00000280     rts6740_elf.lib : divf.c.obj (.text:__c6xabi_divf)
                  007ef920    00000280     sysbios.ae674 : BIOS.obj (.text:ti_sysbios_family_c64p_Cache_Module_startup__E)
                  007efba0    00000280                   : BIOS.obj (.text:xdc_runtime_Startup_startMods__I)
                  007efe20    00000260     libaoaproc_hwa_xwr18xx.ae674 : aoaprochwa.oe674 (.text:AoAProcHWA_config_azimuthHeatMap_EDMA)
                  007f0080    00000260     rts6740_elf.lib : imath64.c.obj (.text:__c6xabi_divull)
                  007f02e0    00000260     sysbios.ae674 : BIOS.obj (.text:ti_sysbios_gates_GateMutex_enter__E)
                  007f0540    00000240     dss_main.oe674 (.text:MmwDemo_dssInitTask)
                  007f0780    00000240     sysbios.ae674 : BIOS.obj (.text:ti_sysbios_family_c64p_Exception_internalHandler__I)
                  007f09c0    00000240                   : BIOS.obj (.text:xdc_runtime_Error_policyDefault__E)
                  007f0c00    00000240     mmw_dss_pe674.oe674 (.text:xdc_runtime_System_printfExtend__I)
                  007f0e40    00000220     libcfarcaproc_hwa_xwr18xx.ae674 : cfarcaprochwa.oe674 (.text:DPU_CFARCAProcHWA_config)
                  007f1060    00000220     libedma_xwr18xx.ae674 : edma.oe674 (.text:EDMA_transferComplete_isr)
                  007f1280    00000220     libmailbox_xwr18xx.ae674 : mailbox.oe674 (.text:Mailbox_write)
                  007f14a0    00000220     libaoaproc_hwa_xwr18xx.ae674 : aoaprochwa.oe674 (.text:aoaHwa_dopplerCompensation)
                  007f16c0    00000220     sysbios.ae674 : BIOS.obj (.text:ti_sysbios_family_c64p_EventCombiner_dispatchPlug__E)
                  007f18e0    00000220                   : BIOS.obj (.text:ti_sysbios_family_c64p_EventCombiner_enableEvent__E)
                  007f1b00    00000220                   : BIOS.obj (.text:xdc_runtime_LoggerBuf_write4__E)
                  007f1d20    00000200     libdpm_xwr18xx.ae674 : dpm_msg.oe674 (.text:DPM_msgResultHandler)
                  007f1f20    00000200     libaoaproc_hwa_xwr18xx.ae674 : aoaprochwa.oe674 (.text:DPU_AoAProcHWA_init)
                  007f2120    00000200     sysbios.ae674 : c64p_Hwi_disp_always.obj (.text:_ti_sysbios_family_c64p_Hwi_dispatchAlways)
                  007f2320    00000200     rts6740_elf.lib : atan.c.obj (.text:atan)
                  007f2520    00000200     libmathutils.ae674 : mathutils.oe674 (.text:mathUtils_genWindow)
                  007f2720    00000200     sysbios.ae674 : BIOS.obj (.text:ti_sysbios_family_c64p_EventCombiner_disableEvent__E)
                  007f2920    00000200                   : BIOS.obj (.text:ti_sysbios_utils_Load_idleFxn__E)
                  007f2b20    00000200                   : BIOS.obj (.text:xdc_runtime_Core_constructObject__I)
                  007f2d20    000001e0     objectdetection.oe674 (.text:DPC_ObjDet_CFARCAconfig)
                  007f2f00    000001e0     libedma_xwr18xx.ae674 : edma.oe674 (.text:EDMA_init)
                  007f30e0    000001e0     sysbios.ae674 : BIOS.obj (.text:ti_sysbios_knl_Semaphore_post__E)
                  007f32c0    000001c0     libdpedma_hwa_xwr18xx.ae674 : dpedma.oe674 (.text:DPEDMA_configSyncAB)
                  007f3480    000001c0                                 : dpedma.oe674 (.text:DPEDMA_configSyncA_singleFrame)
                  007f3640    000001c0     librangeproc_hwa_xwr18xx.ae674 : rangeprochwa.oe674 (.text:DPU_RangeProcHWA_control)
                  007f3800    000001c0     libstaticclutterproc_xwr18xx.ae674 : staticclutterproc.oe674 (.text:DPU_StaticClutterProc_configEdma)
                  007f39c0    000001c0     libcfarcaproc_hwa_xwr18xx.ae674 : cfarcaprochwa.oe674 (.text:HWAutil_configCFAR)
                  007f3b80    000001c0     libmailbox_xwr18xx.ae674 : mailbox.oe674 (.text:Mailbox_read)
                  007f3d40    000001c0     libsoc_xwr18xx.ae674 : soc.oe674 (.text:SOC_deregisterSysIntListener)
                  007f3f00    000001c0     rts6740_elf.lib : atan2.c.obj (.text:atan2)
                  007f40c0    000001c0                     : fputc.c.obj (.text:fputc)
                  007f4280    000001c0                     : frexp.c.obj (.text:frexp)
                  007f4440    000001c0     librangeproc_hwa_xwr18xx.ae674 : rangeprochwa.oe674 (.text:rangeProcHWA_ConfigEDMADummyThreeLinks)
                  007f4600    000001c0     rts6740_elf.lib : setvbuf.c.obj (.text:setvbuf)
                  007f47c0    000001c0     sysbios.ae674 : BIOS.obj (.text:ti_sysbios_knl_Swi_restoreHwi__E)
                  007f4980    000001c0                   : BIOS.obj (.text:ti_sysbios_knl_Task_checkStacks__E)
                  007f4b40    000001c0                   : BIOS.obj (.text:xdc_runtime_Text_putSite__E)
                  007f4d00    000001a0     libcfarcaproc_hwa_xwr18xx.ae674 : cfarcaprochwa.oe674 (.text:CFARHWA_cfarRange_AND_cfarDoppler)
                  007f4ea0    000001a0                                     : cfarcaprochwa.oe674 (.text:DPU_CFARCAProcHWA_control)
                  007f5040    000001a0     libdopplerproc_hwa_xwr18xx.ae674 : dopplerprochwa.oe674 (.text:DPU_DopplerProcHWA_init)
                  007f51e0    000001a0                                      : dopplerprochwa.oe674 (.text:DPU_DopplerProcHWA_process)
                  007f5380    000001a0     librangeproc_hwa_xwr18xx.ae674 : rangeprochwa.oe674 (.text:DPU_RangeProcHWA_init)
                  007f5520    000001a0     libedma_xwr18xx.ae674 : edma.oe674 (.text:EDMA_paramConfig_assist)
                  007f56c0    000001a0     rts6740_elf.lib : hostrename.c.obj (.text:HOSTrename)
                  007f5860    000001a0     sysbios.ae674 : BIOS.obj (.text:ti_sysbios_family_c64p_Cache_getL2InitSize__I)
                  007f5a00    000001a0                   : BIOS.obj (.text:ti_sysbios_heaps_HeapBuf_Module_startup__E)
                  007f5ba0    000001a0                   : BIOS.obj (.text:ti_sysbios_knl_Swi_runLoop__I)
                  007f5d40    000001a0                   : BIOS.obj (.text:ti_sysbios_knl_Task_exit__E)
                  007f5ee0    000001a0                   : BIOS.obj (.text:ti_sysbios_timers_rti_Timer_startup__E)
                  007f6080    00000180     libdpm_xwr18xx.ae674 : dpm_core.oe674 (.text:DPM_deinit)
                  007f6200    00000180                          : dpm_core.oe674 (.text:DPM_ioctl)
                  007f6380    00000180     libhwa_xwr18xx.ae674 : hwa.oe674 (.text:HWA_enableParamSetInterrupt)
                  007f6500    00000180     dss_main.oe674 (.text:MmwDemo_sensorStopEpilog)
                  007f6680    00000180     sysbios.ae674 : c64p_Exception_asm.obj (.text)
                  007f6800    00000180                   : BIOS.obj (.text:ti_sysbios_knl_Task_schedule__I)
                  007f6980    00000180                   : BIOS.obj (.text:ti_sysbios_utils_Load_startup__E)
                  007f6b00    00000160     objectdetection.oe674 (.text:DPC_ObjDet_staticClutterConfig)
                  007f6c60    00000160     libdpm_xwr18xx.ae674 : dpm_msg.oe674 (.text:DPM_msgResponseHandler)
                  007f6dc0    00000160     libaoaproc_hwa_xwr18xx.ae674 : aoaprochwa.oe674 (.text:DPU_AoAProcHWA_control)
                  007f6f20    00000160     libedma_xwr18xx.ae674 : edma.oe674 (.text:EDMA_getErrorStatusInfo)
                  007f7080    00000160     libhwa_xwr18xx.ae674 : hwa.oe674 (.text:HWA_paramDoneISR)
                  007f71e0    00000160     libmailbox_xwr18xx.ae674 : mailbox.oe674 (.text:Mailbox_close)
                  007f7340    00000160     libsoc_xwr18xx.ae674 : soc.oe674 (.text:SOC_registerSysIntListener)
                  007f74a0    00000160     rts6740_elf.lib : sqrt.c.obj (.text:sqrt)
                  007f7600    00000160     sysbios.ae674 : BIOS.obj (.text:ti_sysbios_family_c64p_Cache_getL1DInitSize__I)
                  007f7760    00000160                   : BIOS.obj (.text:ti_sysbios_family_c64p_Cache_getL1PInitSize__I)
                  007f78c0    00000160                   : BIOS.obj (.text:ti_sysbios_family_c64p_Hwi_Module_startup__E)
                  007f7a20    00000160                   : BIOS.obj (.text:xdc_runtime_Core_deleteObject__I)
                  007f7b80    00000160                   : BIOS.obj (.text:xdc_runtime_LoggerBuf_getFilterLevel__E)
                  007f7ce0    00000160                   : BIOS.obj (.text:xdc_runtime_LoggerBuf_setFilterLevel__E)
                  007f7e40    00000140     libaoaproc_hwa_xwr18xx.ae674 : aoaprochwa.oe674 (.text:AoAProcHWA_ConvertFov)
                  007f7f80    00000140     libdpedma_hwa_xwr18xx.ae674 : dpedmahwa.oe674 (.text:DPEDMAHWA_configTwoHotSignature)
                  007f80c0    00000140     libedma_xwr18xx.ae674 : edma_low_level.oe674 (.text:EDMA3Init)
                  007f8200    00000140                           : edma.oe674 (.text:EDMA_clearErrors)
                  007f8340    00000140                           : edma.oe674 (.text:EDMA_startTransfer)
                  007f8480    00000140     libhwa_xwr18xx.ae674 : hwa.oe674 (.text:HWA_configRam)
                  007f85c0    00000140     libsoc_xwr18xx.ae674 : soc.oe674 (.text:SOC_init)
                  007f8700    00000140     librangeproc_hwa_xwr18xx.ae674 : rangeprochwa.oe674 (.text:rangeProcHWA_ConfigEDMA_DataIn)
                  007f8840    00000140     sysbios.ae674 : BIOS.obj (.text:ti_sysbios_knl_Semaphore_Instance_init__E)
                  007f8980    00000140                   : BIOS.obj (.text:ti_sysbios_knl_Task_Module_startup__E)
                  007f8ac0    00000140                   : BIOS.obj (.text:ti_sysbios_knl_Task_startCore__E)
                  007f8c00    00000140                   : BIOS.obj (.text:ti_sysbios_timers_rti_Timer_initDevice__I)
                  007f8d40    00000140                   : BIOS.obj (.text:ti_sysbios_utils_Load_addTask__E)
                  007f8e80    00000140                   : BIOS.obj (.text:ti_sysbios_utils_Load_updateLoads__E)
                  007f8fc0    00000140                   : BIOS.obj (.text:xdc_runtime_Memory_alloc__E)
                  007f9100    00000140                   : BIOS.obj (.text:xdc_runtime_Text_putLab__E)
                  007f9240    00000140                   : BIOS.obj (.text:xdc_runtime_Text_putMod__E)
                  007f9380    00000140                   : BIOS.obj (.text:xdc_runtime_Text_visitRope2__I)
                  007f94c0    00000120     objectdetection.oe674 (.text:DPC_ObjDet_GetRxChPhaseComp)
                  007f95e0    00000120     libdpedma_hwa_xwr18xx.ae674 : dpedmahwa.oe674 (.text:DPEDMAHWA_configOneHotSignature)
                  007f9700    00000120     libdpm_xwr18xx.ae674 : dpm_msg.oe674 (.text:DPM_msgDPCCfgHandler)
                  007f9820    00000120     libedma_xwr18xx.ae674 : edma.oe674 (.text:EDMA_configParamSet)
                  007f9940    00000120     boot.ae674 : autoinit.oe674 (.text:_auto_init_elf)
                  007f9a60    00000120     rts6740_elf.lib : getdevice.c.obj (.text:getdevice)
                  007f9b80    00000120     sysbios.ae674 : BIOS.obj (.text:ti_sysbios_knl_Clock_workFunc__E)
                  007f9ca0    00000120                   : BIOS.obj (.text:ti_sysbios_timers_rti_Timer_setPeriodMicroSecs__E)
                  007f9dc0    00000120                   : BIOS.obj (.text:ti_sysbios_utils_Load_taskCreateHook__E)
                  007f9ee0    00000120                   : BIOS.obj (.text:ti_sysbios_utils_Load_taskDeleteHook__E)
                  007fa000    00000100     libaoaproc_hwa_xwr18xx.ae674 : aoaprochwa.oe674 (.text:AoAProcHWA_cfgAndTrigger_EDMA_2DFFT)
                  007fa100    00000100     objectdetection.oe674 (.text:DPC_ObjDet_reconfigSubFrame)
                  007fa200    00000100     libcfarcaproc_hwa_xwr18xx.ae674 : cfarcaprochwa.oe674 (.text:DPU_CFARCAProcHWA_init)
                  007fa300    00000100     libstaticclutterproc_xwr18xx.ae674 : staticclutterproc.oe674 (.text:DPU_StaticClutterProc_config)
                  007fa400    00000100     libhwa_xwr18xx.ae674 : hwa.oe674 (.text:HWA_disableParamSetInterrupt)
                  007fa500    00000100     libmailbox_xwr18xx.ae674 : mailbox.oe674 (.text:Mailbox_readFlush)
                  007fa600    00000100     libsoc_xwr18xx.ae674 : soc_xwr18xx_dss.oe674 (.text:SOC_deviceInit)
                  007fa700    00000100                          : soc_xwr18xx.oe674 (.text:SOC_translateAddress)
                  007fa800    00000100     rts6740_elf.lib : fclose.c.obj (.text:__TI_closefile)
                  007fa900    00000100                     : fflush.c.obj (.text:fflush)
                  007faa00    00000100                     : fseek.c.obj (.text:fseek)
                  007fab00    00000100     dss_main.oe674 (.text:main)
                  007fac00    00000100     sysbios.ae674 : BIOS.obj (.text:xdc_runtime_Error_print__E)
                  007fad00    00000100                   : BIOS.obj (.text:xdc_runtime_Startup_exec__E)
                  007fae00    000000e0     objectdetection.oe674 (.text:DPC_ObjectDetection_deinit)
                  007faee0    000000e0     libdpm_xwr18xx.ae674 : dpm_core.oe674 (.text:DPM_execute)
                  007fafc0    000000e0                          : dpm_pipe.oe674 (.text:DPM_pipeSend)
                  007fb0a0    000000e0     libedma_xwr18xx.ae674 : edma.oe674 (.text:EDMA_isTransferComplete)
                  007fb180    000000e0                           : edma.oe674 (.text:EDMA_transferController_error_isr)
                  007fb260    000000e0     rts6740_elf.lib : hostlseek.c.obj (.text:HOSTlseek)
                  007fb340    000000e0                     : hostopen.c.obj (.text:HOSTopen)
                  007fb420    000000e0                     : hostwrite.c.obj (.text:HOSTwrite)
                  007fb500    000000e0     libmailbox_xwr18xx.ae674 : mailbox.oe674 (.text:Mailbox_boxFullISRMssDss)
                  007fb5e0    000000e0                              : mailbox.oe674 (.text:Mailbox_init)
                  007fb6c0    000000e0     dss_main.oe674 (.text:MmwDemo_DPC_ObjectDetection_reportFxn)
                  007fb7a0    000000e0     rts6740_elf.lib : _io_perm.c.obj (.text:__TI_wrt_ok)
                  007fb880    000000e0                     : divi.asm.obj (.text:__divi)
                  007fb960    000000e0                     : close.c.obj (.text:close)
                  007fba40    000000e0                     : exit.c.obj (.text:exit)
                  007fbb20    000000e0                     : memset.c.obj (.text:memset)
                  007fbc00    000000e0     sysbios.ae674 : BIOS.obj (.text:ti_sysbios_utils_Load_updateCurrentThreadTime__E)
                  007fbce0    000000c0     libcfarcaproc_hwa_xwr18xx.ae674 : cfarcaprochwa.oe674 (.text:CFARCAHWA_config_EDMA)
                  007fbda0    000000c0                                     : cfarcaprochwa.oe674 (.text:CFARHWA_prepareHwaRunTime)
                  007fbe60    000000c0     objectdetection.oe674 (.text:DPC_ObjectDetection_frameStart)
                  007fbf20    000000c0     libdpm_xwr18xx.ae674 : dpm_mailbox.oe674 (.text:DPM_mboxRemoteMailboxCallbackFxn)
                  007fbfe0    000000c0                          : dpm_core.oe674 (.text:DPM_sendResult)
                  007fc0a0    000000c0     libedma_xwr18xx.ae674 : edma.oe674 (.text:EDMA_error_isr)
                  007fc160    000000c0                           : edma.oe674 (.text:EDMA_startDmaTransfer)
                  007fc220    000000c0     rts6740_elf.lib : hostread.c.obj (.text:HOSTread)
                  007fc2e0    000000c0                     : hostunlink.c.obj (.text:HOSTunlink)
                  007fc3a0    000000c0     libhwa_xwr18xx.ae674 : hwa.oe674 (.text:HWA_getDMAChanIndex)
                  007fc460    000000c0                          : hwa.oe674 (.text:HWA_getDMAconfig)
                  007fc520    000000c0                          : hwa.oe674 (.text:HWA_getDriverAccess)
                  007fc5e0    000000c0                          : hwa.oe674 (.text:HWA_getHWAMemInfo)
                  007fc6a0    000000c0     libmailbox_xwr18xx.ae674 : mailbox.oe674 (.text:Mailbox_boxFullISRProcessing)
                  007fc760    000000c0     data_path.oe674 (.text:MmwDemo_edmaOpen)
                  007fc820    000000c0     objectdetection.oe674 (.text:_DPC_Objdet_Assert)
                  007fc8e0    000000c0     rts6740_elf.lib : fflush.c.obj (.text:__TI_doflush)
                  007fc9a0    000000c0                     : divu.asm.obj (.text:__divu)
                  007fca60    000000c0                     : modf.c.obj (.text:modf)
                  007fcb20    000000c0     librangeproc_hwa_xwr18xx.ae674 : rangeprochwa.oe674 (.text:rangeProcHWA_ConfigHWACommon)
                  007fcbe0    000000c0     sysbios.ae674 : BIOS.obj (.text:ti_sysbios_family_c64p_Hwi_dispatchCore__I)
                  007fcca0    000000c0                   : BIOS.obj (.text:ti_sysbios_heaps_HeapMem_alloc__E)
                  007fcd60    000000c0                   : BIOS.obj (.text:ti_sysbios_heaps_HeapMem_getStats__E)
                  007fce20    000000c0                   : BIOS.obj (.text:ti_sysbios_knl_Swi_schedule__I)
                  007fcee0    000000c0                   : BIOS.obj (.text:ti_sysbios_knl_Task_allBlockedFunction__I)
                  007fcfa0    000000c0     mmw_dss_pe674.oe674 (.text:ti_sysbios_knl_Task_create)
                  007fd060    000000c0     sysbios.ae674 : BIOS.obj (.text:ti_sysbios_knl_Task_stat__E)
                  007fd120    000000c0                   : BIOS.obj (.text:ti_sysbios_utils_Load_taskSwitchHook__E)
                  007fd1e0    000000c0     rts6740_elf.lib : tls.c.obj (.text:tls:init:__TI_tls_init)
                  007fd2a0    000000c0     sysbios.ae674 : BIOS.obj (.text:xdc_runtime_Assert_raise__I)
                  007fd360    000000c0                   : BIOS.obj (.text:xdc_runtime_LoggerBuf_Instance_init__E)
                  007fd420    000000c0     mmw_dss_pe674.oe674 (.text:xdc_runtime_LoggerBuf_Object__create__S)
                  007fd4e0    000000a0     libcfarcaproc_hwa_xwr18xx.ae674 : cfarcaprochwa.oe674 (.text:CFARHWA_fovConvertDoppler)
                  007fd580    000000a0                                     : cfarcaprochwa.oe674 (.text:CFARHWA_saveConfiguration)
                  007fd620    000000a0     objectdetection.oe674 (.text:DPC_ObjectDetection_start)
                  007fd6c0    000000a0     libdpedma_hwa_xwr18xx.ae674 : dpedma.oe674 (.text:DPEDMA_setup_shadow_link)
                  007fd760    000000a0     libdpm_xwr18xx.ae674 : dpm_mailbox.oe674 (.text:DPM_mboxInit)
                  007fd800    000000a0                          : dpm_msg.oe674 (.text:DPM_msgStartHandler)
                  007fd8a0    000000a0                          : dpm_msg.oe674 (.text:DPM_msgStopHandler)
                  007fd940    000000a0                          : dpm_core.oe674 (.text:DPM_notifyExecute)
                  007fd9e0    000000a0                          : dpm_pipe.oe674 (.text:DPM_pipeRecv)
                  007fda80    000000a0     libedma_xwr18xx.ae674 : edma_low_level.oe674 (.text:EDMA3EnableChInShadowReg)
                  007fdb20    000000a0                           : edma.oe674 (.text:EDMA_disableChannel)
                  007fdbc0    000000a0                           : edma.oe674 (.text:EDMA_enableChannel)
                  007fdc60    000000a0     rts6740_elf.lib : hostclose.c.obj (.text:HOSTclose)
                  007fdd00    000000a0     libhwa_xwr18xx.ae674 : hwa.oe674 (.text:HWA_deleteInstance)
                  007fdda0    000000a0                          : hwa.oe674 (.text:HWA_disableDoneInterrupt)
                  007fde40    000000a0                          : hwa.oe674 (.text:HWA_enable)
                  007fdee0    000000a0                          : hwa.oe674 (.text:HWA_enableDoneInterrupt)
                  007fdf80    000000a0                          : hwa.oe674 (.text:HWA_readCFARPeakCountReg)
                  007fe020    000000a0     libmailbox_xwr18xx.ae674 : mailbox.oe674 (.text:Mailbox_boxEmptyISRProcessing)
                  007fe0c0    000000a0     libsoc_xwr18xx.ae674 : soc.oe674 (.text:SOC_SystemISR)
                  007fe160    000000a0     rts6740_elf.lib : fopen.c.obj (.text:__TI_cleanup)
                  007fe200    000000a0                     : fixfu.c.obj (.text:__c6xabi_fixfu)
                  007fe2a0    000000a0                     : round.c.obj (.text:__c6xabi_nround)
                  007fe340    000000a0                     : remu.asm.obj (.text:__remu)
                  007fe3e0    000000a0     boot.ae674 : boot.oe674 (.text:_c_int00)
                  007fe480    000000a0     rts6740_elf.lib : getdevice.c.obj (.text:finddevice)
                  007fe520    000000a0                     : memcpy64.asm.obj (.text:memcpy)
                  007fe5c0    000000a0     libmmwavealg_xwr18xx.ae674 : mmwavelib_vecsum.oe674 (.text:mmwavelib_vecsum)
                  007fe660    000000a0     mathlib.ae674 : sqrtsp.oe674 (.text:optasm)
                  007fe700    000000a0     sysbios.ae674 : BIOS.obj (.text:ti_sysbios_family_c64p_Exception_Module_startup__E)
                  007fe7a0    000000a0                   : BIOS.obj (.text:ti_sysbios_family_c64p_Hwi_dispatchC__I)
                  007fe840    000000a0                   : BIOS.obj (.text:ti_sysbios_family_c64p_Hwi_getStackInfo__E)
                  007fe8e0    000000a0                   : BIOS.obj (.text:ti_sysbios_hal_Hwi_checkStack)
                  007fe980    000000a0                   : BIOS.obj (.text:ti_sysbios_knl_Semaphore_pendTimeout__I)
                  007fea20    000000a0                   : BIOS.obj (.text:xdc_runtime_Core_assignLabel__I)
                  007feac0    000000a0                   : BIOS.obj (.text:xdc_runtime_Core_assignParams__I)
                  007feb60    000000a0                   : BIOS.obj (.text:xdc_runtime_LoggerBuf_Module_startup__E)
                  007fec00    000000a0                   : BIOS.obj (.text:xdc_runtime_System_atexit__E)
                  007feca0    000000a0                   : BIOS.obj (.text:xdc_runtime_System_exit__E)
                  007fed40    000000a0                   : BIOS.obj (.text:xdc_runtime_Text_printVisFxn__I)
                  007fede0    000000a0                   : BIOS.obj (.text:xdc_runtime_Text_xprintf__I)
                  007fee80    00000080     libaoaproc_hwa_xwr18xx.ae674 : aoaprochwa.oe674 (.text:AoAProc_HWAutil_configCommon)
                  007fef00    00000080     libcfarcaproc_hwa_xwr18xx.ae674 : cfarcaprochwa.oe674 (.text:CFARHWA_convHwaCfarDetListToDetMask)
                  007fef80    00000080                                     : cfarcaprochwa.oe674 (.text:CFARHWA_fovConvertRange)
                  007ff000    00000080     objectdetection.oe674 (.text:DPC_ObjDet_GetAntGeometryDef)
                  007ff080    00000080     objectdetection.oe674 (.text:DPC_ObjectDetection_stop)
                  007ff100    00000080     libdpm_xwr18xx.ae674 : dpm_mailbox.oe674 (.text:DPM_mboxSendResult)
                  007ff180    00000080                          : dpm_pipe.oe674 (.text:DPM_pipeDeinit)
                  007ff200    00000080                          : dpm_pipe.oe674 (.text:DPM_pipeInit)
                  007ff280    00000080                          : dpm_core.oe674 (.text:DPM_synch)
                  007ff300    00000080     librangeproc_hwa_xwr18xx.ae674 : rangeprochwa.oe674 (.text:DPU_RangeProcHWA_deinit)
                  007ff380    00000080     libstaticclutterproc_xwr18xx.ae674 : staticclutterproc.oe674 (.text:DPU_StaticClutterProc_init)
                  007ff400    00000080                                        : staticclutterproc.oe674 (.text:DPU_StaticClutterProc_waitInData)
                  007ff480    00000080                                        : staticclutterproc.oe674 (.text:DPU_StaticClutterProc_waitOutData)
                  007ff500    00000080     libedma_xwr18xx.ae674 : edma_low_level.oe674 (.text:EDMA3MapChToEvtQ)
                  007ff580    00000080                           : edma.oe674 (.text:EDMA_getTransferControllerErrorStatusInfo)
                  007ff600    00000080                           : edma.oe674 (.text:EDMA_linkParamSets)
                  007ff680    00000080     libhwa_xwr18xx.ae674 : hwa.oe674 (.text:HWA_reset)
                  007ff700    00000080                          : hwa.oe674 (.text:HWA_setDMA2ACCManualTrig)
                  007ff780    00000080     data_path.oe674 (.text:MmwDemo_dataPathInit)
                  007ff800    00000080     libosal_xwr18xx.ae674 : SemaphoreP_tirtos.oe674 (.text:SemaphoreP_create)
                  007ff880    00000080     rts6740_elf.lib : trgmsg.c.obj (.text:__TI_readmsg)
                  007ff900    00000080                     : fixdu.c.obj (.text:__c6xabi_fixdu)
                  007ff980    00000080                     : llshift.c.obj (.text:__c6xabi_llshl)
                  007ffa00    00000080     sysbios.ae674 : c62_TaskSupport_asm.obj (.text:_ti_sysbios_family_c62_TaskSupport_swap__E)
                  007ffa80    00000080     librangeproc_hwa_xwr18xx.ae674 : rangeprochwa.oe674 (.text:rangeProcHWA_ConfigEDMATranspose)
                  007ffb00    00000080     mmw_dss_pe674.oe674 (.text:ti_sysbios_BIOS_atExitFunc__I)
                  007ffb80    00000080     mmw_dss_pe674.oe674 (.text:ti_sysbios_BIOS_registerRTSLock__I)
                  007ffc00    00000080     mmw_dss_pe674.oe674 (.text:ti_sysbios_gates_GateHwi_Object__create__S)
                  007ffc80    00000080     mmw_dss_pe674.oe674 (.text:ti_sysbios_gates_GateMutex_Object__create__S)
                  007ffd00    00000080     mmw_dss_pe674.oe674 (.text:ti_sysbios_heaps_HeapMem_Object__create__S)
                  007ffd80    00000080     sysbios.ae674 : BIOS.obj (.text:ti_sysbios_heaps_HeapMem_init__I)
                  007ffe00    00000080     mmw_dss_pe674.oe674 (.text:ti_sysbios_knl_Clock_doTick__I)
                  007ffe80    00000080     sysbios.ae674 : BIOS.obj (.text:ti_sysbios_knl_Idle_run__E)
                  007fff00    00000080     mmw_dss_pe674.oe674 (.text:ti_sysbios_knl_Semaphore_create)
                  007fff80    00000080     sysbios.ae674 : BIOS.obj (.text:ti_sysbios_knl_Swi_post__E)

.text.2    0    00800000    000038c0     
                  00800000    00000080     sysbios.ae674 : BIOS.obj (.text:ti_sysbios_knl_Swi_startup__E)
                  00800080    00000080                   : BIOS.obj (.text:ti_sysbios_knl_Task_processVitalTaskFlag__I)
                  00800100    00000080                   : BIOS.obj (.text:ti_sysbios_knl_Task_restore__E)
                  00800180    00000080                   : BIOS.obj (.text:ti_sysbios_knl_Task_sleepTimeout__I)
                  00800200    00000080     mmw_dss_pe674.oe674 (.text:ti_sysbios_rts_MemAlloc_alloc)
                  00800280    00000080     sysbios.ae674 : BIOS.obj (.text:ti_sysbios_timers_rti_Timer_setPeriod__E)
                  00800300    00000080                   : BIOS.obj (.text:ti_sysbios_timers_rti_Timer_stop__E)
                  00800380    00000080     rts6740_elf.lib : unlink.c.obj (.text:unlink)
                  00800400    00000080     sysbios.ae674 : BIOS.obj (.text:xdc_runtime_System_avprintf__E)
                  00800480    00000080                   : BIOS.obj (.text:xdc_runtime_System_vprintf__E)
                  00800500    00000060     libaoaproc_hwa_xwr18xx.ae674 : aoaprochwa.oe674 (.text:AOAHWA_waitEdma)
                  00800560    00000060     libcfarcaproc_hwa_xwr18xx.ae674 : cfarcaprochwa.oe674 (.text:CFARHWA_triggerCFAR)
                  008005c0    00000060     objectdetection.oe674 (.text:DPC_ObjDet_GenDopplerWindow)
                  00800620    00000060     objectdetection.oe674 (.text:DPC_ObjDet_MemPoolAlloc)
                  00800680    00000060     libdpm_xwr18xx.ae674 : dpm_listlib.oe674 (.text:DPM_listCat)
                  008006e0    00000060                          : dpm_mailbox.oe674 (.text:DPM_mboxDeinit)
                  00800740    00000060                          : dpm_msg.oe674 (.text:DPM_msgInitHeader)
                  008007a0    00000060     libaoaproc_hwa_xwr18xx.ae674 : aoaprochwa.oe674 (.text:DPU_AoAProcHWA_deinit)
                  00800800    00000060     libcfarcaproc_hwa_xwr18xx.ae674 : cfarcaprochwa.oe674 (.text:DPU_CFARCAProcHWA_deinit)
                  00800860    00000060     libdopplerproc_hwa_xwr18xx.ae674 : dopplerprochwa.oe674 (.text:DPU_DopplerProcHWA_deinit)
                  008008c0    00000060     libstaticclutterproc_xwr18xx.ae674 : staticclutterproc.oe674 (.text:DPU_StaticClutterProc_deinit)
                  00800920    00000060     libedma_xwr18xx.ae674 : edma_low_level.oe674 (.text:EDMA3ClrEvt)
                  00800980    00000060                           : edma_low_level.oe674 (.text:EDMA3ClrIntr)
                  008009e0    00000060                           : edma_low_level.oe674 (.text:EDMA3ClrMissEvt)
                  00800a40    00000060                           : edma_low_level.oe674 (.text:EDMA3DisableDmaEvt)
                  00800aa0    00000060                           : edma_low_level.oe674 (.text:EDMA3DisableEvtIntr)
                  00800b00    00000060                           : edma_low_level.oe674 (.text:EDMA3EnableDmaEvt)
                  00800b60    00000060                           : edma_low_level.oe674 (.text:EDMA3EnableEvtIntr)
                  00800bc0    00000060                           : edma_low_level.oe674 (.text:EDMA3SetEvt)
                  00800c20    00000060                           : edma.oe674 (.text:EDMA_configTransferControllerError)
                  00800c80    00000060                           : edma.oe674 (.text:EDMA_isError)
                  00800ce0    00000060                           : edma.oe674 (.text:EDMA_setDestinationAddress)
                  00800d40    00000060                           : edma.oe674 (.text:EDMA_setSourceAddress)
                  00800da0    00000060                           : edma.oe674 (.text:EDMA_validate_channelIdchannelType)
                  00800e00    00000060     libhwa_xwr18xx.ae674 : hwa.oe674 (.text:HWA_allParamDoneISR)
                  00800e60    00000060     libmailbox_xwr18xx.ae674 : mailbox.oe674 (.text:Mailbox_Config_init)
                  00800ec0    00000060     data_path.oe674 (.text:MmwDemo_dataPathOpen)
                  00800f20    00000060     libsoc_xwr18xx.ae674 : soc_xwr18xx.oe674 (.text:SOC_enableHWA)
                  00800f80    00000060                          : soc_xwr18xx.oe674 (.text:SOC_setDSSLinkState)
                  00800fe0    00000060                          : soc.oe674 (.text:SOC_unhaltBSS)
                  00801040    00000060     rts6740_elf.lib : trgmsg.c.obj (.text:__TI_writemsg)
                  008010a0    00000060                     : llshift.c.obj (.text:__c6xabi_llshru)
                  00801100    00000060                     : imath64.c.obj (.text:_subcull)
                  00801160    00000060     sysbios.ae674 : c64p_Hwi_asm_switch.obj (.text:_ti_sysbios_family_c64p_Hwi_switchAndDispatch__I)
                  008011c0    00000060                   : c64p_Hwi_asm_switch.obj (.text:_ti_sysbios_family_xxx_Hwi_switchAndRunFunc)
                  00801220    00000060     rts6740_elf.lib : lseek.c.obj (.text:lseek)
                  00801280    00000060     libmmwavealg_xwr18xx.ae674 : mmwavelib_vecsubc.oe674 (.text:mmwavelib_vecsubc)
                  008012e0    00000060     mmw_dss_pe674.oe674 (.text:ti_sysbios_BIOS_errorRaiseHook__I)
                  00801340    00000060     mmw_dss_pe674.oe674 (.text:ti_sysbios_BIOS_removeRTSLock__I)
                  008013a0    00000060     mmw_dss_pe674.oe674 (.text:ti_sysbios_BIOS_startFunc__I)
                  00801400    00000060     sysbios.ae674 : BIOS.obj (.text:ti_sysbios_family_c62_TaskSupport_stackUsed__E)
                  00801460    00000060                   : BIOS.obj (.text:ti_sysbios_family_c62_TaskSupport_start__E)
                  008014c0    00000060                   : BIOS.obj (.text:ti_sysbios_family_c64p_Cache_setMar__E)
                  00801520    00000060                   : BIOS.obj (.text:ti_sysbios_family_c64p_EventCombiner_Module_startup__E)
                  00801580    00000060                   : BIOS.obj (.text:ti_sysbios_family_c64p_EventCombiner_unused__E)
                  008015e0    00000060     mmw_dss_pe674.oe674 (.text:ti_sysbios_gates_GateMutex_Object__delete__S)
                  00801640    00000060     sysbios.ae674 : BIOS.obj (.text:ti_sysbios_hal_Hwi_initStack)
                  008016a0    00000060                   : BIOS.obj (.text:ti_sysbios_heaps_HeapMem_free__E)
                  00801700    00000060                   : BIOS.obj (.text:ti_sysbios_knl_Clock_Module_startup__E)
                  00801760    00000060     mmw_dss_pe674.oe674 (.text:ti_sysbios_knl_Queue_construct)
                  008017c0    00000060     mmw_dss_pe674.oe674 (.text:ti_sysbios_knl_Semaphore_Object__delete__S)
                  00801820    00000060     mmw_dss_pe674.oe674 (.text:ti_sysbios_knl_Semaphore_construct)
                  00801880    00000060     sysbios.ae674 : BIOS.obj (.text:ti_sysbios_knl_Swi_Module_startup__E)
                  008018e0    00000060                   : BIOS.obj (.text:ti_sysbios_knl_Task_enter__I)
                  00801940    00000060     rts6740_elf.lib : write.c.obj (.text:write)
                  008019a0    00000060     mmw_dss_pe674.oe674 (.text:xdc_runtime_LoggerBuf_Object__delete__S)
                  00801a00    00000060     sysbios.ae674 : BIOS.obj (.text:xdc_runtime_SysStd_abort__E)
                  00801a60    00000040     libhwa_xwr18xx.ae674 : hwa.oe674 (.text:CSL_FEXTR)
                  00801aa0    00000040     libsoc_xwr18xx.ae674 : soc.oe674 (.text:CSL_FEXTR)
                  00801ae0    00000040                          : soc_xwr18xx.oe674 (.text:CSL_FEXTR)
                  00801b20    00000040     libhwa_xwr18xx.ae674 : hwa.oe674 (.text:CSL_FINSR)
                  00801b60    00000040     libmailbox_xwr18xx.ae674 : mailbox.oe674 (.text:CSL_FINSR)
                  00801ba0    00000040     libsoc_xwr18xx.ae674 : soc.oe674 (.text:CSL_FINSR)
                  00801be0    00000040                          : soc_xwr18xx.oe674 (.text:CSL_FINSR)
                  00801c20    00000040                          : soc_xwr18xx_dss.oe674 (.text:CSL_FINSR)
                  00801c60    00000040     objectdetection.oe674 (.text:DPC_ObjDet_GenRangeWindow)
                  00801ca0    00000040     libdpm_xwr18xx.ae674 : dpm_listlib.oe674 (.text:DPM_listAdd)
                  00801ce0    00000040                          : dpm_listlib.oe674 (.text:DPM_listRemove)
                  00801d20    00000040                          : dpm_mailbox.oe674 (.text:DPM_mboxMsgSend)
                  00801d60    00000040                          : dpm_msg.oe674 (.text:DPM_msgAssertHandler)
                  00801da0    00000040                          : dpm_msg.oe674 (.text:DPM_msgBSSFaultHandler)
                  00801de0    00000040                          : dpm_msg.oe674 (.text:DPM_msgDPCInfoHandler)
                  00801e20    00000040                          : dpm_pipe.oe674 (.text:DPM_pipeDequeue)
                  00801e60    00000040     libedma_xwr18xx.ae674 : edma_low_level.oe674 (.text:EDMA3MapQdmaChToPaRAM)
                  00801ea0    00000040                           : edma_low_level.oe674 (.text:EDMA3SetPaRAM)
                  00801ee0    00000040                           : edma_low_level.oe674 (.text:EDMA3SetQdmaTrigWord)
                  00801f20    00000040     libosal_xwr18xx.ae674 : HwiP_tirtos.oe674 (.text:HwiP_create)
                  00801f60    00000040                           : HwiP_tirtos.oe674 (.text:HwiP_delete)
                  00801fa0    00000040     libmailbox_xwr18xx.ae674 : mailbox.oe674 (.text:Mailbox_boxEmptyISRBss)
                  00801fe0    00000040                              : mailbox.oe674 (.text:Mailbox_boxEmptyISRMssDss)
                  00802020    00000040                              : mailbox.oe674 (.text:Mailbox_boxFullISRBss)
                  00802060    00000040     dss_main.oe674 (.text:MmwDemo_DPC_ObjectDetection_processFrameBeginCallBackFxn)
                  008020a0    00000040     dss_main.oe674 (.text:MmwDemo_DPC_ObjectDetection_processInterFrameBeginCallBackFxn)
                  008020e0    00000040     data_path.oe674 (.text:MmwDemo_EDMA_errorCallbackFxn)
                  00802120    00000040     data_path.oe674 (.text:MmwDemo_EDMA_transferControllerErrorCallbackFxn)
                  00802160    00000040     libsoc_xwr18xx.ae674 : soc_xwr18xx_dss.oe674 (.text:SOC_getInAddr_LUTType)
                  008021a0    00000040                          : soc_xwr18xx_dss.oe674 (.text:SOC_getOutAddr_LUTType)
                  008021e0    00000040                          : soc_xwr18xx.oe674 (.text:SOC_isMSSOperational)
                  00802220    00000040     rts6740_elf.lib : frcmpyd_div.c.obj (.text:__TI_frcmpyd_div)
                  00802260    00000040                     : strasg.asm.obj (.text:__strasgi_64plus)
                  008022a0    00000040                     : args_main.c.obj (.text:_args_main)
                  008022e0    00000040     sysbios.ae674 : c62_TaskSupport_asm.obj (.text:_ti_sysbios_family_c62_TaskSupport_buildTaskStack)
                  00802320    00000040     mmw_dss_pe674.oe674 (.text:free)
                  00802360    00000040     libmathutils.ae674 : mathutils.oe674 (.text:mathUtils_floorLog2)
                  008023a0    00000040     librangeproc_hwa_xwr18xx.ae674 : rangeprochwa.oe674 (.text:rangeProcHWA_EDMA_transferCompletionCallbackFxn)
                  008023e0    00000040     mmw_dss_pe674.oe674 (.text:ti_sysbios_BIOS_exitFunc__I)
                  00802420    00000040     mmw_dss_pe674.oe674 (.text:ti_sysbios_BIOS_rtsLock__I)
                  00802460    00000040     mmw_dss_pe674.oe674 (.text:ti_sysbios_BIOS_rtsUnlock__I)
                  008024a0    00000040     sysbios.ae674 : BIOS.obj (.text:ti_sysbios_family_c64p_Hwi_disableInterrupt__E)
                  008024e0    00000040                   : BIOS.obj (.text:ti_sysbios_family_c64p_Hwi_enableInterrupt__E)
                  00802520    00000040     mmw_dss_pe674.oe674 (.text:ti_sysbios_gates_GateHwi_Handle__label__S)
                  00802560    00000040     mmw_dss_pe674.oe674 (.text:ti_sysbios_gates_GateHwi_Object__delete__S)
                  008025a0    00000040     mmw_dss_pe674.oe674 (.text:ti_sysbios_gates_GateMutex_Handle__label__S)
                  008025e0    00000040     sysbios.ae674 : BIOS.obj (.text:ti_sysbios_gates_GateMutex_Instance_init__E)
                  00802620    00000040                   : BIOS.obj (.text:ti_sysbios_gates_GateMutex_leave__E)
                  00802660    00000040     mmw_dss_pe674.oe674 (.text:ti_sysbios_heaps_HeapMem_Handle__label__S)
                  008026a0    00000040     mmw_dss_pe674.oe674 (.text:ti_sysbios_heaps_HeapMem_Object__delete__S)
                  008026e0    00000040     mmw_dss_pe674.oe674 (.text:ti_sysbios_heaps_HeapMem_Object__get__S)
                  00802720    00000040     mmw_dss_pe674.oe674 (.text:ti_sysbios_knl_Semaphore_destruct)
                  00802760    00000040     mmw_dss_pe674.oe674 (.text:ti_sysbios_knl_Swi_Object__get__S)
                  008027a0    00000040     mmw_dss_pe674.oe674 (.text:ti_sysbios_knl_Task_Object__get__S)
                  008027e0    00000040     sysbios.ae674 : BIOS.obj (.text:ti_sysbios_timers_rti_Timer_periodicStub__E)
                  00802820    00000040                   : BIOS.obj (.text:xdc_runtime_Error_init__E)
                  00802860    00000040     mmw_dss_pe674.oe674 (.text:xdc_runtime_LoggerBuf_Handle__label__S)
                  008028a0    00000040     sysbios.ae674 : BIOS.obj (.text:xdc_runtime_LoggerBuf_Instance_finalize__E)
                  008028e0    00000040     mmw_dss_pe674.oe674 (.text:xdc_runtime_LoggerBuf_Object__get__S)
                  00802920    00000040     sysbios.ae674 : BIOS.obj (.text:xdc_runtime_LoggerBuf_write0__E)
                  00802960    00000040                   : BIOS.obj (.text:xdc_runtime_LoggerBuf_write1__E)
                  008029a0    00000040                   : BIOS.obj (.text:xdc_runtime_LoggerBuf_write2__E)
                  008029e0    00000040     mmw_dss_pe674.oe674 (.text:xdc_runtime_System_aprintf__E)
                  00802a20    00000040     mmw_dss_pe674.oe674 (.text:xdc_runtime_System_printf__E)
                  00802a60    00000020     libaoaproc_hwa_xwr18xx.ae674 : aoaprochwa.oe674 (.text:AOAProcHWADoneIsrCallback)
                  00802a80    00000020     libcfarcaproc_hwa_xwr18xx.ae674 : cfarcaprochwa.oe674 (.text:CFARCAHWADoneIsrCallback)
                  00802aa0    00000020     objectdetection.oe674 (.text:DPC_ObjDet_GetRangeWinGenLen)
                  00802ac0    00000020     objectdetection.oe674 (.text:DPC_ObjDet_MemPoolReset)
                  00802ae0    00000020     libdpm_xwr18xx.ae674 : dpm_core.oe674 (.text:DPM_chirpISR)
                  00802b00    00000020                          : dpm_core.oe674 (.text:DPM_frameStartISR)
                  00802b20    00000020                          : dpm_mailbox.oe674 (.text:DPM_mboxSynch)
                  00802b40    00000020     libaoaproc_hwa_xwr18xx.ae674 : aoaprochwa.oe674 (.text:DPU_AoAProcHWA_getNumHwaParamSets)
                  00802b60    00000020     libdopplerproc_hwa_xwr18xx.ae674 : dopplerprochwa.oe674 (.text:DPU_DopplerProcHWA_edmaDoneIsrCallback)
                  00802b80    00000020                                      : dopplerprochwa.oe674 (.text:DPU_DopplerProcHWA_hwaDoneIsrCallback)
                  00802ba0    00000020     libedma_xwr18xx.ae674 : edma_low_level.oe674 (.text:EDMA3ChannelToParamMap)
                  00802bc0    00000020                           : edma_low_level.oe674 (.text:EDMA3ClrCCErr)
                  00802be0    00000020                           : edma_low_level.oe674 (.text:EDMA3DisableQdmaEvt)
                  00802c00    00000020                           : edma_low_level.oe674 (.text:EDMA3EnableQdmaEvt)
                  00802c20    00000020                           : edma_low_level.oe674 (.text:EDMA3ErrIntrHighStatusGet)
                  00802c40    00000020                           : edma_low_level.oe674 (.text:EDMA3GetCCErrStatus)
                  00802c60    00000020                           : edma_low_level.oe674 (.text:EDMA3GetErrIntrStatus)
                  00802c80    00000020                           : edma_low_level.oe674 (.text:EDMA3GetIntrStatus)
                  00802ca0    00000020                           : edma_low_level.oe674 (.text:EDMA3IntrStatusHighGet)
                  00802cc0    00000020                           : edma_low_level.oe674 (.text:EDMA3QdmaClrMissEvt)
                  00802ce0    00000020                           : edma_low_level.oe674 (.text:EDMA3QdmaGetErrIntrStatus)
                  00802d00    00000020                           : edma_low_level.oe674 (.text:EDMAsetRegion)
                  00802d20    00000020     libhwa_xwr18xx.ae674 : hwa.oe674 (.text:HWA_init)
                  00802d40    00000020     libosal_xwr18xx.ae674 : HwiP_tirtos.oe674 (.text:HwiP_Params_init)
                  00802d60    00000020                           : HwiP_tirtos.oe674 (.text:HwiP_disable)
                  00802d80    00000020                           : HwiP_tirtos.oe674 (.text:HwiP_disableInterrupt)
                  00802da0    00000020                           : HwiP_tirtos.oe674 (.text:HwiP_enableInterrupt)
                  00802dc0    00000020                           : HwiP_tirtos.oe674 (.text:HwiP_restore)
                  00802de0    00000020                           : MemoryP_tirtos.oe674 (.text:MemoryP_ctrlAlloc)
                  00802e00    00000020                           : MemoryP_tirtos.oe674 (.text:MemoryP_ctrlFree)
                  00802e20    00000020                           : MemoryP_tirtos.oe674 (.text:MemoryP_getStats)
                  00802e40    00000020     dss_main.oe674 (.text:MmwDemo_sleep)
                  00802e60    00000020     libsoc_xwr18xx.ae674 : soc_xwr18xx.oe674 (.text:SOC_ungateClock)
                  00802e80    00000020     libosal_xwr18xx.ae674 : SemaphoreP_tirtos.oe674 (.text:SemaphoreP_Params_init)
                  00802ea0    00000020                           : SemaphoreP_tirtos.oe674 (.text:SemaphoreP_delete)
                  00802ec0    00000020                           : SemaphoreP_tirtos.oe674 (.text:SemaphoreP_pend)
                  00802ee0    00000020                           : SemaphoreP_tirtos.oe674 (.text:SemaphoreP_post)
                  00802f00    00000020                           : DebugP_tirtos.oe674 (.text:_DebugP_assert)
                  00802f20    00000020     rts6740_elf.lib : errno.c.obj (.text:__c6xabi_errno_addr)
                  00802f40    00000020                     : trunc.c.obj (.text:__c6xabi_trunc)
                  00802f60    00000020                     : push.asm.obj (.text:__pop_rts)
                  00802f80    00000020                     : push.asm.obj (.text:__push_rts)
                  00802fa0    00000020                     : _lock.c.obj (.text:_nop)
                  00802fc0    00000020                     : _lock.c.obj (.text:_register_lock)
                  00802fe0    00000020                     : _lock.c.obj (.text:_register_unlock)
                  00803000    00000020     sysbios.ae674 : c62_TaskSupport_asm.obj (.text:_ti_sysbios_family_c62_TaskSupport_glue)
                  00803020    00000020     rts6740_elf.lib : exit.c.obj (.text:abort)
                  00803040    00000020     libmathutils.ae674 : mathutils.oe674 (.text:mathUtils_ceilLog2)
                  00803060    00000020     rts6740_elf.lib : fputc.c.obj (.text:putchar)
                  00803080    00000020     librangeproc_hwa_xwr18xx.ae674 : rangeprochwa.oe674 (.text:rangeProcHWADoneIsrCallback)
                  008030a0    00000020     mmw_dss_pe674.oe674 (.text:ti_sysbios_BIOS_RtsGateProxy_enter__E)
                  008030c0    00000020     mmw_dss_pe674.oe674 (.text:ti_sysbios_BIOS_RtsGateProxy_leave__E)
                  008030e0    00000020     sysbios.ae674 : BIOS.obj (.text:ti_sysbios_BIOS_getCpuFreq__E)
                  00803100    00000020                   : BIOS.obj (.text:ti_sysbios_BIOS_linkedWithIncorrectBootLibrary__E)
                  00803120    00000020     mmw_dss_pe674.oe674 (.text:ti_sysbios_BIOS_nullFunc__I)
                  00803140    00000020     sysbios.ae674 : BIOS.obj (.text:ti_sysbios_BIOS_setThreadType__E)
                  00803160    00000020                   : BIOS.obj (.text:ti_sysbios_BIOS_start__E)
                  00803180    00000020     mmw_dss_pe674.oe674 (.text:ti_sysbios_family_c62_TaskSupport_Module__startupDone__S)
                  008031a0    00000020     sysbios.ae674 : BIOS.obj (.text:ti_sysbios_family_c62_TaskSupport_checkStack__E)
                  008031c0    00000020                   : BIOS.obj (.text:ti_sysbios_family_c62_TaskSupport_getStackAlignment__E)
                  008031e0    00000020     mmw_dss_pe674.oe674 (.text:ti_sysbios_family_c64p_Hwi_Module__startupDone__F)
                  00803200    00000020     sysbios.ae674 : BIOS.obj (.text:ti_sysbios_family_c64p_Hwi_clearInterrupt__E)
                  00803220    00000020                   : BIOS.obj (.text:ti_sysbios_family_c64p_Hwi_startup__E)
                  00803240    00000020                   : BIOS.obj (.text:ti_sysbios_family_c64p_Hwi_switchFromBootStack__E)
                  00803260    00000020                   : BIOS.obj (.text:ti_sysbios_family_c64p_TimestampProvider_Module_startup__E)
                  00803280    00000020                   : BIOS.obj (.text:ti_sysbios_family_c64p_TimestampProvider_get32__E)
                  008032a0    00000020                   : BIOS.obj (.text:ti_sysbios_family_c64p_TimestampProvider_get64__E)
                  008032c0    00000020                   : BIOS.obj (.text:ti_sysbios_gates_GateHwi_Instance_init__E)
                  008032e0    00000020                   : BIOS.obj (.text:ti_sysbios_gates_GateHwi_enter__E)
                  00803300    00000020                   : BIOS.obj (.text:ti_sysbios_gates_GateHwi_leave__E)
                  00803320    00000020                   : BIOS.obj (.text:ti_sysbios_gates_GateHwi_query__E)
                  00803340    00000020                   : BIOS.obj (.text:ti_sysbios_gates_GateMutex_Instance_finalize__E)
                  00803360    00000020                   : BIOS.obj (.text:ti_sysbios_gates_GateMutex_query__E)
                  00803380    00000020                   : BIOS.obj (.text:ti_sysbios_hal_Hwi_Module_startup__E)
                  008033a0    00000020     mmw_dss_pe674.oe674 (.text:ti_sysbios_heaps_HeapBuf_Object__get__S)
                  008033c0    00000020     mmw_dss_pe674.oe674 (.text:ti_sysbios_heaps_HeapMem_Module_GateProxy_enter__E)
                  008033e0    00000020     mmw_dss_pe674.oe674 (.text:ti_sysbios_heaps_HeapMem_Module_GateProxy_leave__E)
                  00803400    00000020     sysbios.ae674 : BIOS.obj (.text:ti_sysbios_heaps_HeapMem_isBlocking__E)
                  00803420    00000020     mmw_dss_pe674.oe674 (.text:ti_sysbios_knl_Clock_TimerProxy_getMaxTicks__E)
                  00803440    00000020     sysbios.ae674 : BIOS.obj (.text:ti_sysbios_knl_Clock_logTick__E)
                  00803460    00000020                   : BIOS.obj (.text:ti_sysbios_knl_Idle_loop__E)
                  00803480    00000020                   : BIOS.obj (.text:ti_sysbios_knl_Queue_Instance_init__E)
                  008034a0    00000020     mmw_dss_pe674.oe674 (.text:ti_sysbios_knl_Queue_Object__get__S)
                  008034c0    00000020     mmw_dss_pe674.oe674 (.text:ti_sysbios_knl_Queue_destruct)
                  008034e0    00000020     sysbios.ae674 : BIOS.obj (.text:ti_sysbios_knl_Queue_empty__E)
                  00803500    00000020                   : BIOS.obj (.text:ti_sysbios_knl_Semaphore_Instance_finalize__E)
                  00803520    00000020     mmw_dss_pe674.oe674 (.text:ti_sysbios_knl_Semaphore_Params__init__S)
                  00803540    00000020     mmw_dss_pe674.oe674 (.text:ti_sysbios_knl_Semaphore_delete)
                  00803560    00000020     sysbios.ae674 : BIOS.obj (.text:ti_sysbios_knl_Swi_disable__E)
                  00803580    00000020     mmw_dss_pe674.oe674 (.text:ti_sysbios_knl_Task_Params__init__S)
                  008035a0    00000020     sysbios.ae674 : BIOS.obj (.text:ti_sysbios_knl_Task_disable__E)
                  008035c0    00000020                   : BIOS.obj (.text:ti_sysbios_knl_Task_startup__E)
                  008035e0    00000020     mmw_dss_pe674.oe674 (.text:ti_sysbios_timers_rti_Timer_Module__startupDone__F)
                  00803600    00000020     sysbios.ae674 : BIOS.obj (.text:ti_sysbios_timers_rti_Timer_getMaxTicks__E)
                  00803620    00000020                   : BIOS.obj (.text:ti_sysbios_utils_Load_getCPULoad__E)
                  00803640    00000020                   : BIOS.obj (.text:ti_sysbios_utils_Load_taskRegHook__E)
                  00803660    00000020     mmw_dss_pe674.oe674 (.text:xdc_runtime_IHeap_alloc)
                  00803680    00000020     mmw_dss_pe674.oe674 (.text:xdc_runtime_IHeap_free)
                  008036a0    00000020     mmw_dss_pe674.oe674 (.text:xdc_runtime_IHeap_getStats)
                  008036c0    00000020     mmw_dss_pe674.oe674 (.text:xdc_runtime_LoggerBuf_Module_GateProxy_enter__E)
                  008036e0    00000020     mmw_dss_pe674.oe674 (.text:xdc_runtime_LoggerBuf_Module_GateProxy_leave__E)
                  00803700    00000020     sysbios.ae674 : BIOS.obj (.text:xdc_runtime_LoggerBuf_disable__E)
                  00803720    00000020                   : BIOS.obj (.text:xdc_runtime_LoggerBuf_enable__E)
                  00803740    00000020                   : BIOS.obj (.text:xdc_runtime_Memory_free__E)
                  00803760    00000020                   : BIOS.obj (.text:xdc_runtime_Memory_getStats__E)
                  00803780    00000020     mmw_dss_pe674.oe674 (.text:xdc_runtime_Startup_exec__I)
                  008037a0    00000020     mmw_dss_pe674.oe674 (.text:xdc_runtime_Startup_reset__I)
                  008037c0    00000020     sysbios.ae674 : BIOS.obj (.text:xdc_runtime_Startup_rtsDone__E)
                  008037e0    00000020                   : BIOS.obj (.text:xdc_runtime_SysStd_exit__E)
                  00803800    00000020                   : BIOS.obj (.text:xdc_runtime_SysStd_putch__E)
                  00803820    00000020                   : BIOS.obj (.text:xdc_runtime_SysStd_ready__E)
                  00803840    00000020     mmw_dss_pe674.oe674 (.text:xdc_runtime_System_Module_GateProxy_enter__E)
                  00803860    00000020     mmw_dss_pe674.oe674 (.text:xdc_runtime_System_Module_GateProxy_leave__E)
                  00803880    00000020     sysbios.ae674 : BIOS.obj (.text:xdc_runtime_System_Module_startup__E)
                  008038a0    00000020     mmw_dss_pe674.oe674 (.text:xdc_runtime_Text_visitRope__I)

.const.1   0    008038c0    00000740     
                  008038c0    00000630     sysbios.ae674 : BIOS.obj (.const:.string)
                  00803ef0    000000e0     mmw_dss_pe674.oe674 (.const:xdc_runtime_Text_nodeTab__A)
                  00803fd0    00000028     libdpm_xwr18xx.ae674 : dpm_msg.oe674 (.const:gDPMMessageFxnTable)
                  00803ff8    00000008     mmw_dss_pe674.oe674 (.const:ti_sysbios_knl_Idle_funcList__C)

.dpc_l2Heap 
*          0    00804000    0000c400     UNINITIALIZED
                  00804000    0000c400     dss_main.oe674 (.dpc_l2Heap)

systemHeap 
*          0    00810400    00008000     UNINITIALIZED
                  00810400    00008000     mmw_dss_pe674.oe674 (systemHeap)

.const.2   0    00818400    00002554     
                  00818400    00001a59     mmw_dss_pe674.oe674 (.const:xdc_runtime_Text_charTab__A)
                  00819e59    00000001     --HOLE-- [fill = 0]
                  00819e5a    00000002     mmw_dss_pe674.oe674 (.const:ti_sysbios_family_c64p_Cache_Module__id__C)
                  00819e5c    000002e4     dss_main.oe674 (.const:.string)
                  0081a140    00000074     mmw_dss_pe674.oe674 (.const:.string)
                  0081a1b4    00000058     libedma_xwr18xx.ae674 : edma.oe674 (.const:.string)
                  0081a20c    0000004c     libmailbox_xwr18xx.ae674 : mailbox.oe674 (.const:.string)
                  0081a258    00000044     mmw_dss_pe674.oe674 (.const:ti_sysbios_knl_Task_Object__PARAMS__C)
                  0081a29c    00000004     mmw_dss_pe674.oe674 (.const:ti_sysbios_family_c62_TaskSupport_stackAlignment__C)
                  0081a2a0    00000040     libhwa_xwr18xx.ae674 : hwa.oe674 (.const:gHwaTrigSignatures)
                  0081a2e0    0000003c     libsoc_xwr18xx.ae674 : soc_xwr18xx_dss.oe674 (.const:.string)
                  0081a31c    0000003c     mmw_dss_pe674.oe674 (.const:xdc_runtime_LoggerBuf_Module__FXNS__C)
                  0081a358    00000038     libedma_xwr18xx.ae674 : edma_xwr1xxx.oe674 (.const:gEdmaHwAttrs)
                  0081a390    00000034     mmw_dss_pe674.oe674 (.const:xdc_runtime_Startup_sfxnTab__A)
                  0081a3c4    00000028     mmw_dss_pe674.oe674 (.const:ti_sysbios_heaps_HeapMem_Module__FXNS__C)
                  0081a3ec    00000028     mmw_dss_pe674.oe674 (.const:xdc_runtime_LoggerBuf_Object__PARAMS__C)
                  0081a414    00000024     libmailbox_xwr18xx.ae674 : mailbox.oe674 (.const:Mailbox_defaultCfg)
                  0081a438    00000024     mmw_dss_pe674.oe674 (.const:ti_sysbios_gates_GateHwi_Module__FXNS__C)
                  0081a45c    00000024     mmw_dss_pe674.oe674 (.const:ti_sysbios_gates_GateMutex_Module__FXNS__C)
                  0081a480    00000024     mmw_dss_pe674.oe674 (.const:ti_sysbios_heaps_HeapMem_Object__PARAMS__C)
                  0081a4a4    00000024     mmw_dss_pe674.oe674 (.const:ti_sysbios_knl_Semaphore_Object__PARAMS__C)
                  0081a4c8    00000020     libhwa_xwr18xx.ae674 : hwa.oe674 (.const:$P$T0$1)
                  0081a4e8    00000020                          : hwa.oe674 (.const:.string)
                  0081a508    00000020     libosal_xwr18xx.ae674 : SemaphoreP_tirtos.oe674 (.const:.string)
                  0081a528    00000020     mmw_dss_pe674.oe674 (.const:ti_sysbios_gates_GateHwi_Object__DESC__C)
                  0081a548    00000020     mmw_dss_pe674.oe674 (.const:ti_sysbios_gates_GateMutex_Object__DESC__C)
                  0081a568    00000020     mmw_dss_pe674.oe674 (.const:ti_sysbios_heaps_HeapMem_Object__DESC__C)
                  0081a588    00000020     mmw_dss_pe674.oe674 (.const:ti_sysbios_knl_Queue_Object__DESC__C)
                  0081a5a8    00000020     mmw_dss_pe674.oe674 (.const:ti_sysbios_knl_Semaphore_Object__DESC__C)
                  0081a5c8    00000020     mmw_dss_pe674.oe674 (.const:ti_sysbios_knl_Task_Object__DESC__C)
                  0081a5e8    00000020     mmw_dss_pe674.oe674 (.const:xdc_runtime_LoggerBuf_Object__DESC__C)
                  0081a608    0000001c     libosal_xwr18xx.ae674 : HwiP_tirtos.oe674 (.const:.string)
                  0081a624    00000004     mmw_dss_pe674.oe674 (.const:ti_sysbios_family_c64p_Cache_E_invalidL1CacheSize__C)
                  0081a628    0000001a     mmw_dss_pe674.oe674 (.const:xdc_runtime_Startup_sfxnRts__A)
                  0081a642    00000002     mmw_dss_pe674.oe674 (.const:ti_sysbios_family_c64p_EventCombiner_Module__id__C)
                  0081a644    00000018     objectdetection.oe674 (.const:.string)
                  0081a65c    00000018     mmw_dss_pe674.oe674 (.const:ti_sysbios_gates_GateHwi_Object__PARAMS__C)
                  0081a674    00000018     mmw_dss_pe674.oe674 (.const:ti_sysbios_gates_GateMutex_Object__PARAMS__C)
                  0081a68c    00000018     mmw_dss_pe674.oe674 (.const:ti_sysbios_knl_Queue_Object__PARAMS__C)
                  0081a6a4    00000004     mmw_dss_pe674.oe674 (.const:ti_sysbios_family_c64p_Cache_E_invalidL2CacheSize__C)
                  0081a6a8    00000018     mmw_dss_pe674.oe674 (.const:ti_sysbios_knl_Task_hooks__A)
                  0081a6c0    00000014     libdpm_xwr18xx.ae674 : dpm_mailbox.oe674 (.const:.string)
                  0081a6d4    00000010     data_path.oe674 (.const:.string)
                  0081a6e4    00000010     libdpm_xwr18xx.ae674 : dpm_core.oe674 (.const:.string)
                  0081a6f4    00000010                          : dpm_msg.oe674 (.const:.string)
                  0081a704    00000010                          : dpm_pipe.oe674 (.const:.string)
                  0081a714    00000004     mmw_dss_pe674.oe674 (.const:ti_sysbios_family_c64p_Cache_MAR0_31__C)
                  0081a718    00000010     libedma_xwr18xx.ae674 : edma.oe674 (.const:EDMA_config$1)
                  0081a728    00000010     mmw_dss_pe674.oe674 (.const:ti_sysbios_family_c64p_EventCombiner_EVTMASK__C)
                  0081a738    0000000c     mmw_dss_pe674.oe674 (.const:ti_sysbios_knl_Idle_funcList__A)
                  0081a744    00000008     mmw_dss_pe674.oe674 (.const:ti_sysbios_knl_Task_hooks__C)
                  0081a74c    00000004     mmw_dss_pe674.oe674 (.const:ti_sysbios_family_c64p_Cache_MAR128_159__C)
                  0081a750    00000008     mmw_dss_pe674.oe674 (.const:xdc_runtime_Startup_firstFxns__A)
                  0081a758    00000008     mmw_dss_pe674.oe674 (.const:xdc_runtime_Startup_firstFxns__C)
                  0081a760    00000008     mmw_dss_pe674.oe674 (.const:xdc_runtime_Startup_lastFxns__C)
                  0081a768    00000004     mmw_dss_pe674.oe674 (.const:ti_sysbios_family_c64p_Cache_MAR160_191__C)
                  0081a76c    00000004     mmw_dss_pe674.oe674 (.const:ti_sysbios_family_c64p_Cache_MAR192_223__C)
                  0081a770    00000004     mmw_dss_pe674.oe674 (.const:ti_sysbios_family_c64p_Cache_MAR224_255__C)
                  0081a774    00000004     mmw_dss_pe674.oe674 (.const:ti_sysbios_family_c64p_Cache_MAR32_63__C)
                  0081a778    00000004     mmw_dss_pe674.oe674 (.const:ti_sysbios_family_c64p_Cache_MAR64_95__C)
                  0081a77c    00000004     mmw_dss_pe674.oe674 (.const:ti_sysbios_family_c64p_Cache_MAR96_127__C)
                  0081a780    00000004     mmw_dss_pe674.oe674 (.const:ti_sysbios_family_c64p_EventCombiner_A_invalidEventId__C)
                  0081a784    00000004     mmw_dss_pe674.oe674 (.const:ti_sysbios_family_c64p_EventCombiner_EVTRegs__C)
                  0081a788    00000004     mmw_dss_pe674.oe674 (.const:ti_sysbios_family_c64p_EventCombiner_E_unpluggedEvent__C)
                  0081a78c    00000004     mmw_dss_pe674.oe674 (.const:ti_sysbios_family_c64p_EventCombiner_Module__diagsEnabled__C)
                  0081a790    00000004     mmw_dss_pe674.oe674 (.const:ti_sysbios_family_c64p_EventCombiner_Module__diagsIncluded__C)
                  0081a794    00000004     mmw_dss_pe674.oe674 (.const:ti_sysbios_family_c64p_EventCombiner_Module__diagsMask__C)
                  0081a798    00000004     mmw_dss_pe674.oe674 (.const:ti_sysbios_family_c64p_Exception_E_exceptionMax__C)
                  0081a79c    00000004     mmw_dss_pe674.oe674 (.const:ti_sysbios_family_c64p_Exception_exceptionHook__C)
                  0081a7a0    00000004     mmw_dss_pe674.oe674 (.const:ti_sysbios_family_c64p_Exception_externalHook__C)
                  0081a7a4    00000004     mmw_dss_pe674.oe674 (.const:ti_sysbios_family_c64p_Exception_internalHook__C)
                  0081a7a8    00000004     mmw_dss_pe674.oe674 (.const:ti_sysbios_family_c64p_Exception_nmiHook__C)
                  0081a7ac    00000004     mmw_dss_pe674.oe674 (.const:ti_sysbios_family_c64p_Hwi_INTRMUX1Address__C)
                  0081a7b0    00000004     mmw_dss_pe674.oe674 (.const:ti_sysbios_gates_GateMutex_A_badContext__C)
                  0081a7b4    00000004     mmw_dss_pe674.oe674 (.const:ti_sysbios_gates_GateMutex_Instance_State_sem__O)
                  0081a7b8    00000004     mmw_dss_pe674.oe674 (.const:ti_sysbios_gates_GateMutex_Module__diagsEnabled__C)
                  0081a7bc    00000004     mmw_dss_pe674.oe674 (.const:ti_sysbios_gates_GateMutex_Module__diagsIncluded__C)
                  0081a7c0    00000004     mmw_dss_pe674.oe674 (.const:ti_sysbios_gates_GateMutex_Module__diagsMask__C)
                  0081a7c4    00000004     mmw_dss_pe674.oe674 (.const:ti_sysbios_hal_Hwi_E_stackOverflow__C)
                  0081a7c8    00000004     mmw_dss_pe674.oe674 (.const:ti_sysbios_heaps_HeapBuf_Instance_State_freeList__O)
                  0081a7cc    00000004     mmw_dss_pe674.oe674 (.const:ti_sysbios_heaps_HeapBuf_Object__count__C)
                  0081a7d0    00000004     mmw_dss_pe674.oe674 (.const:ti_sysbios_heaps_HeapBuf_numConstructedHeaps__C)
                  0081a7d4    00000004     mmw_dss_pe674.oe674 (.const:ti_sysbios_heaps_HeapMem_A_align__C)
                  0081a7d8    00000004     mmw_dss_pe674.oe674 (.const:ti_sysbios_heaps_HeapMem_A_heapSize__C)
                  0081a7dc    00000004     mmw_dss_pe674.oe674 (.const:ti_sysbios_heaps_HeapMem_A_invalidFree__C)
                  0081a7e0    00000004     mmw_dss_pe674.oe674 (.const:ti_sysbios_heaps_HeapMem_A_zeroBlock__C)
                  0081a7e4    00000004     mmw_dss_pe674.oe674 (.const:ti_sysbios_heaps_HeapMem_E_memory__C)
                  0081a7e8    00000004     mmw_dss_pe674.oe674 (.const:ti_sysbios_heaps_HeapMem_Module__diagsEnabled__C)
                  0081a7ec    00000004     mmw_dss_pe674.oe674 (.const:ti_sysbios_heaps_HeapMem_Module__diagsIncluded__C)
                  0081a7f0    00000004     mmw_dss_pe674.oe674 (.const:ti_sysbios_heaps_HeapMem_Module__diagsMask__C)
                  0081a7f4    00000004     mmw_dss_pe674.oe674 (.const:ti_sysbios_heaps_HeapMem_Module__gateObj__C)
                  0081a7f8    00000004     mmw_dss_pe674.oe674 (.const:ti_sysbios_heaps_HeapMem_Object__count__C)
                  0081a7fc    00000004     mmw_dss_pe674.oe674 (.const:ti_sysbios_heaps_HeapMem_reqAlign__C)
                  0081a800    00000004     mmw_dss_pe674.oe674 (.const:ti_sysbios_knl_Clock_Module_State_clockQ__O)
                  0081a804    00000004     mmw_dss_pe674.oe674 (.const:ti_sysbios_knl_Semaphore_A_badContext__C)
                  0081a808    00000004     mmw_dss_pe674.oe674 (.const:ti_sysbios_knl_Semaphore_A_noEvents__C)
                  0081a80c    00000004     mmw_dss_pe674.oe674 (.const:ti_sysbios_knl_Semaphore_A_overflow__C)
                  0081a810    00000004     mmw_dss_pe674.oe674 (.const:ti_sysbios_knl_Semaphore_A_pendTaskDisabled__C)
                  0081a814    00000004     mmw_dss_pe674.oe674 (.const:ti_sysbios_knl_Semaphore_Instance_State_pendQ__O)
                  0081a818    00000004     mmw_dss_pe674.oe674 (.const:ti_sysbios_knl_Semaphore_Module__diagsEnabled__C)
                  0081a81c    00000004     mmw_dss_pe674.oe674 (.const:ti_sysbios_knl_Semaphore_Module__diagsIncluded__C)
                  0081a820    00000004     mmw_dss_pe674.oe674 (.const:ti_sysbios_knl_Semaphore_Module__diagsMask__C)
                  0081a824    00000004     mmw_dss_pe674.oe674 (.const:ti_sysbios_knl_Swi_Object__count__C)
                  0081a828    00000004     mmw_dss_pe674.oe674 (.const:ti_sysbios_knl_Task_A_badPriority__C)
                  0081a82c    00000004     mmw_dss_pe674.oe674 (.const:ti_sysbios_knl_Task_A_badTaskState__C)
                  0081a830    00000004     mmw_dss_pe674.oe674 (.const:ti_sysbios_knl_Task_A_badThreadType__C)
                  0081a834    00000004     mmw_dss_pe674.oe674 (.const:ti_sysbios_knl_Task_A_badTimeout__C)
                  0081a838    00000004     mmw_dss_pe674.oe674 (.const:ti_sysbios_knl_Task_A_noPendElem__C)
                  0081a83c    00000004     mmw_dss_pe674.oe674 (.const:ti_sysbios_knl_Task_A_sleepTaskDisabled__C)
                  0081a840    00000004     mmw_dss_pe674.oe674 (.const:ti_sysbios_knl_Task_E_spOutOfBounds__C)
                  0081a844    00000004     mmw_dss_pe674.oe674 (.const:ti_sysbios_knl_Task_E_stackOverflow__C)
                  0081a848    00000004     mmw_dss_pe674.oe674 (.const:ti_sysbios_knl_Task_Module_State_inactiveQ__O)
                  0081a84c    00000004     mmw_dss_pe674.oe674 (.const:ti_sysbios_knl_Task_Module__diagsEnabled__C)
                  0081a850    00000004     mmw_dss_pe674.oe674 (.const:ti_sysbios_knl_Task_Module__diagsIncluded__C)
                  0081a854    00000004     mmw_dss_pe674.oe674 (.const:ti_sysbios_knl_Task_Module__diagsMask__C)
                  0081a858    00000004     mmw_dss_pe674.oe674 (.const:ti_sysbios_knl_Task_Object__count__C)
                  0081a85c    00000004     mmw_dss_pe674.oe674 (.const:ti_sysbios_knl_Task_Object__heap__C)
                  0081a860    00000004     mmw_dss_pe674.oe674 (.const:ti_sysbios_knl_Task_allBlockedFunc__C)
                  0081a864    00000004     mmw_dss_pe674.oe674 (.const:ti_sysbios_knl_Task_defaultStackHeap__C)
                  0081a868    00000004     mmw_dss_pe674.oe674 (.const:ti_sysbios_knl_Task_defaultStackSize__C)
                  0081a86c    00000004     mmw_dss_pe674.oe674 (.const:ti_sysbios_knl_Task_numConstructedTasks__C)
                  0081a870    00000004     mmw_dss_pe674.oe674 (.const:ti_sysbios_timers_rti_Timer_E_cannotSupport__C)
                  0081a874    00000004     mmw_dss_pe674.oe674 (.const:ti_sysbios_timers_rti_Timer_Module__diagsEnabled__C)
                  0081a878    00000004     mmw_dss_pe674.oe674 (.const:ti_sysbios_timers_rti_Timer_Module__diagsIncluded__C)
                  0081a87c    00000004     mmw_dss_pe674.oe674 (.const:ti_sysbios_timers_rti_Timer_Module__diagsMask__C)
                  0081a880    00000004     mmw_dss_pe674.oe674 (.const:ti_sysbios_timers_rti_Timer_numTimerDevices__C)
                  0081a884    00000004     mmw_dss_pe674.oe674 (.const:ti_sysbios_timers_rti_Timer_startupNeeded__C)
                  0081a888    00000004     mmw_dss_pe674.oe674 (.const:ti_sysbios_utils_Load_Module_State_taskList__O)
                  0081a88c    00000004     mmw_dss_pe674.oe674 (.const:ti_sysbios_utils_Load_Module__diagsEnabled__C)
                  0081a890    00000004     mmw_dss_pe674.oe674 (.const:ti_sysbios_utils_Load_Module__diagsIncluded__C)
                  0081a894    00000004     mmw_dss_pe674.oe674 (.const:ti_sysbios_utils_Load_Module__diagsMask__C)
                  0081a898    00000004     mmw_dss_pe674.oe674 (.const:ti_sysbios_utils_Load_postUpdate__C)
                  0081a89c    00000004     mmw_dss_pe674.oe674 (.const:ti_sysbios_utils_Load_windowInMs__C)
                  0081a8a0    00000004     mmw_dss_pe674.oe674 (.const:xdc_runtime_Assert_E_assertFailed__C)
                  0081a8a4    00000004     mmw_dss_pe674.oe674 (.const:xdc_runtime_Core_A_initializedParams__C)
                  0081a8a8    00000004     mmw_dss_pe674.oe674 (.const:xdc_runtime_Core_Module__diagsEnabled__C)
                  0081a8ac    00000004     mmw_dss_pe674.oe674 (.const:xdc_runtime_Core_Module__diagsIncluded__C)
                  0081a8b0    00000004     mmw_dss_pe674.oe674 (.const:xdc_runtime_Core_Module__diagsMask__C)
                  0081a8b4    00000004     mmw_dss_pe674.oe674 (.const:xdc_runtime_Error_E_memory__C)
                  0081a8b8    00000004     mmw_dss_pe674.oe674 (.const:xdc_runtime_Error_policyFxn__C)
                  0081a8bc    00000004     mmw_dss_pe674.oe674 (.const:xdc_runtime_Error_policy__C)
                  0081a8c0    00000004     mmw_dss_pe674.oe674 (.const:xdc_runtime_Error_raiseHook__C)
                  0081a8c4    00000004     mmw_dss_pe674.oe674 (.const:xdc_runtime_IFilterLogger_Interface__BASE__C)
                  0081a8c8    00000004     mmw_dss_pe674.oe674 (.const:xdc_runtime_IGateProvider_Interface__BASE__C)
                  0081a8cc    00000004     mmw_dss_pe674.oe674 (.const:xdc_runtime_IHeap_Interface__BASE__C)
                  0081a8d0    00000004     mmw_dss_pe674.oe674 (.const:xdc_runtime_ILogger_Interface__BASE__C)
[...]
00803840  xdc_runtime_System_Module_GateProxy_enter__E                 
00803860  xdc_runtime_System_Module_GateProxy_leave__E                 
00803880  xdc_runtime_System_Module_startup__E                         
008038a0  xdc_runtime_Text_visitRope__I                                
00803ef0  xdc_runtime_Text_nodeTab__A                                  
00803fd0  gDPMMessageFxnTable                                          
00803ff8  ti_sysbios_knl_Idle_funcList__C                              
00804000  gDPC_ObjDetL2Heap                                            
00810400  ti_sysbios_heaps_HeapMem_Instance_State_0_buf__A             
00818400  xdc_runtime_Text_charTab__A                                  
00819e5a  ti_sysbios_family_c64p_Cache_Module__id__C                   
0081a258  ti_sysbios_knl_Task_Object__PARAMS__C                        
0081a29c  ti_sysbios_family_c62_TaskSupport_stackAlignment__C          
0081a31c  xdc_runtime_LoggerBuf_Module__FXNS__C                        
0081a358  gEdmaHwAttrs                                                 
0081a390  xdc_runtime_Startup_sfxnTab__A                               
0081a3c4  ti_sysbios_heaps_HeapMem_Module__FXNS__C                     
0081a3ec  xdc_runtime_LoggerBuf_Object__PARAMS__C                      
0081a414  Mailbox_defaultCfg                                           
0081a438  ti_sysbios_gates_GateHwi_Module__FXNS__C                     
0081a45c  ti_sysbios_gates_GateMutex_Module__FXNS__C                   
0081a480  ti_sysbios_heaps_HeapMem_Object__PARAMS__C                   
0081a4a4  ti_sysbios_knl_Semaphore_Object__PARAMS__C                   
0081a528  ti_sysbios_gates_GateHwi_Object__DESC__C                     
0081a548  ti_sysbios_gates_GateMutex_Object__DESC__C                   
0081a568  ti_sysbios_heaps_HeapMem_Object__DESC__C                     
0081a588  ti_sysbios_knl_Queue_Object__DESC__C                         
0081a5a8  ti_sysbios_knl_Semaphore_Object__DESC__C                     
0081a5c8  ti_sysbios_knl_Task_Object__DESC__C                          
0081a5e8  xdc_runtime_LoggerBuf_Object__DESC__C                        
0081a624  ti_sysbios_family_c64p_Cache_E_invalidL1CacheSize__C         
0081a628  xdc_runtime_Startup_sfxnRts__A                               
0081a642  ti_sysbios_family_c64p_EventCombiner_Module__id__C           
0081a65c  ti_sysbios_gates_GateHwi_Object__PARAMS__C                   
0081a674  ti_sysbios_gates_GateMutex_Object__PARAMS__C                 
0081a68c  ti_sysbios_knl_Queue_Object__PARAMS__C                       
0081a6a4  ti_sysbios_family_c64p_Cache_E_invalidL2CacheSize__C         
0081a6a8  ti_sysbios_knl_Task_hooks__A                                 
0081a714  ti_sysbios_family_c64p_Cache_MAR0_31__C                      
0081a728  ti_sysbios_family_c64p_EventCombiner_EVTMASK__C              
0081a738  ti_sysbios_knl_Idle_funcList__A                              
0081a744  ti_sysbios_knl_Task_hooks__C                                 
0081a74c  ti_sysbios_family_c64p_Cache_MAR128_159__C                   
0081a750  xdc_runtime_Startup_firstFxns__A                             
0081a758  xdc_runtime_Startup_firstFxns__C                             
0081a760  xdc_runtime_Startup_lastFxns__C                              
0081a768  ti_sysbios_family_c64p_Cache_MAR160_191__C                   
0081a76c  ti_sysbios_family_c64p_Cache_MAR192_223__C                   
0081a770  ti_sysbios_family_c64p_Cache_MAR224_255__C                   
0081a774  ti_sysbios_family_c64p_Cache_MAR32_63__C                     
0081a778  ti_sysbios_family_c64p_Cache_MAR64_95__C                     
0081a77c  ti_sysbios_family_c64p_Cache_MAR96_127__C                    
0081a780  ti_sysbios_family_c64p_EventCombiner_A_invalidEventId__C     
0081a784  ti_sysbios_family_c64p_EventCombiner_EVTRegs__C              
0081a788  ti_sysbios_family_c64p_EventCombiner_E_unpluggedEvent__C     
0081a78c  ti_sysbios_family_c64p_EventCombiner_Module__diagsEnabled__C 
0081a790  ti_sysbios_family_c64p_EventCombiner_Module__diagsIncluded__C
0081a794  ti_sysbios_family_c64p_EventCombiner_Module__diagsMask__C    
0081a798  ti_sysbios_family_c64p_Exception_E_exceptionMax__C           
0081a79c  ti_sysbios_family_c64p_Exception_exceptionHook__C            
0081a7a0  ti_sysbios_family_c64p_Exception_externalHook__C             
0081a7a4  ti_sysbios_family_c64p_Exception_internalHook__C             
0081a7a8  ti_sysbios_family_c64p_Exception_nmiHook__C                  
0081a7ac  ti_sysbios_family_c64p_Hwi_INTRMUX1Address__C                
0081a7b0  ti_sysbios_gates_GateMutex_A_badContext__C                   
0081a7b4  ti_sysbios_gates_GateMutex_Instance_State_sem__O             
0081a7b8  ti_sysbios_gates_GateMutex_Module__diagsEnabled__C           
0081a7bc  ti_sysbios_gates_GateMutex_Module__diagsIncluded__C          
0081a7c0  ti_sysbios_gates_GateMutex_Module__diagsMask__C              
0081a7c4  ti_sysbios_hal_Hwi_E_stackOverflow__C                        
0081a7c8  ti_sysbios_heaps_HeapBuf_Instance_State_freeList__O          
0081a7cc  ti_sysbios_heaps_HeapBuf_Object__count__C                    
0081a7d0  ti_sysbios_heaps_HeapBuf_numConstructedHeaps__C              
0081a7d4  ti_sysbios_heaps_HeapMem_A_align__C                          
0081a7d8  ti_sysbios_heaps_HeapMem_A_heapSize__C                       
0081a7dc  ti_sysbios_heaps_HeapMem_A_invalidFree__C                    
0081a7e0  ti_sysbios_heaps_HeapMem_A_zeroBlock__C                      
0081a7e4  ti_sysbios_heaps_HeapMem_E_memory__C                         
0081a7e8  ti_sysbios_heaps_HeapMem_Module__diagsEnabled__C             
0081a7ec  ti_sysbios_heaps_HeapMem_Module__diagsIncluded__C            
0081a7f0  ti_sysbios_heaps_HeapMem_Module__diagsMask__C                
0081a7f4  ti_sysbios_heaps_HeapMem_Module__gateObj__C                  
0081a7f8  ti_sysbios_heaps_HeapMem_Object__count__C                    
0081a7fc  ti_sysbios_heaps_HeapMem_reqAlign__C                         
0081a800  ti_sysbios_knl_Clock_Module_State_clockQ__O                  
0081a804  ti_sysbios_knl_Semaphore_A_badContext__C                     
0081a808  ti_sysbios_knl_Semaphore_A_noEvents__C                       
0081a80c  ti_sysbios_knl_Semaphore_A_overflow__C                       
0081a810  ti_sysbios_knl_Semaphore_A_pendTaskDisabled__C               
0081a814  ti_sysbios_knl_Semaphore_Instance_State_pendQ__O             
0081a818  ti_sysbios_knl_Semaphore_Module__diagsEnabled__C             
0081a81c  ti_sysbios_knl_Semaphore_Module__diagsIncluded__C            
0081a820  ti_sysbios_knl_Semaphore_Module__diagsMask__C                
0081a824  ti_sysbios_knl_Swi_Object__count__C                          
0081a828  ti_sysbios_knl_Task_A_badPriority__C                         
0081a82c  ti_sysbios_knl_Task_A_badTaskState__C                        
0081a830  ti_sysbios_knl_Task_A_badThreadType__C                       
0081a834  ti_sysbios_knl_Task_A_badTimeout__C                          
0081a838  ti_sysbios_knl_Task_A_noPendElem__C                          
0081a83c  ti_sysbios_knl_Task_A_sleepTaskDisabled__C                   
0081a840  ti_sysbios_knl_Task_E_spOutOfBounds__C                       
0081a844  ti_sysbios_knl_Task_E_stackOverflow__C                       
0081a848  ti_sysbios_knl_Task_Module_State_inactiveQ__O                
0081a84c  ti_sysbios_knl_Task_Module__diagsEnabled__C                  
0081a850  ti_sysbios_knl_Task_Module__diagsIncluded__C                 
0081a854  ti_sysbios_knl_Task_Module__diagsMask__C                     
0081a858  ti_sysbios_knl_Task_Object__count__C                         
0081a85c  ti_sysbios_knl_Task_Object__heap__C                          
0081a860  ti_sysbios_knl_Task_allBlockedFunc__C                        
0081a864  ti_sysbios_knl_Task_defaultStackHeap__C                      
0081a868  ti_sysbios_knl_Task_defaultStackSize__C                      
0081a86c  ti_sysbios_knl_Task_numConstructedTasks__C                   
0081a870  ti_sysbios_timers_rti_Timer_E_cannotSupport__C               
0081a874  ti_sysbios_timers_rti_Timer_Module__diagsEnabled__C          
0081a878  ti_sysbios_timers_rti_Timer_Module__diagsIncluded__C         
0081a87c  ti_sysbios_timers_rti_Timer_Module__diagsMask__C             
0081a880  ti_sysbios_timers_rti_Timer_numTimerDevices__C               
0081a884  ti_sysbios_timers_rti_Timer_startupNeeded__C                 
0081a888  ti_sysbios_utils_Load_Module_State_taskList__O               
0081a88c  ti_sysbios_utils_Load_Module__diagsEnabled__C                
0081a890  ti_sysbios_utils_Load_Module__diagsIncluded__C               
0081a894  ti_sysbios_utils_Load_Module__diagsMask__C                   
0081a898  ti_sysbios_utils_Load_postUpdate__C                          
0081a89c  ti_sysbios_utils_Load_windowInMs__C                          
0081a8a0  xdc_runtime_Assert_E_assertFailed__C                         
0081a8a4  xdc_runtime_Core_A_initializedParams__C                      
0081a8a8  xdc_runtime_Core_Module__diagsEnabled__C                     
0081a8ac  xdc_runtime_Core_Module__diagsIncluded__C                    
0081a8b0  xdc_runtime_Core_Module__diagsMask__C                        
0081a8b4  xdc_runtime_Error_E_memory__C                                
0081a8b8  xdc_runtime_Error_policyFxn__C                               
0081a8bc  xdc_runtime_Error_policy__C                                  
0081a8c0  xdc_runtime_Error_raiseHook__C                               
0081a8c4  xdc_runtime_IFilterLogger_Interface__BASE__C                 
0081a8c8  xdc_runtime_IGateProvider_Interface__BASE__C                 
0081a8cc  xdc_runtime_IHeap_Interface__BASE__C                         
0081a8d0  xdc_runtime_ILogger_Interface__BASE__C                       
0081a8d4  xdc_runtime_IModule_Interface__BASE__C                       
0081a8d8  xdc_runtime_LoggerBuf_E_badLevel__C                          
0081a8dc  xdc_runtime_LoggerBuf_Module__gateObj__C                     
0081a8e0  xdc_runtime_LoggerBuf_Object__count__C                       
0081a8e4  xdc_runtime_LoggerBuf_statusLogger__C                        
0081a8e8  xdc_runtime_Memory_defaultHeapInstance__C                    
0081a8ec  xdc_runtime_Startup_execImpl__C                              
0081a8f0  xdc_runtime_Startup_maxPasses__C                             
0081a8f4  xdc_runtime_Startup_sfxnRts__C                               
0081a8f8  xdc_runtime_Startup_sfxnTab__C                               
0081a8fc  xdc_runtime_System_Module__gateObj__C                        
0081a900  xdc_runtime_System_abortFxn__C                               
0081a904  xdc_runtime_System_exitFxn__C                                
0081a908  xdc_runtime_System_extendFxn__C                              
0081a90c  xdc_runtime_System_maxAtexitHandlers__C                      
0081a910  xdc_runtime_Text_charTab__C                                  
0081a914  xdc_runtime_Text_nameEmpty__C                                
0081a918  xdc_runtime_Text_nameStatic__C                               
0081a91c  xdc_runtime_Text_nameUnknown__C                              
0081a920  xdc_runtime_Text_nodeTab__C                                  
0081a924  xdc_runtime_Text_visitRopeFxn__C                             
0081a928  ti_sysbios_family_c64p_Exception_Module__id__C               
0081a92a  ti_sysbios_family_c64p_Exception_useInternalBuffer__C        
0081a92c  ti_sysbios_gates_GateMutex_Module__id__C                     
0081a92e  ti_sysbios_hal_Hwi_Module__id__C                             
0081a930  ti_sysbios_heaps_HeapMem_Module__id__C                       
0081a932  ti_sysbios_knl_Semaphore_Module__id__C                       
0081a934  ti_sysbios_knl_Task_Module__id__C                            
0081a936  ti_sysbios_timers_rti_Timer_Module__id__C                    
0081a938  ti_sysbios_timers_rti_Timer_continueOnSuspend__C             
0081a93a  ti_sysbios_utils_Load_Module__id__C                          
0081a93c  ti_sysbios_utils_Load_autoAddTasks__C                        
0081a93e  ti_sysbios_utils_Load_updateInIdle__C                        
0081a940  xdc_runtime_Core_Module__id__C                               
0081a942  xdc_runtime_Error_maxDepth__C                                
0081a944  xdc_runtime_LoggerBuf_Module__id__C                          
0081a946  xdc_runtime_LoggerBuf_filterByLevel__C                       
0081a948  xdc_runtime_Main_Module__id__C                               
0081a94a  xdc_runtime_Memory_Module__id__C                             
0081a94c  xdc_runtime_Text_charCnt__C                                  
0081a94e  xdc_runtime_Text_isLoaded__C                                 
0081a950  xdc_runtime_Text_registryModsLastId__C                       
0081a952  xdc_runtime_Text_unnamedModsLastId__C                        
0081a954  __TI_STATIC_BASE                                             
0081a954  gObjDetObj                                                   
0081a958  xdc_runtime_LoggerBuf_Instance_State_0_entryArr__A           
0081c730  ti_sysbios_knl_Task_Instance_State_0_stack__A                
0081ca50  __TI_tmpnams                                                 
0081cb90  gMmwDssMCB                                                   
0081cc68  resultBuffer                                                 
0081cc80  edmaDbg                                                      
0081cc90  parmbuf                                                      
0081cc98  ti_sysbios_knl_Task_Instance_State_0_hookEnv__A              
0081cca0  ti_sysbios_family_c64p_EventCombiner_Module__state__V        
0081d0a0  _ftable                                                      
0081d280  _stream                                                      
0081d320  ti_sysbios_utils_Load_Module__state__V                       
0081d3b8  ti_sysbios_knl_Swi_Module_State_0_readyQ__A                  
0081d438  ti_sysbios_knl_Task_Module_State_0_readyQ__A                 
0081d4b8  _device                                                      
0081d530  ti_sysbios_family_c64p_Hwi_Object__table__V                  
0081d5a8  ti_sysbios_family_c64p_Hwi_Module__state__V                  
0081d614  _lock                                                        
0081d618  ti_sysbios_knl_Task_Object__table__V                         
0081d674  gMailboxMCB                                                  
0081d6c4  ti_sysbios_knl_Task_Module__state__V                         
0081d70c  _unlock                                                      
0081d790  SOC_TranslateAddr_LUT                                        
0081d810  ti_sysbios_gates_GateMutex_Object__table__V                  
0081d850  ti_sysbios_timers_rti_Timer_Object__table__V                 
0081d88c  __TI_ft_end                                                  
0081d890  gHWAHwCfg                                                    
0081d8c0  ti_sysbios_family_c64p_Exception_Module__state__V            
0081d8f0  ti_sysbios_knl_Swi_Object__table__V                          
0081d920  ti_sysbios_knl_Clock_Module__state__V                        
0081d94c  gDPC_ObjectDetectionCfg                                      
0081d970  ti_sysbios_BIOS_Module__state__V                             
0081d994  __errno                                                      
0081d994  errno                                                        
0081d998  xdc_runtime_LoggerBuf_Object__table__V                       
0081d9bc  ti_sysbios_family_c64p_Cache_Module__state__V                
0081d9e0  gSOCHwAttrib                                                 
0081da00  xdc_runtime_Error_IgnoreBlock                                
0081da20  xdc_runtime_System_Module_State_0_atexitHandlers__A          
0081da40  ti_sysbios_knl_Swi_Module__state__V                          
0081da5c  ti_sysbios_heaps_HeapBuf_Module__state__V                    
0081da60  ti_sysbios_utils_Load_Module_State_0_taskEnv__A              
0081da7c  gMailboxDssBssHwCfg                                          
0081da94  gMailboxDssMssHwCfg                                          
0081daac  xdc_runtime_Memory_Module__state__V                          
0081dab0  ti_sysbios_heaps_HeapMem_Object__table__V                    
0081dac8  ti_sysbios_timers_rti_Timer_Module_State_0_device__A         
0081dae0  gDPMRemoteTable                                              
0081daf4  xdc_runtime_Error_Module__state__V                           
0081daf8  gHwaEDMAChanMapping                                          
0081db08  ti_sysbios_timers_rti_Timer_Module_State_0_intFreqs__A       
0081db18  ti_sysbios_timers_rti_Timer_Module__state__V                 
0081db28  __TI_cleanup_ptr                                             
0081db2c  __TI_dtors_ptr                                               
0081db30  __TI_enable_exit_profile_output                              
0081db34  ti_sysbios_knl_Task_Module__root__V                          
0081db40  gDPMHwAttrib                                                 
0081db48  ti_sysbios_gates_GateHwi_Module__root__V                     
0081db50  ti_sysbios_gates_GateMutex_Module__root__V                   
0081db58  ti_sysbios_hal_Hwi_Object__table__V                          
0081db60  ti_sysbios_heaps_HeapMem_Module__root__V                     
0081db68  ti_sysbios_knl_Queue_Module__root__V                         
0081db70  ti_sysbios_knl_Semaphore_Module__root__V                     
0081db78  ti_sysbios_timers_rti_Timer_Module_State_0_handles__A        
0081db80  xdc_runtime_LoggerBuf_Module__root__V                        
0081db88  xdc_runtime_Registry_Module__state__V                        
0081db90  xdc_runtime_Startup_Module__state__V                         
0081db98  xdc_runtime_System_Module__state__V                          
0081dba0  xdc_runtime_LoggerBuf_Module__state__V                       
0081dba8  gHWADriverPtr                                                
0081dbb0  ti_sysbios_gates_GateHwi_Object__table__V                    
0081dbb8  ti_sysbios_knl_Task_Module_State_0_idleTask__A               
0081dbc0  ti_sysbios_utils_Load_Module_State_0_runningTask__A          
0081dbc8  ti_sysbios_utils_Load_Module_State_0_taskStartTime__A        
0081dbd0  _stack                                                       
0081e3d0  __CIOBUF_                                                    
0081e3d0  __TI_STACK_END                                               
0081e5b0  gDPM                                                         
0081e5b4  regionId                                                     
20000000  gMmwL3                                                       
21080000  gHSRAM                                                       
ffffffff  __TI_pprof_out_hndl                                          
ffffffff  __TI_prof_data_size                                          
ffffffff  __TI_prof_data_start                                         
ffffffff  __binit__                                                    
ffffffff  __c_args__                                                   
ffffffff  binit                                                        
UNDEFED   __TI_CINIT_Base                                              
UNDEFED   __TI_CINIT_Limit                                             
UNDEFED   __TI_Handler_Table_Base                                      
UNDEFED   __TI_Handler_Table_Limit                                     
UNDEFED   __TI_INITARRAY_Base                                          
UNDEFED   __TI_INITARRAY_Limit                                         
UNDEFED   __TI_TLS_INIT_Base                                           
UNDEFED   __TI_TLS_INIT_Limit                                          

[823 symbols]
