******************************************************************************
                  TI ARM Linker PC v16.9.6                     
******************************************************************************
>> Linked Tue Jul 27 12:47:50 2021

OUTPUT FILE NAME:   <xwr18xx_mmw_demo_mss_isk.xer4f>
ENTRY POINT SYMBOL: "_c_int00"  address: 000175e4


MEMORY CONFIGURATION

         name            origin    length      used     unused   attr    fill
----------------------  --------  ---------  --------  --------  ----  --------
PAGE 0:
  VECTORS               00000000   00000100  0000003c  000000c4     X
  PROG_RAM              00000100   0007ff00  0001e766  0006179a  R  X
  DATA_RAM              08000000   00030000  0000e654  000219ac  RW  
  L3_RAM                51000000   000c0000  00000000  000c0000  RW  
  HWA_RAM               52030000   00010000  00000000  00010000  RW  
  HS_RAM                52080000   00008000  00000000  00008000  RW  

PAGE 1:
  L3_RAM                51000000   000c0000  00000000  000c0000  RW  


SEGMENT ALLOCATION MAP

run origin  load origin   length   init length attrs members
----------  ----------- ---------- ----------- ----- -------
00000000    00000000    0000003c   0000003c    r--
  00000000    00000000    0000003c   0000003c    r-- .vecs
00000100    00000100    0001e770   0001e770    r-x
  00000100    00000100    0001d2a2   0001d2a2    r-x .text
  0001d3a8    0001d3a8    00000fec   00000fec    r-- .const
  0001e398    0001e398    000004d8   000004d8    r-- .cinit
08000000    08000000    0000e658   00000000    rw-
  08000000    08000000    00008000   00000000    rw- systemHeap
  08008000    08008000    0000333c   00000000    rw- .bss
  0800b340    0800b340    00002318   00000000    rw- .data
  0800d658    0800d658    00000800   00000000    rw- .myFiqStack
  0800de58    0800de58    00000800   00000000    rw- .stack


SECTION ALLOCATION MAP

 output                                  attributes/
section   page    origin      length       input sections
--------  ----  ----------  ----------   ----------------
systemHeap 
*          0    08000000    00008000     UNINITIALIZED
                  08000000    00008000     mmw_mss_per4ft.oer4ft (systemHeap)

.vecs      0    00000000    0000003c     
                  00000000    0000003c     mmw_mss_per4ft.oer4ft (.vecs)

.text      0    00000100    0001d2a2     
                  00000100    0000107a     rtsv7R4_T_le_v3D16_eabi.lib : _printfi.obj (.text)
                  0000117a    00000002     libadcbuf_xwr18xx.aer4f : adcbuf_mmwave.oer4f (.text:ADCBUF_MMWave_init)
                  0000117c    00000898     rtsv7R4_T_le_v3D16_eabi.lib : _scanfi.obj (.text)
                  00001a14    0000079c     mss_main.oer4f (.text:MmwDemo_dataPathConfig)
                  000021b0    0000069a     mmw_cli.oer4f (.text:MmwDemo_CLIInit)
                  0000284a    00000002     libmmwave_xwr18xx.aer4f : mmwave_link.oer4f (.text:MMWave_maskHostIRQ)
                  0000284c    00000674     mss_main.oer4f (.text:MmwDemo_initTask)
                  00002ec0    0000059e     mss_main.oer4f (.text:MmwDemo_openSensor)
                  0000345e    00000002     libqspiflash_xwr18xx.aer4f : qspiflash.oer4f (.text:QSPIFlash_init)
                  00003460    000004e1     sysbios.aer4ft : BIOS.obj (.text:xdc_runtime_System_doPrint__I)
                  00003941    00000001     --HOLE-- [fill = 0]
                  00003942    00000002     libqspi_xwr18xx.aer4f : qspi.oer4f (.text:QSPI_init)
                  00003944    000004a8     libadcbuf_xwr18xx.aer4f : adcbuf_mmwave.oer4f (.text:ADCBUF_MMWave_control)
                  00003dec    00000468     mss_main.oer4f (.text:MmwDemo_transmitProcessedOutput)
                  00004254    0000043c     mmwdemo_rfparser.oer4f (.text:MmwDemo_RFParser_parseCtrlConfig)
                  00004690    00000438     mss_main.oer4f (.text:MmwDemo_handleObjectDetResult)
                  00004ac8    00000414     libcli_xwr18xx.aer4f : cli_mmwave.oer4f (.text:CLI_MMWaveVersion)
                  00004edc    000003fd     mmw_cli.oer4f (.text:MmwDemo_CLISensorStart)
                  000052d9    00000001     --HOLE-- [fill = 0]
                  000052da    00000002     libuart_xwr18xx.aer4f : uartsci.oer4f (.text:UartSci_init)
                  000052dc    00000308     libsoc_xwr18xx.aer4f : soc_xwr18xx_mss.oer4f (.text:SOC_deviceInit)
                  000055e4    000002f8     libcbuff_xwr18xx.aer4f : cbuff.oer4f (.text:CBUFF_createSession)
                  000058dc    00000004     libosal_xwr18xx.aer4f : HwiP_tirtos.oer4f (.text:HwiP_disableInterrupt)
                  000058e0    000002f4     sysbios.aer4ft : BIOS.obj (.text:ti_sysbios_knl_Semaphore_pend__E)
                  00005bd4    000002dc     mss_main.oer4f (.text:MmwDemo_processPendingDynamicCfgCommands)
                  00005eb0    000002cc     sysbios.aer4ft : BIOS.obj (.text:ti_sysbios_knl_Task_Instance_finalize__E)
                  0000617c    000002b8     rtsv7R4_T_le_v3D16_eabi.lib : ull_div32.obj (.text)
                  00006434    0000000c     libcli_xwr18xx.aer4f : cli_mmwave.oer4f (.text:CLI_getMMWaveExtensionConfig)
                  00006440    000002a4     sysbios.aer4ft : BIOS.obj (.text:ti_sysbios_heaps_HeapMem_freeUnprotected__E)
                  000066e4    00000284     libmmwave_xwr18xx.aer4f : mmwave_dualcore.oer4f (.text:MMWave_deviceExecuteFxn)
                  00006968    00000280     libhsiheader_xwr18xx.aer4f : hsiheader.oer4f (.text:HSIHeader_createHeader)
                  00006be8    00000008     libosal_xwr18xx.aer4f : HwiP_tirtos.oer4f (.text:HwiP_disable)
                  00006bf0    00000280     sysbios.aer4ft : BIOS.obj (.text:ti_sysbios_family_arm_exc_Exception_excDumpContext__I)
                  00006e70    00000278     mss_main.oer4f (.text:MmwDemo_sensorStopEpilog)
                  000070e8    0000026c     libqspiflash_xwr18xx.aer4f : qspiflash.oer4f (.text:QSPIFlash_open)
                  00007354    00000264     libcbuff_xwr18xx.aer4f : cbuff.oer4f (.text:CBUFF_init)
                  000075b8    00000260     libmailbox_xwr18xx.aer4f : mailbox.oer4f (.text:Mailbox_open)
                  00007818    00000254     libcli_xwr18xx.aer4f : cli_mmwave.oer4f (.text:CLI_MMWaveProfileCfg)
                  00007a6c    00000240     mss_main.oer4f (.text:MmwDemo_checkEdmaErrors)
                  00007cac    0000023c     mss_main.oer4f (.text:MmwDemo_DPC_ObjectDetection_reportFxn)
                  00007ee8    0000023c     mmw_lvds_stream.oer4f (.text:MmwDemo_LVDSStreamHwConfig)
                  00008124    0000022c     libcbuff_xwr18xx.aer4f : cbuff_lvds.oer4f (.text:CBUFF_openLVDS)
                  00008350    00000228     sysbios.aer4ft : BIOS.obj (.text:ti_sysbios_heaps_HeapMem_allocUnprotected__E)
                  00008578    00000008     libmmwave_xwr18xx.aer4f : mmwave.oer4f (.text:MMWave_decodeErrorLevel)
                  00008580    00000224     sysbios.aer4ft : BIOS.obj (.text:ti_sysbios_timers_rti_Timer_Module_startup__E)
                  000087a4    00000214     libuart_xwr18xx.aer4f : uartsci.oer4f (.text:UartSci_open)
                  000089b8    00000210     mss_main.oer4f (.text:MmwDemo_eventCallbackFxn)
                  00008bc8    0000020a     libcbuff_xwr18xx.aer4f : cbuff_transfer.oer4f (.text:CBUFF_addLinkedList)
                  00008dd2    00000002     rtsv7R4_T_le_v3D16_eabi.lib : i_div0.obj (.text)
                  00008dd4    00000204     libcli_xwr18xx.aer4f : cli_mmwave.oer4f (.text:CLI_MMWaveChirpCfg)
                  00008fd8    00000008     libmmwave_xwr18xx.aer4f : mmwave_link.oer4f (.text:MMWave_mboxCallbackFxn)
                  00008fe0    00000204     sysbios.aer4ft : BIOS.obj (.text:ti_sysbios_knl_Task_sleep__E)
                  000091e4    00000200     libcrc_xwr18xx.aer4f : crc.oer4f (.text:CRC_open)
                  000093e4    00000200     libedma_xwr18xx.aer4f : edma.oer4f (.text:EDMA_configChannel)
                  000095e4    00000200     mss_main.oer4f (.text:MmwDemo_stopSensor)
                  000097e4    0000000c     libedma_xwr18xx.aer4f : edma_low_level.oer4f (.text:EDMA3ChannelToParamMap)
                  000097f0    00000200     sysbios.aer4ft : BIOS.obj (.text:ti_sysbios_knl_Task_Instance_init__E)
                  000099f0    000001f0     libdma_xwr18xx.aer4f : dma.oer4f (.text:DMA_setChannelParams)
                  00009be0    000001e4     rtsv7R4_T_le_v3D16_eabi.lib : strtod.obj (.text)
                  00009dc4    000001e4                                 : strtoll.obj (.text)
                  00009fa8    000001d4     libcbuff_xwr18xx.aer4f : cbuff_edma.oer4f (.text:CBUFF_configEDMA)
                  0000a17c    00000004     libosal_xwr18xx.aer4f : HwiP_tirtos.oer4f (.text:HwiP_enableInterrupt)
                  0000a180    000001cc     sysbios.aer4ft : BIOS.obj (.text:ti_sysbios_family_arm_v7r_vim_Hwi_dispatchIRQC__I)
                  0000a34c    000001c8     libcbuff_xwr18xx.aer4f : cbuff_lvds.oer4f (.text:CBUFF_initLVDS)
                  0000a514    000001c8     libmmwavelink_xwr18xx.aer4f : rl_driver.oer4f (.text:rlDriverRxHdrRead)
                  0000a6dc    000001c8     rtsv7R4_T_le_v3D16_eabi.lib : fopen.obj (.text)
                  0000a8a4    000001bc     libedma_xwr18xx.aer4f : edma.oer4f (.text:EDMA_open)
                  0000aa60    000001b0     libmmwavelink_xwr18xx.aer4f : rl_driver.oer4f (.text:rlDriverMsgRead)
                  0000ac10    000001a8     libcli_xwr18xx.aer4f : cli_mmwave.oer4f (.text:CLI_MMWaveSubFrameCfg)
                  0000adb8    000001a4     libcbuff_xwr18xx.aer4f : cbuff.oer4f (.text:CBUFF_activateSession)
                  0000af5c    000001a4     libmmwave_xwr18xx.aer4f : mmwave_dualcore.oer4f (.text:MMWave_serializeCfg)
                  0000b100    0000019c     mss_main.oer4f (.text:MmwDemo_startSensor)
                  0000b29c    0000019c     mss_main.oer4f (.text:MmwDemo_transferLVDSUserData)
                  0000b438    00000008     libosal_xwr18xx.aer4f : SemaphoreP_tirtos.oer4f (.text:SemaphoreP_Params_init)
                  0000b440    0000019c     sysbios.aer4ft : BIOS.obj (.text:xdc_runtime_Error_policyDefault__E)
                  0000b5dc    00000194     libmmwave_xwr18xx.aer4f : mmwave_link.oer4f (.text:MMWave_openLink)
                  0000b770    00000190     libmmwavelink_xwr18xx.aer4f : rl_driver.oer4f (.text:rlDriverCmdInvoke)
                  0000b900    00000188     mmw_cli.oer4f (.text:MmwDemo_CLIConfigDataPort)
                  0000ba88    00000008     libmmwavelink_xwr18xx.aer4f : rl_driver.oer4f (.text:rlDriverConstructOutMsg)
                  0000ba90    00000184     sysbios.aer4ft : BIOS.obj (.text:xdc_runtime_LoggerBuf_write8__E)
                  0000bc14    00000180     libdpm_xwr18xx.aer4f : dpm_core.oer4f (.text:DPM_init)
                  0000bd94    00000180                          : dpm_msg.oer4f (.text:DPM_msgRecv)
                  0000bf14    00000180     mmwdemo_rfparser.oer4f (.text:MmwDemo_RFParser_setAoAParams)
                  0000c094    0000017c     mss_main.oer4f (.text:main)
                  0000c210    00000174     mmw_lvds_stream.oer4f (.text:MmwDemo_LVDSStreamInit)
                  0000c384    00000170     libgpio_xwr18xx.aer4f : gpio.oer4f (.text:GPIO_setConfig)
                  0000c4f4    0000016c     libsoc_xwr18xx.aer4f : soc_xwr18xx_mss.oer4f (.text:SOC_unhaltDSS)
                  0000c660    0000016c     sysbios.aer4ft : BIOS.obj (.text:ti_sysbios_knl_Semaphore_post__E)
                  0000c7cc    00000168     mmw_lvds_stream.oer4f (.text:MmwDemo_LVDSStreamSwConfig)
                  0000c934    0000000c     libedma_xwr18xx.aer4f : edma_low_level.oer4f (.text:EDMAsetRegion)
                  0000c940    00000168     sysbios.aer4ft : BIOS.obj (.text:ti_sysbios_family_arm_exc_Exception_excHandler__I)
                  0000caa8    00000164     rtsv7R4_T_le_v3D16_eabi.lib : strtoull.obj (.text)
                  0000cc0c    00000160     libqspi_xwr18xx.aer4f : qspi.oer4f (.text:QSPI_open)
                  0000cd6c    00000004     libmmwave_xwr18xx.aer4f : mmwave_link.oer4f (.text:MMWave_disableDevice)
                  0000cd70    00000160     sysbios.aer4ft : BIOS.obj (.text:ti_sysbios_family_arm_v7r_vim_Hwi_reconfig__E)
                  0000ced0    00000158                    : BIOS.obj (.text:ti_sysbios_knl_Task_postInit__I)
                  0000d028    0000014c     libcli_xwr18xx.aer4f : cli_mmwave.oer4f (.text:CLI_MMWaveFrameCfg)
                  0000d174    0000014c                          : cli.oer4f (.text:CLI_task)
                  0000d2c0    0000014c     libmmwave_xwr18xx.aer4f : mmwave_link.oer4f (.text:MMWave_initMMWaveLink)
                  0000d40c    0000014a     libuart_xwr18xx.aer4f : uartsci.oer4f (.text:UartSci_ISR)
                  0000d556    00000002     mmw_mss_per4ft.oer4ft (.text:ti_sysbios_BIOS_nullFunc__I)
                  0000d558    00000148     libhsiheader_xwr18xx.aer4f : hsiheader.oer4f (.text:HSIHeader_init)
                  0000d6a0    00000148     libmmwavelink_xwr18xx.aer4f : rl_driver.oer4f (.text:rlDriverCmdSendRetry)
                  0000d7e8    00000146     mmw_cli.oer4f (.text:MmwDemo_CLICalibDcRangeSig)
                  0000d92e    00000002     mmw_mss_per4ft.oer4ft (.text:xdc_runtime_Startup_reset__I)
                  0000d930    00000140     sysbios.aer4ft : BIOS.obj (.text:ti_sysbios_heaps_HeapMem_Instance_init__E)
                  0000da70    00000140                    : BIOS.obj (.text:xdc_runtime_Core_createObject__I)
                  0000dbb0    0000013c     mmw_lvds_stream.oer4f (.text:MmwDemo_LVDSStreamDeleteHwSession)
                  0000dcec    00000004     libmmwave_xwr18xx.aer4f : mmwave_link.oer4f (.text:MMWave_enableDevice)
                  0000dcf0    0000013c     sysbios.aer4ft : BIOS.obj (.text:ti_sysbios_knl_Clock_workFunc__E)
                  0000de2c    00000134     libadcbuf_xwr18xx.aer4f : adcbuf_mmwave.oer4f (.text:ADCBUF_MMWave_open)
                  0000df60    00000134     mss_main.oer4f (.text:MmwDemo_edmaOpen)
                  0000e094    0000000c     libmmwave_xwr18xx.aer4f : mmwave_dualcore.oer4f (.text:MMWave_deviceMailboxCallbackFxn)
                  0000e0a0    00000134     sysbios.aer4ft : BIOS.obj (.text:xdc_runtime_Startup_startMods__I)
                  0000e1d4    00000130     mmw_lvds_stream.oer4f (.text:MmwDemo_LVDSStreamDeleteSwSession)
                  0000e304    00000130     rtsv7R4_T_le_v3D16_eabi.lib : strtol.obj (.text)
                  0000e434    0000012a     libedma_xwr18xx.aer4f : edma.oer4f (.text:EDMA_check4kSiErrata)
                  0000e55e    00000002     --HOLE-- [fill = 0]
                  0000e560    00000128     sysbios.aer4ft : BIOS.obj (.text:ti_sysbios_utils_Load_updateThreadContexts__E)
                  0000e688    00000124     libcli_xwr18xx.aer4f : cli_mmwave.oer4f (.text:CLI_MMWaveAdvFrameCfg)
                  0000e7ac    00000124                          : cli_mmwave.oer4f (.text:CLI_MMWaveContModeCfg)
                  0000e8d0    00000124     libedma_xwr18xx.aer4f : edma.oer4f (.text:EDMA_init)
                  0000e9f4    0000000c     libmmwave_xwr18xx.aer4f : mmwave_osal.oer4f (.text:MMWave_osalMutexUnlock)
                  0000ea00    00000120     sysbios.aer4ft : BIOS.obj (.text:xdc_runtime_LoggerBuf_write4__E)
                  0000eb20    0000011c     mmw_cli.oer4f (.text:MmwDemo_CLILvdsStreamCfg)
                  0000ec3c    00000004     libmmwave_xwr18xx.aer4f : mmwave_listlib.oer4f (.text:MMWave_listGetHead)
                  0000ec40    00000118     sysbios.aer4ft : BIOS.obj (.text:ti_sysbios_family_arm_v7r_vim_Hwi_Instance_init__E)
                  0000ed58    00000114     libedma_xwr18xx.aer4f : edma.oer4f (.text:EDMA_configErrorMonitoring)
                  0000ee6c    00000110                           : edma.oer4f (.text:EDMA_transferComplete_isr)
                  0000ef7c    00000110     mss_main.oer4f (.text:MmwDemo_calibInit)
                  0000f08c    00000110     rtsv7R4_T_le_v3D16_eabi.lib : strtoul.obj (.text)
                  0000f19c    0000010c     libdpm_xwr18xx.aer4f : dpm_msg.oer4f (.text:DPM_msgResultHandler)
                  0000f2a8    0000010c     libmmwave_xwr18xx.aer4f : mmwave_link.oer4f (.text:MMWave_asyncEventHandler)
                  0000f3b4    0000010c                             : mmwave_dualcore.oer4f (.text:MMWave_deviceInitFxn)
                  0000f4c0    0000010c     sysbios.aer4ft : BIOS.obj (.text:ti_sysbios_knl_Task_schedule__I)
                  0000f5cc    00000004     libmmwave_xwr18xx.aer4f : mmwave_listlib.oer4f (.text:MMWave_listGetNext)
                  0000f5d0    0000010c     sysbios.aer4ft : BIOS.obj (.text:xdc_runtime_Core_constructObject__I)
                  0000f6dc    00000108     libdma_xwr18xx.aer4f : dma.oer4f (.text:DMA_disableInterrupt)
                  0000f7e4    00000108     libmailbox_xwr18xx.aer4f : mailbox.oer4f (.text:Mailbox_write)
                  0000f8ec    00000108     mmw_cli.oer4f (.text:MmwDemo_CLICfarCfg)
                  0000f9f4    00000104     libcbuff_xwr18xx.aer4f : cbuff.oer4f (.text:CBUFF_deinit)
                  0000faf8    00000104     libmmwave_xwr18xx.aer4f : mmwave_link.oer4f (.text:MMWave_startLink)
                  0000fbfc    00000104     mmw_cli.oer4f (.text:MmwDemo_CLIChirpQualityRxSatMonCfg)
                  0000fd00    00000104     mmw_cli.oer4f (.text:MmwDemo_CLICompRangeBiasAndRxChanPhaseCfg)
                  0000fe04    0000000c     libmmwave_xwr18xx.aer4f : mmwave_osal.oer4f (.text:MMWave_osalSemSignal)
                  0000fe10    00000104     sysbios.aer4ft : BIOS.obj (.text:ti_sysbios_timers_rti_Timer_getFreq__E)
                  0000ff14    00000100     libcli_xwr18xx.aer4f : cli_mmwave.oer4f (.text:CLI_MMWaveBPMCfgAdvanced)
                  00010014    00000100     libdma_xwr18xx.aer4f : dma.oer4f (.text:DMA_clearChannelInterruptFlag)
                  00010114    00000100     libmmwavelink_xwr18xx.aer4f : rl_driver.oer4f (.text:rlDriverInit)
                  00010214    000000fc     libcbuff_xwr18xx.aer4f : cbuff.oer4f (.text:CBUFF_deleteSession)
                  00010310    000000fc     libcrc_xwr18xx.aer4f : crc.oer4f (.text:CRC_computeSignature)
                  0001040c    000000fc     mmw_cli.oer4f (.text:MmwDemo_CLIADCBufCfg)
                  00010508    00000008     libmmwavelink_xwr18xx.aer4f : rl_driver.oer4f (.text:rlDriverGetHandle)
                  00010510    000000fc     sysbios.aer4ft : BIOS.obj (.text:ti_sysbios_knl_Task_exit__E)
                  0001060c    000000f8     mmw_lvds_stream.oer4f (.text:MmwDemo_configLVDSHwData)
                  00010704    000000f8     libmmwavelink_xwr18xx.aer4f : rl_driver.oer4f (.text:rlDriverRdVerifyMsg)
                  000107fc    000000f8     mmw_mss_per4ft.oer4ft (.text:xdc_runtime_System_printfExtend__I)
                  000108f4    000000f4     mmw_cli.oer4f (.text:MmwDemo_CLICalibDataSaveRestore)
                  000109e8    00000008     sysbios.aer4ft : BIOS.obj (.text:ti_sysbios_family_arm_v7a_Pmu_getEnabled__E)
                  000109f0    000000f0                    : BIOS.obj (.text:ti_sysbios_family_arm_v7r_vim_Hwi_Module_startup__E)
                  00010ae0    000000f0                    : BIOS.obj (.text:ti_sysbios_knl_Task_startCore__E)
                  00010bd0    000000f0                    : BIOS.obj (.text:ti_sysbios_utils_Load_taskCreateHook__E)
                  00010cc0    000000ec     libedma_xwr18xx.aer4f : edma.oer4f (.text:EDMA_configParamSet)
                  00010dac    000000ec     rtsv7R4_T_le_v3D16_eabi.lib : s_scalbn.obj (.text)
                  00010e98    00000008     mmw_mss_per4ft.oer4ft (.text:xdc_runtime_Text_visitRope__I)
                  00010ea0    000000ec     sysbios.aer4ft : BIOS.obj (.text:ti_sysbios_heaps_HeapBuf_Module_startup__E)
                  00010f8c    000000ea     mss_main.oer4f (.text:MmwDemo_setSubFramePendingState)
                  00011076    00000002     --HOLE-- [fill = 0]
                  00011078    000000e8     mmw_cli.oer4f (.text:MmwDemo_CLIChirpQualitySigImgMonCfg)
                  00011160    000000e8     libmmwavelink_xwr18xx.aer4f : rl_sensor.oer4f (.text:rlRfCalibDataStore)
                  00011248    000000e8                                 : rl_sensor.oer4f (.text:rlRfPhShiftCalibDataStore)
                  00011330    000000e4                                 : rl_sensor.oer4f (.text:rlRfPhShiftCalibDataRestore)
                  00011414    000000e2     libedma_xwr18xx.aer4f : edma.oer4f (.text:EDMA_paramConfig_assist)
                  000114f6    00000002     --HOLE-- [fill = 0]
                  000114f8    000000e0     libcli_xwr18xx.aer4f : cli.oer4f (.text:CLI_open)
                  000115d8    000000e0     libdma_xwr18xx.aer4f : dma.oer4f (.text:DMA_enableInterrupt)
                  000116b8    000000dc     libmmwave_xwr18xx.aer4f : mmwave.oer4f (.text:MMWave_init)
                  00011794    000000dc     libmmwavelink_xwr18xx.aer4f : rl_driver.oer4f (.text:rlDriverMsgCmdReply)
                  00011870    000000dc     rtsv7R4_T_le_v3D16_eabi.lib : setvbuf.obj (.text)
                  0001194c    000000d4     libmailbox_xwr18xx.aer4f : mailbox.oer4f (.text:Mailbox_read)
                  00011a20    000000d4     libmmwavelink_xwr18xx.aer4f : rl_sensor.oer4f (.text:rlSetMultiBpmChirpConfig)
                  00011af4    0000000c     libuart_xwr18xx.aer4f : UART.oer4f (.text:UART_Params_init)
                  00011b00    000000d4     sysbios.aer4ft : BIOS.obj (.text:ti_sysbios_utils_Load_logLoads__I)
                  00011bd4    000000d0     libsoc_xwr18xx.aer4f : soc_xwr18xx_mss.oer4f (.text:SOC_controlSecureFirewall)
                  00011ca4    000000d0     sysbios.aer4ft : exc_Exception_asm.obj (.text:ti_sysbios_family_arm_exc_Exception_excHandlerAsm__I)
                  00011d74    0000000c     libuart_xwr18xx.aer4f : uartsci_dma.oer4f (.text:UartSci_isDMAEnabled)
                  00011d80    000000d0     sysbios.aer4ft : BIOS.obj (.text:ti_sysbios_utils_Load_idleFxn__E)
                  00011e50    000000d0                    : BIOS.obj (.text:xdc_runtime_LoggerBuf_Instance_init__E)
                  00011f20    000000cc     libmmwavelink_xwr18xx.aer4f : rl_sensor.oer4f (.text:rlRfCalibDataRestore)
                  00011fec    000000cc                                 : rl_sensor.oer4f (.text:rlSetChirpConfig)
                  000120b8    000000cc     rtsv7R4_T_le_v3D16_eabi.lib : fflush.obj (.text)
                  00012184    000000cc                                 : sscanf.obj (.text)
                  00012250    000000cc     sysbios.aer4ft : BIOS.obj (.text:ti_sysbios_knl_Task_checkStacks__E)
                  0001231c    000000c8     libmmwave_xwr18xx.aer4f : mmwave_fullcfg.oer4f (.text:MMWave_addChirp)
                  000123e4    000000c8                             : mmwave_link.oer4f (.text:MMWave_configBPM)
                  000124ac    000000c8                             : mmwave_fullcfg.oer4f (.text:MMWave_flushCfg)
                  00012574    000000c8                             : mmwave_fullcfg.oer4f (.text:MMWave_getChirpHandle)
                  0001263c    000000c8     libmmwavelink_xwr18xx.aer4f : rl_sensor.oer4f (.text:rlSetFrameConfig)
                  00012704    000000c4     libcbuff_xwr18xx.aer4f : cbuff_transfer.oer4f (.text:CBUFF_setupNonInterleaved_CP_ADC_CQ)
                  000127c8    000000c4     libdpm_xwr18xx.aer4f : dpm_core.oer4f (.text:DPM_deinit)
                  0001288c    000000c4                          : dpm_core.oer4f (.text:DPM_ioctl)
                  00012950    000000c4     sysbios.aer4ft : BIOS.obj (.text:ti_sysbios_family_arm_v7a_Pmu_configureCounter__E)
                  00012a14    000000c0     mmw_cli.oer4f (.text:MmwDemo_CLIAnalogMonitorCfg)
                  00012ad4    000000c0     libmmwavelink_xwr18xx.aer4f : rl_driver.oer4f (.text:rlDriverMsgWrite)
                  00012b94    0000000c     sysbios.aer4ft : arm_IntrinsicsSupport_asm.obj (.text:_ti_sysbios_family_arm_IntrinsicsSupport_maxbitA)
                  00012ba0    000000c0                    : BIOS.obj (.text:ti_sysbios_timers_rti_Timer_startup__E)
                  00012c60    000000bc     libcli_xwr18xx.aer4f : cli.oer4f (.text:CLI_help)
                  00012d1c    000000bc     libgpio_xwr18xx.aer4f : gpio.oer4f (.text:GPIO_write)
                  00012dd8    000000bc     libmmwave_xwr18xx.aer4f : mmwave_link.oer4f (.text:MMWave_computeCRC)
                  00012e94    000000bc     mmw_lvds_stream.oer4f (.text:MmwDemo_LVDSStream_EDMAInit)
                  00012f50    000000bc     rtsv7R4_T_le_v3D16_eabi.lib : open.obj (.text)
                  0001300c    000000b8     libcbuff_xwr18xx.aer4f : cbuff.oer4f (.text:CBUFF_ISR)
                  000130c4    000000b8                            : cbuff_transfer.oer4f (.text:CBUFF_setupTransfer)
                  0001317c    000000b8     libdma_xwr18xx.aer4f : dma.oer4f (.text:DMA_getChannelInterruptFlag)
                  00013234    000000b8     mss_main.oer4f (.text:MmwDemo_isAllCfgInPendingState)
                  000132ec    000000b6     libsoc_xwr18xx.aer4f : soc_mpu.o (.text)
                  000133a2    0000000e                          : soc_xwr18xx_mss.oer4f (.text:SOC_microDelay)
                  000133b0    000000b4     sysbios.aer4ft : BIOS.obj (.text:ti_sysbios_gates_GateMutex_enter__E)
                  00013464    0000000c     rtsv7R4_T_le_v3D16_eabi.lib : copy_zero_init.obj (.text:decompress:ZI)
                  00013470    000000b4     sysbios.aer4ft : BIOS.obj (.text:xdc_runtime_LoggerBuf_setFilterLevel__E)
                  00013524    000000b2     libuart_xwr18xx.aer4f : uartsci_dma.oer4f (.text:UartSci_openDMA)
                  000135d6    00000002     --HOLE-- [fill = 0]
                  000135d8    000000b0     libcbuff_xwr18xx.aer4f : cbuff.oer4f (.text:CBUFF_deactivateSession)
                  00013688    000000b0     libmmwave_xwr18xx.aer4f : mmwave_fullcfg.oer4f (.text:MMWave_addProfile)
                  00013738    000000b0     libmmwavelink_xwr18xx.aer4f : rl_sensor.oer4f (.text:rlSetProfileConfig)
                  000137e8    00000006     libosal_xwr18xx.aer4f : CycleprofilerP_tirtos.oer4f (.text:CycleprofilerP_getTimeStamp)
                  000137ee    00000002     --HOLE-- [fill = 0]
                  000137f0    000000b0     sysbios.aer4ft : BIOS.obj (.text:ti_sysbios_utils_Load_updateLoads__E)
                  000138a0    000000b0                    : BIOS.obj (.text:xdc_runtime_Text_putMod__E)
                  00013950    000000ae     mmwdemo_adcconfig.oer4f (.text:MmwDemo_ADCBufConfig)
                  000139fe    000000ae     rtsv7R4_T_le_v3D16_eabi.lib : _io_perm.obj (.text)
                  00013aac    000000ac     libesm_xwr18xx.aer4f : esm.oer4f (.text:ESM_processInterrupt)
                  00013b58    00000006     libdpm_xwr18xx.aer4f : dpm_mailbox.oer4f (.text:DPM_mboxSynch)
                  00013b5e    00000002     --HOLE-- [fill = 0]
                  00013b60    000000ac     sysbios.aer4ft : BIOS.obj (.text:ti_sysbios_knl_Task_Module_startup__E)
                  00013c0c    00000004     libmmwave_xwr18xx.aer4f : mmwave_link.oer4f (.text:MMWave_mboxClose)
                  00013c10    000000ac     sysbios.aer4ft : BIOS.obj (.text:ti_sysbios_utils_Load_startup__E)
                  00013cbc    000000a8     libadcbuf_xwr18xx.aer4f : adcbuf_mmwave.oer4f (.text:ADCBUF_MMWave_getChanBufAddr)
                  00013d64    000000a8     libcli_xwr18xx.aer4f : cli_mmwave.oer4f (.text:CLI_MMWaveExtensionHelp)
                  00013e0c    000000a8     libedma_xwr18xx.aer4f : edma_low_level.oer4f (.text:EDMA3Init)
                  00013eb4    000000a8     libmmwave_xwr18xx.aer4f : mmwave_link.oer4f (.text:MMWave_configureProfileChirp)
                  00013f5c    000000a8                             : mmwave_fullcfg.oer4f (.text:MMWave_getBpmChirpHandle)
                  00014004    000000a8     mss_main.oer4f (.text:MmwDemo_isAllCfgInNonPendingState)
                  000140ac    000000a8     libpinmux_xwr18xx.aer4f : pinmux.oer4f (.text:Pinmux_Set_OverrideCtrl)
                  00014154    000000a8     libsoc_xwr18xx.aer4f : soc.oer4f (.text:SOC_deregisterSysIntListener)
                  000141fc    000000a8     libmmwavelink_xwr18xx.aer4f : rl_driver.oer4f (.text:rlDriverWaitForResponse)
                  000142a4    000000a8                                 : rl_sensor.oer4f (.text:rlSetAdvFrameConfig)
                  0001434c    000000a4     libdma_xwr18xx.aer4f : dma.oer4f (.text:DMA_assignChannel)
                  000143f0    000000a4     libesm_xwr18xx.aer4f : esm.oer4f (.text:ESM_init)
                  00014494    000000a4     libmmwave_xwr18xx.aer4f : mmwave_fullcfg.oer4f (.text:MMWave_addBpmChirp)
                  00014538    000000a4                             : mmwave.oer4f (.text:MMWave_start)
                  000145dc    000000a4     libqspiflash_xwr18xx.aer4f : qspiflash.oer4f (.text:QSPIFlash_mmapWrite)
                  00014680    000000a2     sysbios.aer4ft : BIOS.obj (.text:xdc_runtime_Text_putSite__E)
                  00014722    00000002     --HOLE-- [fill = 0]
                  00014724    000000a0     libqspiflash_xwr18xx.aer4f : qspiflash.oer4f (.text:QSPIFlash_configMmapRead)
                  000147c4    000000a0                                : qspiflash_device_macronix.oer4f (.text:QSPIFlash_macronix_progQuadRead)
                  00014864    000000a0     libsoc_xwr18xx.aer4f : soc.oer4f (.text:SOC_registerSysIntListener)
                  00014904    000000a0     auto_init.aer4ft : auto_init.oer4ft (.text)
                  000149a4    0000000c     libmmwavelink_xwr18xx.aer4f : rl_driver.oer4f (.text:rlDriverGetPlatformId)
                  000149b0    000000a0     sysbios.aer4ft : BIOS.obj (.text:ti_sysbios_knl_Task_blockI__E)
                  00014a50    0000009c     libmmwave_xwr18xx.aer4f : mmwave_link.oer4f (.text:MMWave_configLink)
                  00014aec    0000009c                             : mmwave_fullcfg.oer4f (.text:MMWave_getProfileHandle)
                  00014b88    0000009c     mmw_cli.oer4f (.text:MmwDemo_CLIMeasureRangeBiasAndRxChanPhaseCfg)
                  00014c24    0000009c     libqspiflash_xwr18xx.aer4f : qspiflash_device_spansion.oer4f (.text:QSPIFlash_spansion_progQuadRead)
                  00014cc0    0000009c     libuart_xwr18xx.aer4f : uartsci.oer4f (.text:UartSci_write)
                  00014d5c    0000009c     rtsv7R4_T_le_v3D16_eabi.lib : memcpy_t2.obj (.text)
                  00014df8    00000006     libedma_xwr18xx.aer4f : edma_low_level.oer4f (.text:EDMA3ClrCCErr)
                  00014dfe    00000002     --HOLE-- [fill = 0]
                  00014e00    0000009c     sysbios.aer4ft : BIOS.obj (.text:ti_sysbios_family_arm_v7r_vim_Hwi_initIntController__I)
                  00014e9c    00000004     libmmwave_xwr18xx.aer4f : mmwave_link.oer4f (.text:MMWave_mboxRead)
                  00014ea0    0000009c     sysbios.aer4ft : BIOS.obj (.text:ti_sysbios_family_arm_v7r_vim_Hwi_mapChannel__I)
                  00014f3c    00000004     libmmwave_xwr18xx.aer4f : mmwave_link.oer4f (.text:MMWave_registerInterruptHandler)
                  00014f40    0000009c     sysbios.aer4ft : BIOS.obj (.text:ti_sysbios_knl_Semaphore_Instance_init__E)
                  00014fdc    0000009a     libdpm_xwr18xx.aer4f : dpm_msg.oer4f (.text:DPM_msgResponseHandler)
                  00015076    00000002     --HOLE-- [fill = 0]
                  00015078    00000098     libmmwave_xwr18xx.aer4f : mmwave_fullcfg.oer4f (.text:MMWave_getChirpCfg)
                  00015110    00000098     mmwdemo_rfparser.oer4f (.text:MmwDemo_RFParser_parseConfig)
                  000151a8    00000098     rtsv7R4_T_le_v3D16_eabi.lib : fclose.obj (.text)
                  00015240    00000098                                 : fputc.obj (.text)
                  000152d8    00000098     sysbios.aer4ft : vim_Hwi_asm_switch.obj (.text)
                  00015370    00000098                    : BIOS.obj (.text:ti_sysbios_utils_Load_taskDeleteHook__E)
                  00015408    00000096     libedma_xwr18xx.aer4f : edma.oer4f (.text:EDMA_getErrorStatusInfo)
                  0001549e    00000096     libuart_xwr18xx.aer4f : uartsci.oer4f (.text:UartSci_readChar)
                  00015534    00000094     libcbuff_xwr18xx.aer4f : cbuff_transfer.oer4f (.text:CBUFF_setupNonInterleaved_ADC)
                  000155c8    00000094     mmw_lvds_stream.oer4f (.text:MmwDemo_LVDSStream_EDMAAllocateCBUFFHwChannel)
                  0001565c    00000094     mmw_lvds_stream.oer4f (.text:MmwDemo_LVDSStream_EDMAAllocateCBUFFSwChannel)
                  000156f0    00000094     libmmwavelink_xwr18xx.aer4f : rl_driver.oer4f (.text:rlDriverDeInit)
                  00015784    00000094                                 : rl_driver.oer4f (.text:rlDriverMsgReadCmdCtx)
                  00015818    00000094                                 : rl_driver.oer4f (.text:rlDriverProcRdMsg)
                  000158ac    00000094     sysbios.aer4ft : vim_Hwi_asm.obj (.text:ti_sysbios_family_arm_v7r_vim_Hwi_dispatchIRQ__I)
                  00015940    00000090     libgpio_xwr18xx.aer4f : gpio.oer4f (.text:GPIO_init)
                  000159d0    00000090     libmailbox_xwr18xx.aer4f : mailbox.oer4f (.text:Mailbox_close)
                  00015a60    00000090     libuart_xwr18xx.aer4f : uartsci_dma.oer4f (.text:UartSci_initiateTxDMA)
                  00015af0    00000090                           : uartsci.oer4f (.text:UartSci_read)
                  00015b80    00000090     sysbios.aer4ft : BIOS.obj (.text:ti_sysbios_family_arm_v7a_Pmu_startCounter__E)
                  00015c10    00000090                    : BIOS.obj (.text:ti_sysbios_knl_Task_unblockI__E)
                  00015ca0    00000090                    : BIOS.obj (.text:xdc_runtime_LoggerBuf_getFilterLevel__E)
                  00015d30    0000008c     libcli_xwr18xx.aer4f : cli_mmwave.oer4f (.text:CLI_MMWaveDataOutputMode)
                  00015dbc    0000008c     libsoc_xwr18xx.aer4f : soc.oer4f (.text:SOC_init)
                  00015e48    0000008c                          : soc_xwr18xx.oer4f (.text:SOC_translateAddress)
                  00015ed4    0000008c     libuart_xwr18xx.aer4f : uartsci_dma.oer4f (.text:UartSci_initiateRxDMA)
                  00015f60    0000008c     libmmwavelink_xwr18xx.aer4f : rl_device.oer4f (.text:rlDevicePowerOn)
                  00015fec    0000008c                                 : rl_driver.oer4f (.text:rlDriverMsgReadSpawnCtx)
                  00016078    00000006     libedma_xwr18xx.aer4f : edma_low_level.oer4f (.text:EDMA3ErrIntrHighStatusGet)
                  0001607e    00000002     --HOLE-- [fill = 0]
                  00016080    0000008c     sysbios.aer4ft : BIOS.obj (.text:ti_sysbios_family_arm_v7a_Pmu_getCount__E)
                  0001610c    00000004     libmmwave_xwr18xx.aer4f : mmwave_link.oer4f (.text:MMWave_unmaskHostIRQ)
                  00016110    0000008c     sysbios.aer4ft : BIOS.obj (.text:ti_sysbios_family_arm_v7r_vim_Hwi_Instance_finalize__E)
                  0001619c    00000004     libmmwave_xwr18xx.aer4f : mmwave_link.oer4f (.text:MMWave_waitIRQStatus)
                  000161a0    0000008c     sysbios.aer4ft : BIOS.obj (.text:xdc_runtime_Memory_alloc__E)
                  0001622c    00000088     libmmwave_xwr18xx.aer4f : mmwave_fullcfg.oer4f (.text:MMWave_getProfileCfg)
                  000162b4    00000088     rtsv7R4_T_le_v3D16_eabi.lib : vsnprintf.obj (.text)
                  0001633c    00000086     libcbuff_xwr18xx.aer4f : cbuff_edma.oer4f (.text:CBUFF_closeEDMA)
                  000163c2    00000002     --HOLE-- [fill = 0]
                  000163c4    00000084     libmmwave_xwr18xx.aer4f : mmwave_dualcore.oer4f (.text:MMWave_deviceCfgAsyncEvent)
                  00016448    00000084                             : mmwave_dualcore.oer4f (.text:MMWave_deviceEventFxn)
                  000164cc    00000084                             : mmwave_fullcfg.oer4f (.text:MMWave_getNumBpmChirp)
                  00016550    00000084                             : mmwave.oer4f (.text:MMWave_open)
                  000165d4    00000084     mss_main.oer4f (.text:MmwDemo_configSensor)
                  00016658    00000081     libcbuff_xwr18xx.aer4f : cbuff_edma.oer4f (.text:CBUFF_setupEDMAShadowLink)
                  000166d9    00000003     --HOLE-- [fill = 0]
                  000166dc    00000080     libcli_xwr18xx.aer4f : cli_mmwave.oer4f (.text:CLI_MMWaveChannelCfg)
                  0001675c    00000080     libdpm_xwr18xx.aer4f : dpm_mailbox.oer4f (.text:DPM_mboxRemoteMailboxCallbackFxn)
                  000167dc    00000080     libmmwave_xwr18xx.aer4f : mmwave_fullcfg.oer4f (.text:MMWave_getBpmChirpCfg)
                  0001685c    00000080     mmw_cli.oer4f (.text:MmwDemo_CLIAoAFovCfg)
                  000168dc    00000080     libsoc_xwr18xx.aer4f : soc.oer4f (.text:SOC_getDeviceRFFreqScaleFactor)
                  0001695c    00000080     libuart_xwr18xx.aer4f : uartsci.oer4f (.text:UartSci_writePolling)
                  000169dc    00000080     libmmwavelink_xwr18xx.aer4f : rl_driver.oer4f (.text:rlDriverExecuteGetApi)
                  00016a5c    00000004     mss_main.oer4f (.text:MmwDemo_sleep)
                  00016a60    00000080     sysbios.aer4ft : BIOS.obj (.text:ti_sysbios_timers_rti_Timer_initDevice__I)
                  00016ae0    0000007e     libosal_xwr18xx.aer4f : HwiP_tirtos.oer4f (.text:HwiP_create)
                  00016b5e    00000002     --HOLE-- [fill = 0]
                  00016b60    0000007d     libcbuff_xwr18xx.aer4f : cbuff_lvds.oer4f (.text:CBUFF_initLVDSLinkListParams)
                  00016bdd    00000003     --HOLE-- [fill = 0]
                  00016be0    0000007c     libdpm_xwr18xx.aer4f : dpm_pipe.oer4f (.text:DPM_pipeSend)
                  00016c5c    0000007c     libedma_xwr18xx.aer4f : edma.oer4f (.text:EDMA_clearErrors)
                  00016cd8    0000007c     libmmwave_xwr18xx.aer4f : mmwave_dualcore.oer4f (.text:MMWave_deviceOpenFxn)
                  00016d54    0000007c     libmailbox_xwr18xx.aer4f : mailbox.oer4f (.text:Mailbox_init)
                  00016dd0    0000007c     mmw_lvds_stream.oer4f (.text:MmwDemo_LVDSStream_SwTriggerFrameDone)
                  00016e4c    0000007c     libuart_xwr18xx.aer4f : uartsci.oer4f (.text:UartSci_readPolling)
                  00016ec8    0000007c     sysbios.aer4ft : arm_TaskSupport_asm.obj (.text:_ti_sysbios_family_arm_TaskSupport_buildTaskStack)
                  00016f44    0000000c                    : BIOS.obj (.text:ti_sysbios_family_arm_v7a_Pmu_configureCounterI__I)
                  00016f50    0000007c                    : BIOS.obj (.text:xdc_runtime_Core_deleteObject__I)
                  00016fcc    0000007b     mmw_cli.oer4f (.text:MmwDemo_CLIGetSubframe)
                  00017047    00000001     --HOLE-- [fill = 0]
                  00017048    0000007a     rtsv7R4_T_le_v3D16_eabi.lib : memset_t2.obj (.text)
                  000170c2    00000002     --HOLE-- [fill = 0]
                  000170c4    00000078     libadcbuf_xwr18xx.aer4f : adcbuf_mmwave.oer4f (.text:ADCBUF_MMWave_getCQBufAddr)
                  0001713c    00000078     libcbuff_xwr18xx.aer4f : cbuff_transfer.oer4f (.text:CBUFF_configUserBufferEDMA)
                  000171b4    00000078                            : cbuff.oer4f (.text:CBUFF_setVC)
                  0001722c    00000078     libcli_xwr18xx.aer4f : cli_mmwave.oer4f (.text:CLI_MMWaveADCCfg)
                  000172a4    00000078     libmmwave_xwr18xx.aer4f : mmwave_fullcfg.oer4f (.text:MMWave_getNumChirps)
                  0001731c    00000078     libqspiflash_xwr18xx.aer4f : qspiflash.oer4f (.text:QSPIFlash_mmapRead)
                  00017394    00000078                                : qspiflash.oer4f (.text:QSPIFlash_sectorErase)
                  0001740c    00000078     libqspi_xwr18xx.aer4f : qspi.oer4f (.text:QSPI_cfgRead)
                  00017484    00000077                           : qspi.oer4f (.text:QSPI_memAccessCfg)
                  000174fb    00000001     --HOLE-- [fill = 0]
                  000174fc    00000074     libmmwave_xwr18xx.aer4f : mmwave.oer4f (.text:MMWave_config)
                  00017570    00000074                             : mmwave_dualcore.oer4f (.text:MMWave_deviceStartFxn)
                  000175e4    00000074     boot.aer4ft : boot.oer4ft (.text)
                  00017658    00000074     libmmwavelink_xwr18xx.aer4f : rl_driver.oer4f (.text:rlDriverAsyncEventHandler)
                  000176cc    00000074     rtsv7R4_T_le_v3D16_eabi.lib : getdevice.obj (.text)
                  00017740    00000074                                 : s_frexp.obj (.text)
                  000177b4    00000072     libmmwavelink_xwr18xx.aer4f : rl_driver.oer4f (.text:rlDriverClientCbCheck)
                  00017826    00000002     --HOLE-- [fill = 0]
                  00017828    00000070     libedma_xwr18xx.aer4f : edma.oer4f (.text:EDMA_error_isr)
                  00017898    00000070     libhsiheader_xwr18xx.aer4f : hsiheader.oer4f (.text:HSIHeader_deleteHeader)
                  00017908    00000070     libmmwave_xwr18xx.aer4f : mmwave_dualcore.oer4f (.text:MMWave_deviceCfgFxn)
                  00017978    00000070     mmw_cli.oer4f (.text:MmwDemo_CLIGuiMonSel)
                  000179e8    00000070     mmwdemo_flash.oer4f (.text:mmwDemo_flashInit)
                  00017a58    00000006     libedma_xwr18xx.aer4f : edma_low_level.oer4f (.text:EDMA3GetCCErrStatus)
                  00017a5e    00000002     --HOLE-- [fill = 0]
                  00017a60    00000070     sysbios.aer4ft : BIOS.obj (.text:xdc_runtime_Error_print__E)
                  00017ad0    0000006c     libdma_xwr18xx.aer4f : dma.oer4f (.text:DMA_disableChannel)
                  00017b3c    0000006c                          : dma.oer4f (.text:DMA_enableChannel)
                  00017ba8    0000006c     libmmwave_xwr18xx.aer4f : mmwave_link.oer4f (.text:MMWave_spawn)
                  00017c14    0000006c                             : mmwave_link.oer4f (.text:MMWave_stopLink)
                  00017c80    0000006c     mmw_lvds_stream.oer4f (.text:MmwDemo_LVDSStream_EDMAFreeCBUFFHwChannel)
                  00017cec    0000006c     mmw_lvds_stream.oer4f (.text:MmwDemo_LVDSStream_EDMAFreeCBUFFSwChannel)
                  00017d58    0000006c     mmw_lvds_stream.oer4f (.text:MmwDemo_LVDSStream_HwTriggerFrameDone)
                  00017dc4    0000006c     libpinmux_xwr18xx.aer4f : pinmux.oer4f (.text:Pinmux_Set_FuncSel)
                  00017e30    0000006c     libqspiflash_xwr18xx.aer4f : qspiflash.oer4f (.text:QSPIFlashReadSFDP)
                  00017e9c    0000006c     libqspi_xwr18xx.aer4f : qspi.oer4f (.text:QSPI_cfgWrite)
                  00017f08    0000006c     rtsv7R4_T_le_v3D16_eabi.lib : copy_decompress_lzss.obj (.text:decompress:lzss)
                  00017f74    0000006c                                 : trgmsg.obj (.text)
                  00017fe0    0000006a     libuart_xwr18xx.aer4f : uartsci.oer4f (.text:UartSci_control)
                  0001804a    00000002     --HOLE-- [fill = 0]
                  0001804c    00000068     libdpm_xwr18xx.aer4f : dpm_msg.oer4f (.text:DPM_msgDPCCfgHandler)
                  000180b4    00000068     libmmwave_xwr18xx.aer4f : mmwave_dualcore.oer4f (.text:MMWave_deviceStopFxn)
                  0001811c    00000068     libmailbox_xwr18xx.aer4f : mailbox.oer4f (.text:Mailbox_readFlush)
                  00018184    00000068     mss_main.oer4f (.text:MmwDemo_convertCfarToLinear)
                  000181ec    00000068     libmmwavelink_xwr18xx.aer4f : rl_driver.oer4f (.text:rlDriverExecuteSetApi)
                  00018254    00000068                                 : rl_driver.oer4f (.text:rlDriverHostIrqHandler)
                  000182bc    00000068     rtsv7R4_T_le_v3D16_eabi.lib : hostlseek.obj (.text)
                  00018324    00000068                                 : hostrename.obj (.text)
                  0001838c    00000066     libmmwavelink_xwr18xx.aer4f : rl_device.oer4f (.text:rlDevicePowerOff)
                  000183f2    00000002     --HOLE-- [fill = 0]
                  000183f4    00000064     libcli_xwr18xx.aer4f : cli_mmwave.oer4f (.text:CLI_MMWaveLowPowerCfg)
                  00018458    00000064     libedma_xwr18xx.aer4f : edma.oer4f (.text:EDMA_getTransferControllerErrorStatusInfo)
                  000184bc    00000064     libosal_xwr18xx.aer4f : SemaphoreP_tirtos.oer4f (.text:SemaphoreP_create)
                  00018520    00000064     rtsv7R4_T_le_v3D16_eabi.lib : fseek.obj (.text)
                  00018584    00000064                                 : sprintf.obj (.text)
                  000185e8    00000064     sysbios.aer4ft : exc_Exception_asm.obj (.text:ti_sysbios_family_arm_exc_Exception_initCore0__I)
                  0001864c    00000004     libsoc_xwr18xx.aer4f : soc_xwr18xx.oer4f (.text:SOC_gateClock)
                  00018650    00000064     sysbios.aer4ft : BIOS.obj (.text:ti_sysbios_family_arm_v7r_vim_Hwi_phantomIntHandler__I)
                  000186b4    0000000c                    : BIOS.obj (.text:ti_sysbios_family_arm_v7a_Pmu_getCountI__E)
                  000186c0    00000064                    : BIOS.obj (.text:ti_sysbios_knl_Clock_logTick__E)
                  00018724    0000000c     mmw_mss_per4ft.oer4ft (.text:ti_sysbios_knl_Queue_Object__get__S)
                  00018730    00000064     sysbios.aer4ft : BIOS.obj (.text:ti_sysbios_utils_Load_logCPULoad__I)
                  00018794    0000000a     libadcbuf_xwr18xx.aer4f : ADCBuf.oer4f (.text:ADCBuf_control)
                  0001879e    00000002     --HOLE-- [fill = 0]
                  000187a0    00000064     sysbios.aer4ft : BIOS.obj (.text:xdc_runtime_Startup_exec__E)
                  00018804    00000062     mmw_cli.oer4f (.text:MmwDemo_CLICfarFovCfg)
                  00018866    00000002     --HOLE-- [fill = 0]
                  00018868    00000060     libcli_xwr18xx.aer4f : cli_mmwave.oer4f (.text:CLI_MMWaveExtensionHandler)
                  000188c8    00000060     libosal_xwr18xx.aer4f : DebugP_tirtos.oer4f (.text:DebugP_log2)
                  00018928    00000060                           : DebugP_tirtos.oer4f (.text:DebugP_log3)
                  00018988    00000006     libedma_xwr18xx.aer4f : edma_low_level.oer4f (.text:EDMA3GetErrIntrStatus)
                  0001898e    00000002     --HOLE-- [fill = 0]
                  00018990    00000060     sysbios.aer4ft : BIOS.obj (.text:ti_sysbios_heaps_HeapMem_alloc__E)
                  000189f0    00000060                    : BIOS.obj (.text:xdc_runtime_Assert_raise__I)
                  00018a50    0000005f                    : BIOS.obj (.text:xdc_runtime_Text_putLab__E)
                  00018aaf    00000001     --HOLE-- [fill = 0]
                  00018ab0    0000005e     libuart_xwr18xx.aer4f : uartsci.oer4f (.text:UartSci_writeChar)
                  00018b0e    00000002     --HOLE-- [fill = 0]
                  00018b10    0000005c     libedma_xwr18xx.aer4f : edma.oer4f (.text:EDMA_getErrorStatus)
                  00018b6c    0000005c     libmmwave_xwr18xx.aer4f : mmwave_link.oer4f (.text:MMWave_mboxOpen)
                  00018bc8    0000005c                             : mmwave.oer4f (.text:MMWave_stop)
                  00018c24    0000005c     mss_main.oer4f (.text:MmwDemo_mmWaveCtrlTask)
                  00018c80    0000005c     libqspiflash_xwr18xx.aer4f : qspiflash.oer4f (.text:QSPIFlashGetDeviceID)
                  00018cdc    0000005c     libsoc_xwr18xx.aer4f : soc.oer4f (.text:SOC_enableLVDS)
                  00018d38    0000005c     rtsv7R4_T_le_v3D16_eabi.lib : hostopen.obj (.text)
                  00018d94    0000005c                                 : hostread.obj (.text)
                  00018df0    0000005c     sysbios.aer4ft : BIOS.obj (.text:ti_sysbios_utils_Load_updateCurrentThreadTime__E)
                  00018e4c    0000005a     libuart_xwr18xx.aer4f : uartsci.oer4f (.text:UartSci_readCancel)
                  00018ea6    0000005a     libmmwavelink_xwr18xx.aer4f : rl_driver.oer4f (.text:rlDriverCalChkSum)
                  00018f00    00000058     libdpm_xwr18xx.aer4f : dpm_core.oer4f (.text:DPM_execute)
                  00018f58    00000058                          : dpm_mailbox.oer4f (.text:DPM_mboxInit)
                  00018fb0    00000058     libosal_xwr18xx.aer4f : DebugP_tirtos.oer4f (.text:DebugP_log0)
                  00019008    00000058                           : DebugP_tirtos.oer4f (.text:DebugP_log1)
                  00019060    00000058     libedma_xwr18xx.aer4f : edma_low_level.oer4f (.text:EDMA3EnableChInShadowReg)
                  000190b8    00000058     libesm_xwr18xx.aer4f : esm.oer4f (.text:ESM_highpriority_FIQ)
                  00019110    00000058     libmmwave_xwr18xx.aer4f : mmwave.oer4f (.text:MMWave_execute)
                  00019168    00000058                             : mmwave_link.oer4f (.text:MMWave_initCRC)
                  000191c0    00000058     mmw_cli.oer4f (.text:MmwDemo_CLISensorStop)
                  00019218    00000058     mss_main.oer4f (.text:MmwDemo_EDMA_errorCallbackFxn)
                  00019270    00000058     mss_main.oer4f (.text:MmwDemo_EDMA_transferControllerErrorCallbackFxn)
                  000192c8    00000058     libqspiflash_xwr18xx.aer4f : qspiflash.oer4f (.text:QSPIFlash_configMmapWrite)
                  00019320    00000058     libuart_xwr18xx.aer4f : uartsci_dma.oer4f (.text:UartSci_closeDMA)
                  00019378    00000058     mmwdemo_flash.oer4f (.text:mmwDemo_flashRead)
                  000193d0    00000058     rtsv7R4_T_le_v3D16_eabi.lib : close.obj (.text)
                  00019428    00000058                                 : hostwrite.obj (.text)
                  00019480    00000056     libedma_xwr18xx.aer4f : edma.oer4f (.text:EDMA_check4kSiErrata_boundaryCheckUtilType1)
                  000194d6    00000056     libmmwavelink_xwr18xx.aer4f : rl_driver.oer4f (.text:rlDriverOsiCbCheck)
                  0001952c    00000054     libcrc_xwr18xx.aer4f : crc.oer4f (.text:CRC_getTransactionId)
                  00019580    00000054     libdma_xwr18xx.aer4f : dma.oer4f (.text:DMA_freeChannel)
                  000195d4    00000054     libmmwave_xwr18xx.aer4f : mmwave_link.oer4f (.text:MMWave_initLink)
                  00019628    00000054     mss_main.oer4f (.text:MmwDemo_CfgUpdate)
                  0001967c    00000054     libqspiflash_xwr18xx.aer4f : qspiflash.oer4f (.text:QSPIFlash_writeEnable)
                  000196d0    00000054     rtsv7R4_T_le_v3D16_eabi.lib : ltoa.obj (.text)
                  00019724    00000054     mmw_mss_per4ft.oer4ft (.text:ti_sysbios_family_arm_v7r_vim_Hwi_create)
                  00019778    00000006     libedma_xwr18xx.aer4f : edma_low_level.oer4f (.text:EDMA3QdmaGetErrIntrStatus)
                  0001977e    00000002     --HOLE-- [fill = 0]
                  00019780    00000054     sysbios.aer4ft : BIOS.obj (.text:ti_sysbios_heaps_HeapMem_getStats__E)
                  000197d4    0000000a     libadcbuf_xwr18xx.aer4f : ADCBuf.oer4f (.text:ADCBuf_getChanBufAddr)
                  000197de    00000002     --HOLE-- [fill = 0]
                  000197e0    00000054     sysbios.aer4ft : BIOS.obj (.text:xdc_runtime_Core_assignLabel__I)
                  00019834    00000050     libcrc_xwr18xx.aer4f : crc.oer4f (.text:CRC_getSignature)
                  00019884    00000050     libdpm_xwr18xx.aer4f : dpm_core.oer4f (.text:DPM_synch)
                  000198d4    00000050     libedma_xwr18xx.aer4f : edma_low_level.oer4f (.text:EDMA3MapChToEvtQ)
                  00019924    00000050     libmmwave_xwr18xx.aer4f : mmwave.oer4f (.text:MMWave_sync)
                  00019974    00000050     mmw_cli.oer4f (.text:MmwDemo_CLIMultiObjBeamForming)
                  000199c4    00000050     mmw_cli.oer4f (.text:MmwDemo_CLIQueryDemoStatus)
                  00019a14    00000050     mss_main.oer4f (.text:mmwDemo_mssDPMTask)
                  00019a64    00000050     libmmwavelink_xwr18xx.aer4f : rl_driver.oer4f (.text:rlDeviceIdentifyCmdDir)
                  00019ab4    00000050                                 : rl_driver.oer4f (.text:rlDriverVerifyCRC)
                  00019b04    00000050     rtsv7R4_T_le_v3D16_eabi.lib : atoi.obj (.text)
                  00019b54    00000050                                 : exit.obj (.text)
                  00019ba4    00000050                                 : u_div32.obj (.text)
                  00019bf4    0000000a     libcbuff_xwr18xx.aer4f : cbuff_lvds.oer4f (.text:CBUFF_deinitLVDS)
                  00019bfe    00000002     --HOLE-- [fill = 0]
                  00019c00    00000050     sysbios.aer4ft : BIOS.obj (.text:xdc_runtime_System_exit__E)
                  00019c50    0000004c     libcli_xwr18xx.aer4f : cli.oer4f (.text:CLI_write)
                  00019c9c    0000004c     libedma_xwr18xx.aer4f : edma.oer4f (.text:EDMA_disableChannel)
                  00019ce8    0000004c                           : edma.oer4f (.text:EDMA_enableChannel)
                  00019d34    0000004c     libmailbox_xwr18xx.aer4f : mailbox.oer4f (.text:Mailbox_boxEmptyISRProcessing)
                  00019d80    0000004c     libqspiflash_xwr18xx.aer4f : qspiflash_device_macronix.oer4f (.text:QSPIFlash_macronix_init)
                  00019dcc    0000004c     libuart_xwr18xx.aer4f : uartsci.oer4f (.text:UartSci_writeCancel)
                  00019e18    0000004c     rtsv7R4_T_le_v3D16_eabi.lib : cpy_tbl.obj (.text)
                  00019e64    0000000a     libdpm_xwr18xx.aer4f : dpm_core.oer4f (.text:DPM_chirpISR)
                  00019e6e    00000002     --HOLE-- [fill = 0]
                  00019e70    0000004c     sysbios.aer4ft : BIOS.obj (.text:ti_sysbios_family_arm_v7r_vim_Hwi_getStackInfo__E)
                  00019ebc    0000004c     mmw_mss_per4ft.oer4ft (.text:ti_sysbios_knl_Task_create)
                  00019f08    00000006     libosal_xwr18xx.aer4f : HwiP_tirtos.oer4f (.text:HwiP_restore)
                  00019f0e    00000002     --HOLE-- [fill = 0]
                  00019f10    0000004c     sysbios.aer4ft : BIOS.obj (.text:ti_sysbios_knl_Task_stat__E)
                  00019f5c    00000004     libsoc_xwr18xx.aer4f : soc_xwr18xx.oer4f (.text:SOC_ungateClock)
                  00019f60    0000004c     sysbios.aer4ft : BIOS.obj (.text:ti_sysbios_utils_Load_taskSwitchHook__E)
                  00019fac    0000004a     libdpm_xwr18xx.aer4f : dpm_mailbox.oer4f (.text:DPM_mboxSendResult)
                  00019ff6    0000004a     libmailbox_xwr18xx.aer4f : mailbox.oer4f (.text:Mailbox_boxFullISRProcessing)
                  0001a040    0000004a     sysbios.aer4ft : BIOS.obj (.text:xdc_runtime_Core_assignParams__I)
                  0001a08a    00000006     libmmwavelink_xwr18xx.aer4f : rl_controller.oer4f (.text:rlGetSubBlockId)
                  0001a090    0000004a     sysbios.aer4ft : BIOS.obj (.text:xdc_runtime_Text_xprintf__I)
                  0001a0da    00000002     --HOLE-- [fill = 0]
                  0001a0dc    00000049     mmw_lvds_stream.oer4f (.text:MmwDemo_LVDSStream_EDMAAllocateCBUFFChannel)
                  0001a125    00000001     --HOLE-- [fill = 0]
                  0001a126    00000048     libcbuff_xwr18xx.aer4f : cbuff_transfer.oer4f (.text:CBUFF_setup_USER)
                  0001a16e    00000048     libdpm_xwr18xx.aer4f : dpm_pipe.oer4f (.text:DPM_pipeRecv)
                  0001a1b6    00000002     --HOLE-- [fill = 0]
                  0001a1b8    00000048     mss_main.oer4f (.text:MmwDemo_resetStaticCfgPendingState)
                  0001a200    00000048     mmwdemo_flash.oer4f (.text:mmwDemo_flashWrite)
                  0001a248    00000048     libmmwavelink_xwr18xx.aer4f : rl_device.oer4f (.text:rlDeviceGetVersion)
                  0001a290    00000048                                 : rl_driver.oer4f (.text:rlDriverOsiInit)
                  0001a2d8    00000048     mmw_mss_per4ft.oer4ft (.text:xdc_runtime_LoggerBuf_Object__create__S)
                  0001a320    00000046     libmailbox_xwr18xx.aer4f : mailbox.oer4f (.text:CSL_FINSR)
                  0001a366    00000002     --HOLE-- [fill = 0]
                  0001a368    00000044     libadcbuf_xwr18xx.aer4f : adcbuf_mmwave.oer4f (.text:ADCBUF_MMWave_close)
                  0001a3ac    00000044     libcrc_xwr18xx.aer4f : crc.oer4f (.text:CRC_resetSignature)
                  0001a3f0    00000044     libdpm_xwr18xx.aer4f : dpm_core.oer4f (.text:DPM_start)
                  0001a434    00000044                          : dpm_core.oer4f (.text:DPM_stop)
                  0001a478    00000044     libedma_xwr18xx.aer4f : edma.oer4f (.text:EDMA_linkParamSets)
                  0001a4bc    00000044     libmailbox_xwr18xx.aer4f : mailbox.oer4f (.text:Mailbox_boxFullISRMssDss)
                  0001a500    00000044     libsoc_xwr18xx.aer4f : soc_xwr18xx_mss.oer4f (.text:SOC_resetDMA)
                  0001a544    00000044     rtsv7R4_T_le_v3D16_eabi.lib : hostclose.obj (.text)
                  0001a588    00000044                                 : hostunlink.obj (.text)
                  0001a5cc    00000004     mmw_mss_per4ft.oer4ft (.text:ti_sysbios_BIOS_RtsGateProxy_enter__E)
                  0001a5d0    00000044     sysbios.aer4ft : BIOS.obj (.text:ti_sysbios_family_arm_v7r_tms570_Core_Module_startup__E)
                  0001a614    0000000a     libdpm_xwr18xx.aer4f : dpm_core.oer4f (.text:DPM_frameStartISR)
                  0001a61e    00000002     --HOLE-- [fill = 0]
                  0001a620    00000044     sysbios.aer4ft : BIOS.obj (.text:ti_sysbios_knl_Task_allBlockedFunction__I)
                  0001a664    0000000a     libosal_xwr18xx.aer4f : MemoryP_tirtos.oer4f (.text:MemoryP_ctrlFree)
                  0001a66e    00000002     --HOLE-- [fill = 0]
                  0001a670    00000044     sysbios.aer4ft : BIOS.obj (.text:xdc_runtime_LoggerBuf_Module_startup__E)
                  0001a6b4    0000000a     mss_main.oer4f (.text:MmwDemo_resetDynObjDetCfgPendingState)
                  0001a6be    00000002     --HOLE-- [fill = 0]
                  0001a6c0    00000044     sysbios.aer4ft : BIOS.obj (.text:xdc_runtime_System_atexit__E)
                  0001a704    00000042     libcbuff_xwr18xx.aer4f : cbuff_lvds.oer4f (.text:CBUFF_closeLVDS)
                  0001a746    00000042     libedma_xwr18xx.aer4f : edma.oer4f (.text:EDMA_transferController_error_isr)
                  0001a788    00000042     libmmwave_xwr18xx.aer4f : mmwave_link.oer4f (.text:MMWave_executeLink)
                  0001a7ca    00000042     libmmwavelink_xwr18xx.aer4f : rl_controller.oer4f (.text:rlGetSubBlock)
                  0001a80c    00000040     mmw_cli.oer4f (.text:MmwDemo_CLIClutterRemoval)
                  0001a84c    00000040     mmw_cli.oer4f (.text:MmwDemo_CLIExtendedMaxVelocity)
                  0001a88c    00000040     libqspiflash_xwr18xx.aer4f : qspiflash.oer4f (.text:QSPIFlash_progQuadRead)
                  0001a8cc    00000040                                : qspiflash_device_spansion.oer4f (.text:QSPIFlash_spansion_init)
                  0001a90c    00000040     libmmwavelink_xwr18xx.aer4f : rl_driver.oer4f (.text:rlDriverValidateHdr)
                  0001a94c    00000040     rtsv7R4_T_le_v3D16_eabi.lib : strtok.obj (.text)
                  0001a98c    00000004     mmw_mss_per4ft.oer4ft (.text:ti_sysbios_BIOS_RtsGateProxy_leave__E)
                  0001a990    00000040     sysbios.aer4ft : BIOS.obj (.text:ti_sysbios_timers_rti_Timer_stop__E)
                  0001a9d0    0000003e     libadcbuf_xwr18xx.aer4f : adcbuf_mmwave.oer4f (.text:CSL_FINSR)
                  0001aa0e    0000003e     libcbuff_xwr18xx.aer4f : cbuff.oer4f (.text:CSL_FINSR)
                  0001aa4c    0000003e                            : cbuff_lvds.oer4f (.text:CSL_FINSR)
                  0001aa8a    0000003e     libcrc_xwr18xx.aer4f : crc.oer4f (.text:CSL_FINSR)
                  0001aac8    0000003e     libdma_xwr18xx.aer4f : dma.oer4f (.text:CSL_FINSR)
                  0001ab06    0000003e     libgpio_xwr18xx.aer4f : gpio.oer4f (.text:CSL_FINSR)
                  0001ab44    0000003e     libpinmux_xwr18xx.aer4f : pinmux.oer4f (.text:CSL_FINSR)
                  0001ab82    0000003e     libqspi_xwr18xx.aer4f : qspi.oer4f (.text:CSL_FINSR)
                  0001abc0    0000003e     libsoc_xwr18xx.aer4f : soc.oer4f (.text:CSL_FINSR)
                  0001abfe    0000003e                          : soc_xwr18xx.oer4f (.text:CSL_FINSR)
                  0001ac3c    0000003e                          : soc_xwr18xx_mss.oer4f (.text:CSL_FINSR)
                  0001ac7a    0000003e     libuart_xwr18xx.aer4f : uartsci.oer4f (.text:CSL_FINSR)
                  0001acb8    0000003e     libdpm_xwr18xx.aer4f : dpm_msg.oer4f (.text:DPM_msgStopHandler)
                  0001acf6    0000003e     libmmwave_xwr18xx.aer4f : mmwave.oer4f (.text:MMWave_decodeError)
                  0001ad34    0000003e     libuart_xwr18xx.aer4f : uartsci.oer4f (.text:UartSci_close)
                  0001ad72    0000003e     mmwdemo_monitor.oer4f (.text:mmwDemo_cfgAnalogMonitor)
                  0001adb0    0000003c     libcbuff_xwr18xx.aer4f : cbuff_transfer.oer4f (.text:CBUFF_configCQEDMA)
                  0001adec    0000003c     libcli_xwr18xx.aer4f : cli_mmwave.oer4f (.text:CLI_MMWaveFlushCfg)
                  0001ae28    0000003c     libedma_xwr18xx.aer4f : edma.oer4f (.text:EDMA_chainChannels)
                  0001ae64    0000003c                           : edma.oer4f (.text:EDMA_getTransferControllerErrorStatus)
                  0001aea0    0000003c     libmailbox_xwr18xx.aer4f : mailbox.oer4f (.text:Mailbox_writeReset)
                  0001aedc    0000003c     libsoc_xwr18xx.aer4f : soc.oer4f (.text:SOC_unhaltBSS)
                  0001af18    0000003c     sysbios.aer4ft : vim_Hwi_asm.obj (.text:ti_sysbios_family_arm_v7r_vim_Hwi_init__I)
                  0001af54    0000000a     libosal_xwr18xx.aer4f : SemaphoreP_tirtos.oer4f (.text:SemaphoreP_post)
                  0001af5e    00000002     --HOLE-- [fill = 0]
                  0001af60    0000003c     sysbios.aer4ft : BIOS.obj (.text:ti_sysbios_hal_Hwi_checkStack)
                  0001af9c    00000004     mmw_mss_per4ft.oer4ft (.text:ti_sysbios_family_arm_TaskSupport_Module__startupDone__S)
                  0001afa0    0000003c     sysbios.aer4ft : BIOS.obj (.text:ti_sysbios_heaps_HeapMem_init__I)
                  0001afdc    0000003a     libosal_xwr18xx.aer4f : HwiP_tirtos.oer4f (.text:HwiP_delete)
                  0001b016    00000038     libcbuff_xwr18xx.aer4f : cbuff_transfer.oer4f (.text:CBUFF_addUserBufferLLEntry)
                  0001b04e    00000038                            : cbuff_transfer.oer4f (.text:CBUFF_setupHeader)
                  0001b086    00000002     --HOLE-- [fill = 0]
                  0001b088    00000038     libcli_xwr18xx.aer4f : cli_mmwave.oer4f (.text:CLI_MMWaveExtensionInit)
                  0001b0c0    00000038     libedma_xwr18xx.aer4f : edma_low_level.oer4f (.text:EDMA3ClrMissEvt)
                  0001b0f8    00000038     libuart_xwr18xx.aer4f : UART.oer4f (.text:UART_init)
                  0001b130    00000036     libmmwavelink_xwr18xx.aer4f : rl_controller.oer4f (.text:rlAppendSubBlock)
                  0001b166    00000036     rtsv7R4_T_le_v3D16_eabi.lib : strncpy.obj (.text)
                  0001b19c    00000034     libadcbuf_xwr18xx.aer4f : ADCBuf.oer4f (.text:ADCBuf_open)
                  0001b1d0    00000034     libedma_xwr18xx.aer4f : edma.oer4f (.text:EDMA_configTransferControllerError)
                  0001b204    00000034     libmmwave_xwr18xx.aer4f : mmwave_link.oer4f (.text:MMWave_mboxWrite)
                  0001b238    00000034     libsoc_xwr18xx.aer4f : soc_xwr18xx_mss.oer4f (.text:SOC_isSecureDevice)
                  0001b26c    00000034                          : soc_xwr18xx.oer4f (.text:SOC_setMMWaveDSSLinkState)
                  0001b2a0    00000034                          : soc_xwr18xx.oer4f (.text:SOC_setMMWaveMSSLinkState)
                  0001b2d4    00000034                          : soc_xwr18xx.oer4f (.text:SOC_setMSSLinkState)
                  0001b308    00000034     libuart_xwr18xx.aer4f : UART.oer4f (.text:UART_open)
                  0001b33c    00000004     mmw_mss_per4ft.oer4ft (.text:ti_sysbios_family_arm_v7r_vim_Hwi_delete)
                  0001b340    00000034     sysbios.aer4ft : BIOS.obj (.text:ti_sysbios_family_arm_a15_TimestampProvider_get64__E)
                  0001b374    00000034     mmw_mss_per4ft.oer4ft (.text:ti_sysbios_knl_Semaphore_create)
                  0001b3a8    00000032     libcrc_xwr18xx.aer4f : crc.oer4f (.text:CRC_getCRCDataSelectBitValue)
                  0001b3da    00000002     --HOLE-- [fill = 0]
                  0001b3dc    00000032                          : crc.oer4f (.text:CRC_getCRCTypeBitValue)
                  0001b40e    00000032     libedma_xwr18xx.aer4f : edma.oer4f (.text:EDMA_configQueueThreshold)
                  0001b440    00000032     sysbios.aer4ft : BIOS.obj (.text:ti_sysbios_hal_Hwi_initStack)
                  0001b472    00000002     --HOLE-- [fill = 0]
                  0001b474    00000030     libadcbuf_xwr18xx.aer4f : ADCBuf.oer4f (.text:ADCBuf_init)
                  0001b4a4    00000030     libcbuff_xwr18xx.aer4f : cbuff_transfer.oer4f (.text:CBUFF_addCQLLEntry)
                  0001b4d4    00000030     libmmwave_xwr18xx.aer4f : mmwave_listlib.oer4f (.text:MMWave_listRemoveNode)
                  0001b504    00000030     libsoc_xwr18xx.aer4f : soc.oer4f (.text:SOC_getDevicePartNumber)
                  0001b534    00000030     libmmwavelink_xwr18xx.aer4f : rl_sensor.oer4f (.text:rlSensorStart)
                  0001b564    00000030     mmw_mss_per4ft.oer4ft (.text:ti_sysbios_BIOS_startFunc__I)
                  0001b594    0000000a     libuart_xwr18xx.aer4f : UART.oer4f (.text:UART_close)
                  0001b59e    00000002     --HOLE-- [fill = 0]
                  0001b5a0    00000030     sysbios.aer4ft : BIOS.obj (.text:ti_sysbios_family_arm_TaskSupport_start__E)
                  0001b5d0    00000030     mmw_mss_per4ft.oer4ft (.text:ti_sysbios_gates_GateHwi_Object__create__S)
                  0001b600    00000030     mmw_mss_per4ft.oer4ft (.text:ti_sysbios_gates_GateMutex_Object__create__S)
                  0001b630    00000030     mmw_mss_per4ft.oer4ft (.text:ti_sysbios_heaps_HeapMem_Object__create__S)
                  0001b660    00000030     sysbios.aer4ft : BIOS.obj (.text:ti_sysbios_heaps_HeapMem_free__E)
                  0001b690    00000030     mmw_mss_per4ft.oer4ft (.text:ti_sysbios_knl_Semaphore_construct)
                  0001b6c0    0000002f     sysbios.aer4ft : BIOS.obj (.text:xdc_runtime_Text_printVisFxn__I)
                  0001b6ef    00000001     --HOLE-- [fill = 0]
                  0001b6f0    0000002e     libdpm_xwr18xx.aer4f : dpm_msg.oer4f (.text:DPM_msgStartHandler)
                  0001b71e    00000002     --HOLE-- [fill = 0]
                  0001b720    0000002e     sysbios.aer4ft : BIOS.obj (.text:ti_sysbios_knl_Semaphore_pendTimeout__I)
                  0001b74e    0000002e     mmw_mss_per4ft.oer4ft (.text:ti_sysbios_rts_MemAlloc_alloc)
                  0001b77c    0000002c     libdpm_xwr18xx.aer4f : dpm_pipe.oer4f (.text:DPM_pipeInit)
                  0001b7a8    0000002c     libedma_xwr18xx.aer4f : edma.oer4f (.text:EDMA_validate_channelIdchannelType)
                  0001b7d4    0000002c     libgpio_xwr18xx.aer4f : gpio.oer4f (.text:GPIO_HighPriorityISR)
                  0001b800    0000002c                           : gpio.oer4f (.text:GPIO_LowPriorityISR)
                  0001b82c    0000002c     libmmwave_xwr18xx.aer4f : mmwave_osal.oer4f (.text:MMWave_osalMutexCreate)
                  0001b858    0000002c                             : mmwave_osal.oer4f (.text:MMWave_osalSemCreate)
                  0001b884    0000002c     libsoc_xwr18xx.aer4f : soc_xwr18xx_mss.oer4f (.text:SOC_waitBSSPowerUp)
                  0001b8b0    0000002c     libmmwavelink_xwr18xx.aer4f : rl_device.oer4f (.text:rlDeviceGetMssVersion)
                  0001b8dc    0000002c                                 : rl_sensor.oer4f (.text:rlSensorStop)
                  0001b908    0000002c     rtsv7R4_T_le_v3D16_eabi.lib : unlink.obj (.text)
                  0001b934    0000002c     mmw_mss_per4ft.oer4ft (.text:ti_sysbios_BIOS_atExitFunc__I)
                  0001b960    0000002c     mmw_mss_per4ft.oer4ft (.text:ti_sysbios_knl_Clock_doTick__I)
                  0001b98c    0000002c     mmw_mss_per4ft.oer4ft (.text:ti_sysbios_knl_Queue_construct)
                  0001b9b8    00000006     libmmwavelink_xwr18xx.aer4f : rl_controller.oer4f (.text:rlGetSubBlockLen)
                  0001b9be    00000002     --HOLE-- [fill = 0]
                  0001b9c0    0000002c     sysbios.aer4ft : BIOS.obj (.text:ti_sysbios_timers_rti_Timer_periodicStub__E)
                  0001b9ec    0000002a     libdpm_xwr18xx.aer4f : dpm_pipe.oer4f (.text:DPM_pipeDeinit)
                  0001ba16    0000002a     mmwdemo_adcconfig.oer4f (.text:MmwDemo_ADCBufOpen)
                  0001ba40    0000002a     libsoc_xwr18xx.aer4f : soc.oer4f (.text:SOC_SystemISR)
                  0001ba6a    0000002a     libmmwavelink_xwr18xx.aer4f : rl_device.oer4f (.text:rlDeviceGetMmWaveLinkVersion)
                  0001ba94    0000002a     rtsv7R4_T_le_v3D16_eabi.lib : strspn.obj (.text)
                  0001babe    00000002     --HOLE-- [fill = 0]
                  0001bac0    00000028     libcbuff_xwr18xx.aer4f : cbuff.oer4f (.text:CBUFF_ErrorISR)
                  0001bae8    00000028                            : cbuff.oer4f (.text:CBUFF_FrameStartISR)
                  0001bb10    00000028     libdpm_xwr18xx.aer4f : dpm_mailbox.oer4f (.text:DPM_mboxDeinit)
                  0001bb38    00000028                          : dpm_msg.oer4f (.text:DPM_msgInitHeader)
                  0001bb60    00000028     libmailbox_xwr18xx.aer4f : mailbox.oer4f (.text:Mailbox_Config_init)
                  0001bb88    00000028     libqspiflash_xwr18xx.aer4f : qspiflash.oer4f (.text:QSPIFlash_getExtFlashAddr)
                  0001bbb0    00000028     libuart_xwr18xx.aer4f : uartsci_dma.oer4f (.text:UartSci_RxDMACallbackFxn)
                  0001bbd8    00000028                           : uartsci_dma.oer4f (.text:UartSci_TxDMACallbackFxn)
                  0001bc00    00000028     mmwdemo_flash.oer4f (.text:mmwDemo_flashEraseOneSector)
                  0001bc28    00000028     libmmwavelink_xwr18xx.aer4f : rl_driver.oer4f (.text:rlDriverConstructInMsg)
                  0001bc50    00000028     rtsv7R4_T_le_v3D16_eabi.lib : lseek.obj (.text)
                  0001bc78    00000028                                 : write.obj (.text)
                  0001bca0    00000028     sysbios.aer4ft : BIOS.obj (.text:ti_sysbios_knl_Idle_run__E)
                  0001bcc8    00000006                    : a15_TimestampProvider_asm.obj (.text:ti_sysbios_family_arm_a15_TimestampProvider_get32__E)
                  0001bcce    00000002     --HOLE-- [fill = 0]
                  0001bcd0    00000028                    : BIOS.obj (.text:xdc_runtime_SysStd_abort__E)
                  0001bcf8    00000004     mmw_mss_per4ft.oer4ft (.text:ti_sysbios_heaps_HeapMem_Module_GateProxy_enter__E)
                  0001bcfc    00000004     mmw_mss_per4ft.oer4ft (.text:ti_sysbios_heaps_HeapMem_Module_GateProxy_leave__E)
                  0001bd00    00000028     sysbios.aer4ft : BIOS.obj (.text:xdc_runtime_System_aprintf_va__F)
                  0001bd28    00000026     mmwdemo_monitor.oer4f (.text:mmwDemo_cfgRxSaturationMonitor)
                  0001bd4e    00000026     libmmwavelink_xwr18xx.aer4f : rl_monitoring.oer4f (.text:rlRfAnaMonConfig)
                  0001bd74    00000026                                 : rl_sensor.oer4f (.text:rlRfGetTemperatureReport)
                  0001bd9a    00000026                                 : rl_sensor.oer4f (.text:rlRfInitCalibConfig)
                  0001bdc0    00000026                                 : rl_sensor.oer4f (.text:rlRfRunTimeCalibConfig)
                  0001bde6    00000026                                 : rl_monitoring.oer4f (.text:rlRfRxIfSatMonConfig)
                  0001be0c    00000026                                 : rl_monitoring.oer4f (.text:rlRfRxSigImgMonConfig)
                  0001be32    00000026                                 : rl_sensor.oer4f (.text:rlRfSetCalMonFreqLimitConfig)
                  0001be58    00000026                                 : rl_sensor.oer4f (.text:rlRfSetDeviceCfg)
                  0001be7e    00000026                                 : rl_sensor.oer4f (.text:rlRfSetLdoBypassConfig)
                  0001bea4    00000026                                 : rl_sensor.oer4f (.text:rlSetAdcOutConfig)
                  0001beca    00000026                                 : rl_sensor.oer4f (.text:rlSetBpmCommonConfig)
                  0001bef0    00000026                                 : rl_sensor.oer4f (.text:rlSetChannelConfig)
                  0001bf16    00000026                                 : rl_sensor.oer4f (.text:rlSetContModeConfig)
                  0001bf3c    00000026     rtsv7R4_T_le_v3D16_eabi.lib : memcmp.obj (.text)
                  0001bf62    0000000e     libosal_xwr18xx.aer4f : SemaphoreP_tirtos.oer4f (.text:SemaphoreP_delete)
                  0001bf70    00000026     sysbios.aer4ft : BIOS.obj (.text:xdc_runtime_System_printf_va__F)
                  0001bf96    00000002     --HOLE-- [fill = 0]
                  0001bf98    00000025     mss_main.oer4f (.text:_MmwDemo_debugAssert)
                  0001bfbd    00000001     --HOLE-- [fill = 0]
                  0001bfbe    00000024     libcrc_xwr18xx.aer4f : crc.oer4f (.text:CRC_isTransactionIdValid)
                  0001bfe2    00000002     --HOLE-- [fill = 0]
                  0001bfe4    00000024     libedma_xwr18xx.aer4f : edma_low_level.oer4f (.text:EDMA3ClrEvt)
                  0001c008    00000024                           : edma_low_level.oer4f (.text:EDMA3ClrIntr)
                  0001c02c    00000024                           : edma_low_level.oer4f (.text:EDMA3DisableDmaEvt)
                  0001c050    00000024                           : edma_low_level.oer4f (.text:EDMA3DisableEvtIntr)
                  0001c074    00000024                           : edma_low_level.oer4f (.text:EDMA3EnableDmaEvt)
                  0001c098    00000024                           : edma_low_level.oer4f (.text:EDMA3EnableEvtIntr)
                  0001c0bc    00000024                           : edma.oer4f (.text:EDMA_clearTransferControllerErrors)
                  0001c0e0    00000024     libgpio_xwr18xx.aer4f : gpio.oer4f (.text:GPIO_processInterrupt)
                  0001c104    00000024     libhsiheader_xwr18xx.aer4f : hsiheader.oer4f (.text:HSIHeader_processUserBuffer)
                  0001c128    00000024     libsoc_xwr18xx.aer4f : soc_xwr18xx.oer4f (.text:SOC_isDSSOperational)
                  0001c14c    00000024                          : soc_xwr18xx.oer4f (.text:SOC_isMMWaveDSSOperational)
                  0001c170    00000024                          : soc_xwr18xx.oer4f (.text:SOC_isMMWaveMSSOperational)
                  0001c194    00000024     libmmwavelink_xwr18xx.aer4f : rl_device.oer4f (.text:rlDeviceSetHsiClk)
                  0001c1b8    00000024                                 : rl_sensor.oer4f (.text:rlEnableContMode)
                  0001c1dc    00000024                                 : rl_sensor.oer4f (.text:rlRfSetCalMonTimeUnitConfig)
                  0001c200    00000024                                 : rl_sensor.oer4f (.text:rlSetLowPowerModeConfig)
                  0001c224    00000024     mmw_mss_per4ft.oer4ft (.text:ti_sysbios_BIOS_registerRTSLock__I)
                  0001c248    00000024     mmw_mss_per4ft.oer4ft (.text:ti_sysbios_BIOS_removeRTSLock__I)
                  0001c26c    00000024     mmw_mss_per4ft.oer4ft (.text:ti_sysbios_gates_GateMutex_Object__delete__S)
                  0001c290    00000024     sysbios.aer4ft : BIOS.obj (.text:ti_sysbios_knl_Clock_Module_startup__E)
                  0001c2b4    00000024     mmw_mss_per4ft.oer4ft (.text:ti_sysbios_knl_Semaphore_Object__delete__S)
                  0001c2d8    00000022     libcbuff_xwr18xx.aer4f : cbuff_transfer.oer4f (.text:CBUFF_initLinkedList)
                  0001c2fa    00000022     libqspiflash_xwr18xx.aer4f : qspiflash.oer4f (.text:QSPIFlashReadCmd)
                  0001c31c    00000022     libuart_xwr18xx.aer4f : uartsci.oer4f (.text:UartSci_disableRxDMA)
                  0001c33e    00000022                           : uartsci.oer4f (.text:UartSci_enableRxDMA)
                  0001c360    00000022     rtsv7R4_T_le_v3D16_eabi.lib : strcspn.obj (.text)
                  0001c382    00000020     libdpm_xwr18xx.aer4f : dpm_listlib.oer4f (.text:DPM_listCat)
                  0001c3a2    00000002     --HOLE-- [fill = 0]
                  0001c3a4    00000020     libedma_xwr18xx.aer4f : edma_low_level.oer4f (.text:EDMA3QdmaClrMissEvt)
                  0001c3c4    00000020     libesm_xwr18xx.aer4f : esm.oer4f (.text:ESM_lowpriority_IRQ)
                  0001c3e4    00000020     libhsiheader_xwr18xx.aer4f : hsiheader.oer4f (.text:HSIHeader_processCQ)
                  0001c404    00000020     libmmwave_xwr18xx.aer4f : mmwave_listlib.oer4f (.text:MMWave_listCat)
                  0001c424    00000020     mss_main.oer4f (.text:MmwDemo_DPM_ioctl_blocking)
                  0001c444    00000020     libpinmux_xwr18xx.aer4f : pinmux.oer4f (.text:Pinmux_Unlock)
                  0001c464    00000020     libmmwavelink_xwr18xx.aer4f : rl_sensor.oer4f (.text:rlRfInit)
                  0001c484    0000000a     libuart_xwr18xx.aer4f : UART.oer4f (.text:UART_read)
                  0001c48e    00000002     --HOLE-- [fill = 0]
                  0001c490    00000020     sysbios.aer4ft : BIOS.obj (.text:ti_sysbios_family_arm_TaskSupport_stackUsed__E)
                  0001c4b0    00000020                    : BIOS.obj (.text:ti_sysbios_family_arm_a15_TimestampProvider_autoRefreshFxn__I)
                  0001c4d0    00000020                    : BIOS.obj (.text:ti_sysbios_family_arm_v7a_Pmu_Module_startup__E)
                  0001c4f0    00000020     mmw_mss_per4ft.oer4ft (.text:ti_sysbios_family_arm_v7r_vim_Hwi_Object__delete__S)
                  0001c510    00000020     sysbios.aer4ft : BIOS.obj (.text:ti_sysbios_family_arm_v7r_vim_Hwi_disableInterrupt__E)
                  0001c530    00000020                    : BIOS.obj (.text:ti_sysbios_family_arm_v7r_vim_Hwi_enableInterrupt__E)
                  0001c550    00000020     mmw_mss_per4ft.oer4ft (.text:ti_sysbios_gates_GateHwi_Object__delete__S)
                  0001c570    00000020     mmw_mss_per4ft.oer4ft (.text:ti_sysbios_heaps_HeapMem_Object__delete__S)
                  0001c590    00000020     mmw_mss_per4ft.oer4ft (.text:ti_sysbios_knl_Semaphore_destruct)
                  0001c5b0    00000020     mmw_mss_per4ft.oer4ft (.text:xdc_runtime_LoggerBuf_Object__delete__S)
                  0001c5d0    0000001e     libdpm_xwr18xx.aer4f : dpm_pipe.oer4f (.text:DPM_pipeDequeue)
[...]
0001e210  ti_sysbios_knl_Task_LD_block__C                                      
0001e214  ti_sysbios_knl_Task_LD_exit__C                                       
0001e218  ti_sysbios_knl_Task_LD_ready__C                                      
0001e21c  ti_sysbios_knl_Task_LM_sleep__C                                      
0001e220  ti_sysbios_knl_Task_LM_switch__C                                     
0001e224  ti_sysbios_knl_Task_Module_State_inactiveQ__O                        
0001e228  ti_sysbios_knl_Task_Module__diagsEnabled__C                          
0001e22c  ti_sysbios_knl_Task_Module__diagsIncluded__C                         
0001e230  ti_sysbios_knl_Task_Module__diagsMask__C                             
0001e234  ti_sysbios_knl_Task_Module__loggerFxn2__C                            
0001e238  ti_sysbios_knl_Task_Module__loggerFxn4__C                            
0001e23c  ti_sysbios_knl_Task_Module__loggerObj__C                             
0001e240  ti_sysbios_knl_Task_Object__count__C                                 
0001e244  ti_sysbios_knl_Task_Object__heap__C                                  
0001e248  ti_sysbios_knl_Task_allBlockedFunc__C                                
0001e24c  ti_sysbios_knl_Task_defaultStackHeap__C                              
0001e250  ti_sysbios_knl_Task_defaultStackSize__C                              
0001e254  ti_sysbios_knl_Task_numConstructedTasks__C                           
0001e258  ti_sysbios_timers_rti_Timer_E_cannotSupport__C                       
0001e25c  ti_sysbios_timers_rti_Timer_Module__diagsEnabled__C                  
0001e260  ti_sysbios_timers_rti_Timer_Module__diagsIncluded__C                 
0001e264  ti_sysbios_timers_rti_Timer_Module__diagsMask__C                     
0001e268  ti_sysbios_timers_rti_Timer_numTimerDevices__C                       
0001e26c  ti_sysbios_timers_rti_Timer_startupNeeded__C                         
0001e270  ti_sysbios_utils_Load_LS_cpuLoad__C                                  
0001e274  ti_sysbios_utils_Load_LS_taskLoad__C                                 
0001e278  ti_sysbios_utils_Load_Module_State_taskList__O                       
0001e27c  ti_sysbios_utils_Load_Module__diagsEnabled__C                        
0001e280  ti_sysbios_utils_Load_Module__diagsIncluded__C                       
0001e284  ti_sysbios_utils_Load_Module__diagsMask__C                           
0001e288  ti_sysbios_utils_Load_Module__loggerFxn1__C                          
0001e28c  ti_sysbios_utils_Load_Module__loggerFxn4__C                          
0001e290  ti_sysbios_utils_Load_Module__loggerObj__C                           
0001e294  ti_sysbios_utils_Load_postUpdate__C                                  
0001e298  ti_sysbios_utils_Load_windowInMs__C                                  
0001e29c  xdc_runtime_Assert_E_assertFailed__C                                 
0001e2a0  xdc_runtime_Core_A_initializedParams__C                              
0001e2a4  xdc_runtime_Core_Module__diagsEnabled__C                             
0001e2a8  xdc_runtime_Core_Module__diagsIncluded__C                            
0001e2ac  xdc_runtime_Core_Module__diagsMask__C                                
0001e2b0  xdc_runtime_Error_E_memory__C                                        
0001e2b4  xdc_runtime_Error_Module__diagsEnabled__C                            
0001e2b8  xdc_runtime_Error_Module__diagsIncluded__C                           
0001e2bc  xdc_runtime_Error_Module__diagsMask__C                               
0001e2c0  xdc_runtime_Error_Module__loggerFxn8__C                              
0001e2c4  xdc_runtime_Error_Module__loggerObj__C                               
0001e2c8  xdc_runtime_Error_policyFxn__C                                       
0001e2cc  xdc_runtime_Error_policy__C                                          
0001e2d0  xdc_runtime_Error_raiseHook__C                                       
0001e2d4  xdc_runtime_IFilterLogger_Interface__BASE__C                         
0001e2d8  xdc_runtime_IGateProvider_Interface__BASE__C                         
0001e2dc  xdc_runtime_IHeap_Interface__BASE__C                                 
0001e2e0  xdc_runtime_ILogger_Interface__BASE__C                               
0001e2e4  xdc_runtime_IModule_Interface__BASE__C                               
0001e2e8  xdc_runtime_Log_L_error__C                                           
0001e2ec  xdc_runtime_LoggerBuf_E_badLevel__C                                  
0001e2f0  xdc_runtime_LoggerBuf_Module__gateObj__C                             
0001e2f4  xdc_runtime_LoggerBuf_Object__count__C                               
0001e2f8  xdc_runtime_LoggerBuf_statusLogger__C                                
0001e2fc  xdc_runtime_Main_Module__diagsEnabled__C                             
0001e300  xdc_runtime_Main_Module__diagsIncluded__C                            
0001e304  xdc_runtime_Main_Module__diagsMask__C                                
0001e308  xdc_runtime_Main_Module__loggerFxn1__C                               
0001e30c  xdc_runtime_Main_Module__loggerFxn2__C                               
0001e310  xdc_runtime_Main_Module__loggerFxn4__C                               
0001e314  xdc_runtime_Main_Module__loggerObj__C                                
0001e318  xdc_runtime_Memory_defaultHeapInstance__C                            
0001e31c  xdc_runtime_Startup_execImpl__C                                      
0001e320  xdc_runtime_Startup_maxPasses__C                                     
0001e324  xdc_runtime_Startup_sfxnRts__C                                       
0001e328  xdc_runtime_Startup_sfxnTab__C                                       
0001e32c  xdc_runtime_System_Module__gateObj__C                                
0001e330  xdc_runtime_System_abortFxn__C                                       
0001e334  xdc_runtime_System_exitFxn__C                                        
0001e338  xdc_runtime_System_extendFxn__C                                      
0001e33c  xdc_runtime_System_maxAtexitHandlers__C                              
0001e340  xdc_runtime_Text_charTab__C                                          
0001e344  xdc_runtime_Text_nameEmpty__C                                        
0001e348  xdc_runtime_Text_nameStatic__C                                       
0001e34c  xdc_runtime_Text_nameUnknown__C                                      
0001e350  xdc_runtime_Text_visitRopeFxn__C                                     
0001e354  ti_sysbios_family_arm_exc_Exception_Module__id__C                    
0001e356  ti_sysbios_family_arm_v7a_Pmu_Module__id__C                          
0001e358  ti_sysbios_family_arm_v7r_tms570_Core_Module__id__C                  
0001e35a  ti_sysbios_family_arm_v7r_vim_Hwi_Module__id__C                      
0001e35c  ti_sysbios_family_arm_v7r_vim_Hwi_Module__loggerDefined__C           
0001e35e  ti_sysbios_gates_GateMutex_Module__id__C                             
0001e360  ti_sysbios_hal_Hwi_Module__id__C                                     
0001e362  ti_sysbios_heaps_HeapMem_Module__id__C                               
0001e364  ti_sysbios_knl_Clock_Module__id__C                                   
0001e366  ti_sysbios_knl_Clock_Module__loggerDefined__C                        
0001e368  ti_sysbios_knl_Semaphore_Module__id__C                               
0001e36a  ti_sysbios_knl_Semaphore_Module__loggerDefined__C                    
0001e36c  ti_sysbios_knl_Task_Module__id__C                                    
0001e36e  ti_sysbios_knl_Task_Module__loggerDefined__C                         
0001e370  ti_sysbios_timers_rti_Timer_Module__id__C                            
0001e372  ti_sysbios_timers_rti_Timer_continueOnSuspend__C                     
0001e374  ti_sysbios_utils_Load_Module__id__C                                  
0001e376  ti_sysbios_utils_Load_Module__loggerDefined__C                       
0001e378  ti_sysbios_utils_Load_autoAddTasks__C                                
0001e37a  ti_sysbios_utils_Load_updateInIdle__C                                
0001e37c  xdc_runtime_Core_Module__id__C                                       
0001e37e  xdc_runtime_Error_Module__loggerDefined__C                           
0001e380  xdc_runtime_Error_maxDepth__C                                        
0001e382  xdc_runtime_LoggerBuf_Module__id__C                                  
0001e384  xdc_runtime_LoggerBuf_filterByLevel__C                               
0001e386  xdc_runtime_Main_Module__id__C                                       
0001e388  xdc_runtime_Main_Module__loggerDefined__C                            
0001e38a  xdc_runtime_Memory_Module__id__C                                     
0001e38c  xdc_runtime_Text_charCnt__C                                          
0001e38e  xdc_runtime_Text_isLoaded__C                                         
0001e390  xdc_runtime_Text_registryModsLastId__C                               
0001e392  xdc_runtime_Text_unnamedModsLastId__C                                
0001e398  __TI_static_base__                                                   
0001e828  __TI_Handler_Table_Base                                              
0001e834  __TI_Handler_Table_Limit                                             
0001e850  __TI_CINIT_Base                                                      
0001e870  __TI_CINIT_Limit                                                     
08000000  ti_sysbios_heaps_HeapMem_Instance_State_0_buf__A                     
08008000  xdc_runtime_LoggerBuf_Instance_State_0_entryArr__A                   
08009900  ti_sysbios_family_arm_exc_Exception_Module_State_0_excStack_0__A     
0800a900  ti_sysbios_knl_Task_Instance_State_0_stack__A                        
0800ac20  gCLI                                                                 
0800adc8  gGPIOMCB                                                             
0800af5c  __CIOBUF_                                                            
0800b07c  gMMWave_MCB                                                          
0800b17c  __TI_tmpnams                                                         
0800b21c  ti_sysbios_knl_Task_Instance_State_0_hookEnv__A                      
0800b220  gHSIHeaderMCB                                                        
0800b2b0  gEsmMCB                                                              
0800b320  gMmwDemoFlash                                                        
0800b32c  gMMWave_DualcoreMCB                                                  
0800b334  parmbuf                                                              
0800b340  tab                                                                  
0800b344  gRFLdoBypassCfg                                                      
0800b348  gCalibDataStorage                                                    
0800b7a8  gMmwMssMCB                                                           
0800bf88  gEDMA_4K_errata_check                                                
0800bf8c  edmaDbg                                                              
0800c474  rl_txMsg                                                             
0800c574  rl_rxMsg                                                             
0800c85c  gQSPIFlashHwCfg                                                      
0800c860  gCLI_mmwave_freq_scale_factor                                        
0800c868  gCLIMMWaveOpenCfg                                                    
0800c890  gCLIMMWaveExtensionTable                                             
0800c938  partInfoStringArray                                                  
0800c9f8  gCLIMMWaveControlCfg                                                 
0800cac8  ti_sysbios_family_arm_v7r_vim_Hwi_Module_State_0_dispatchTable__A    
0800ccc8  _ftable                                                              
0800cdb8  ti_sysbios_utils_Load_Module__state__V                               
0800ce50  ti_sysbios_knl_Task_Module_State_0_readyQ__A                         
0800ced0  _device                                                              
0800cf48  gCBUFFHwAttribute                                                    
0800cfc0  ti_sysbios_knl_Task_Object__table__V                                 
0800d01c  gUartSciHwCfg                                                        
0800d074  _stream                                                              
0800d0c4  gMailboxMCB                                                          
0800d114  ti_sysbios_knl_Task_Module__state__V                                 
0800d15c  SOC_TranslateAddr_LUT                                                
0800d19c  ti_sysbios_gates_GateMutex_Object__table__V                          
0800d1dc  ti_sysbios_timers_rti_Timer_Object__table__V                         
0800d218  gCBUFFInterfaceFxn                                                   
0800d250  ti_sysbios_family_arm_v7r_vim_Hwi_Module__state__V                   
0800d284  ti_sysbios_family_arm_v7r_vim_Hwi_Object__table__V                   
0800d2b0  ti_sysbios_knl_Clock_Module__state__V                                
0800d2dc  gUartSciFxnTable                                                     
0800d304  UART_config                                                          
0800d328  ti_sysbios_BIOS_Module__state__V                                     
0800d34c  xdc_runtime_LoggerBuf_Object__table__V                               
0800d370  gSOCHwAttrib                                                         
0800d390  ti_sysbios_knl_Clock_Object__table__V                                
0800d3b0  xdc_runtime_Error_IgnoreBlock                                        
0800d3d0  xdc_runtime_System_Module_State_0_atexitHandlers__A                  
0800d3f0  ti_sysbios_utils_Load_Module_State_0_taskEnv__A                      
0800d40c  ADCBuf_config                                                        
0800d424  gInterleavedTransferFxn                                              
0800d43c  gMailboxMssBssHwCfg                                                  
0800d454  gMailboxMssDssHwCfg                                                  
0800d46c  gMultipleChirpNonInterleavedTransferFxn                              
0800d484  gNonInterleavedTransferFxn                                           
0800d49c  ti_sysbios_heaps_HeapMem_Object__table__V                            
0800d4b4  ti_sysbios_timers_rti_Timer_Module_State_0_device__A                 
0800d4cc  gDPMRemoteTable                                                      
0800d4e0  ti_sysbios_family_arm_exc_Exception_Module__state__V                 
0800d4f4  gQSPIHwCfg                                                           
0800d504  __TI_ft_end                                                          
0800d508  __aeabi_stdin                                                        
0800d50c  __aeabi_stdout                                                       
0800d510  __aeabi_stderr                                                       
0800d514  ti_sysbios_timers_rti_Timer_Module_State_0_intFreqs__A               
0800d524  ti_sysbios_timers_rti_Timer_Module__state__V                         
0800d534  __TI_cleanup_ptr                                                     
0800d538  __TI_dtors_ptr                                                       
0800d53c  __TI_enable_exit_profile_output                                      
0800d540  gESMHwCfgAttrs                                                       
0800d54c  ti_sysbios_family_arm_v7a_Pmu_Module__state__V                       
0800d558  ti_sysbios_knl_Task_Module__root__V                                  
0800d564  _lock                                                                
0800d568  _unlock                                                              
0800d56c  MmwDemo_RFParserHwCfg                                                
0800d574  QSPIFlash_deviceFxnTbl_macronix                                      
0800d57c  QSPIFlash_deviceFxnTbl_spansion                                      
0800d584  gDPMHwAttrib                                                         
0800d58c  gGPIOHwAtrrib                                                        
0800d594  ti_sysbios_family_arm_v7r_vim_Hwi_Module__root__V                    
0800d59c  ti_sysbios_gates_GateHwi_Module__root__V                             
0800d5a4  ti_sysbios_gates_GateMutex_Module__root__V                           
0800d5ac  ti_sysbios_hal_Hwi_Object__table__V                                  
0800d5b4  ti_sysbios_heaps_HeapMem_Module__root__V                             
0800d5bc  ti_sysbios_knl_Queue_Module__root__V                                 
0800d5c4  ti_sysbios_knl_Semaphore_Module__root__V                             
0800d5cc  ti_sysbios_timers_rti_Timer_Module_State_0_handles__A                
0800d5d4  xdc_runtime_LoggerBuf_Module__root__V                                
0800d5dc  xdc_runtime_Registry_Module__state__V                                
0800d5e4  xdc_runtime_Startup_Module__state__V                                 
0800d5ec  xdc_runtime_System_Module__state__V                                  
0800d5f4  xdc_runtime_LoggerBuf_Module__state__V                               
0800d5fa  ti_sysbios_family_arm_exc_Exception_Module_State_0_excActive__A      
0800d600  gCRCRegister                                                         
0800d604  gDPM                                                                 
0800d608  regionId                                                             
0800d60c  gPinmuxRegs                                                          
0800d610  gQSPIDriverPtr                                                       
0800d618  errno                                                                
0800d624  main_func_sp                                                         
0800d62c  ti_sysbios_family_arm_a15_TimestampProvider_Module__state__V         
0800d630  ti_sysbios_family_arm_exc_Exception_Module_State_0_excContext__A     
0800d634  ti_sysbios_family_arm_exc_Exception_Module_State_0_excStackBuffers__A
0800d638  ti_sysbios_family_arm_exc_Exception_Module_State_0_excStack__A       
0800d63c  ti_sysbios_gates_GateHwi_Object__table__V                            
0800d640  ti_sysbios_heaps_HeapBuf_Module__state__V                            
0800d644  ti_sysbios_knl_Task_Module_State_0_idleTask__A                       
0800d648  ti_sysbios_utils_Load_Module_State_0_runningTask__A                  
0800d64c  ti_sysbios_utils_Load_Module_State_0_taskStartTime__A                
0800d650  xdc_runtime_Memory_Module__state__V                                  
0800d654  xdc_runtime_Error_Module__state__V                                   
0800d656  xdc_runtime_Main_Module__root__V                                     
0800d658  ti_sysbios_family_arm_v7r_vim_Hwi_Module_State_0_fiqStack__A         
0800de58  __stack                                                              
0800e658  __STACK_END                                                          
fffffdec  ti_sysbios_family_arm_v7r_vim_Hwi_vim                                
ffffffff  __TI_pprof_out_hndl                                                  
ffffffff  __TI_prof_data_size                                                  
ffffffff  __TI_prof_data_start                                                 
ffffffff  __binit__                                                            
ffffffff  __c_args__                                                           
ffffffff  binit                                                                
UNDEFED   SHT$$INIT_ARRAY$$Base                                                
UNDEFED   SHT$$INIT_ARRAY$$Limit                                               

[1142 symbols]
